[2026-08-25 09:42:57] drive_sync --full 시작 (기준: 2026-08-25 09:41:09)
  월 마감: dart_202607.zip 생성 중...
2026/08/25 09:48:20 ERROR : dart_202607.zip: Failed to copy: googleapi: Error 403: Quota exceeded for quota metric 'Queries' and limit 'Previous quota: Requests per minute' of service 'drive.googleapis.com' for consumer 'project_number:202264815644'.
Details:
[
  {
    "@type": "type.googleapis.com/google.rpc.ErrorInfo",
    "domain": "googleapis.com",
    "metadata": {
      "consumer": "projects/202264815644",
      "quota_limit": "defaultPerMinutePerProject",
      "quota_limit_value": "840000",
      "quota_location": "global",
      "quota_metric": "drive.googleapis.com/default",
      "quota_unit": "1/min/{project}",
      "service": "drive.googleapis.com"
    },
    "reason": "RATE_LIMIT_EXCEEDED"
  },
  {
    "@type": "type.googleapis.com/google.rpc.Help",
    "links": [
      {
        "description": "Request a higher quota limit.",
        "url": "https://cloud.google.com/docs/quotas/help/request_increase"
      }
    ]
  }
]
, rateLimitExceeded
2026/08/25 09:48:20 ERROR : Attempt 1/3 failed with 1 errors and: googleapi: Error 403: Quota exceeded for quota metric 'Queries' and limit 'Previous quota: Requests per minute' of service 'drive.googleapis.com' for consumer 'project_number:202264815644'.
Details:
[
  {
    "@type": "type.googleapis.com/google.rpc.ErrorInfo",
    "domain": "googleapis.com",
    "metadata": {
      "consumer": "projects/202264815644",
      "quota_limit": "defaultPerMinutePerProject",
      "quota_limit_value": "840000",
      "quota_location": "global",
      "quota_metric": "drive.googleapis.com/default",
      "quota_unit": "1/min/{project}",
      "service": "drive.googleapis.com"
    },
    "reason": "RATE_LIMIT_EXCEEDED"
  },
  {
    "@type": "type.googleapis.com/google.rpc.Help",
    "links": [
      {
        "description": "Request a higher quota limit.",
        "url": "https://cloud.google.com/docs/quotas/help/request_increase"
      }
    ]
  }
]
, rateLimitExceeded
2026/08/25 09:50:59 ERROR : Attempt 2/3 succeeded
2026/08/25 09:51:35 ERROR : Attempt 1/3 failed with 1 errors and: directory not found
2026/08/25 09:51:52 ERROR : Attempt 2/3 failed with 1 errors and: directory not found
2026/08/25 09:51:52 ERROR : Attempt 3/3 failed with 1 errors and: directory not found
  rclone 실패(1/5): delete gdrive:BeOn 리서치/dataScout/disclosures-raw/daily --include dart_202607*.zip — 60초 후 재시도
2026/08/25 09:52:56 ERROR : Attempt 1/3 failed with 1 errors and: directory not found
2026/08/25 09:52:56 ERROR : Attempt 2/3 failed with 1 errors and: directory not found
2026/08/25 09:52:57 ERROR : Attempt 3/3 failed with 1 errors and: directory not found
  rclone 실패(2/5): delete gdrive:BeOn 리서치/dataScout/disclosures-raw/daily --include dart_202607*.zip — 60초 후 재시도
2026/08/25 09:54:00 ERROR : Attempt 1/3 failed with 1 errors and: directory not found
2026/08/25 09:54:00 ERROR : Attempt 2/3 failed with 1 errors and: directory not found
2026/08/25 09:54:01 ERROR : Attempt 3/3 failed with 1 errors and: directory not found
  rclone 실패(3/5): delete gdrive:BeOn 리서치/dataScout/disclosures-raw/daily --include dart_202607*.zip — 60초 후 재시도
--- 8/18 이후 catch-up 실행
[2026-08-25 09:54:39] drive_sync: 이전 동기화가 아직 실행 중 — 스킵
[2026-08-25 10:05:05] drive_sync --full 시작 (기준: 2026-08-18 16:10:00)
2026/08/25 10:05:14 CRITICAL: Failed to create file system for "gdrive:BeOn 리서치/dataScout/datasets": couldn't find root directory ID: googleapi: Error 403: Quota exceeded for quota metric 'Queries' and limit 'Previous quota: Requests per minute' of service 'drive.googleapis.com' for consumer 'project_number:202264815644'.
Details:
[
  {
    "@type": "type.googleapis.com/google.rpc.ErrorInfo",
    "domain": "googleapis.com",
    "metadata": {
      "consumer": "projects/202264815644",
      "quota_limit": "defaultPerMinutePerProject",
      "quota_limit_value": "840000",
      "quota_location": "global",
      "quota_metric": "drive.googleapis.com/default",
      "quota_unit": "1/min/{project}",
      "service": "drive.googleapis.com"
    },
    "reason": "RATE_LIMIT_EXCEEDED"
  },
  {
    "@type": "type.googleapis.com/google.rpc.Help",
    "links": [
      {
        "description": "Request a higher quota limit.",
        "url": "https://cloud.google.com/docs/quotas/help/request_increase"
      }
    ]
  }
]
, rateLimitExceeded
  rclone 실패(1/5): copy /home/inhyuk/projects/dataScout/data_dart/.drive_sync_tmp/datasets gdrive:BeOn 리서치/dataScout/datasets — 60초 후 재시도
  datasets: 7개 업로드
  disclosures-index: 5일치 업로드
  disclosures-raw/daily: 6일치 zip 업로드 (532M)
  periodic: 4종목 zip 업로드 (2.1M)
[2026-08-25 10:08:38] drive_sync --full 완료 (213초)
[2026-08-25 12:33:05] drive_sync --light 시작 (기준: 2026-08-25 10:05:05)
2026/08/25 12:33:13 CRITICAL: Failed to create file system for "gdrive:BeOn 리서치/dataScout/datasets": couldn't find root directory ID: googleapi: Error 403: Quota exceeded for quota metric 'Queries' and limit 'Previous quota: Requests per minute' of service 'drive.googleapis.com' for consumer 'project_number:202264815644'.
Details:
[
  {
    "@type": "type.googleapis.com/google.rpc.ErrorInfo",
    "domain": "googleapis.com",
    "metadata": {
      "consumer": "projects/202264815644",
      "quota_limit": "defaultPerMinutePerProject",
      "quota_limit_value": "840000",
      "quota_location": "global",
      "quota_metric": "drive.googleapis.com/default",
      "quota_unit": "1/min/{project}",
      "service": "drive.googleapis.com"
    },
    "reason": "RATE_LIMIT_EXCEEDED"
  },
  {
    "@type": "type.googleapis.com/google.rpc.Help",
    "links": [
      {
        "description": "Request a higher quota limit.",
        "url": "https://cloud.google.com/docs/quotas/help/request_increase"
      }
    ]
  }
]
, rateLimitExceeded
  rclone 실패(1/5): copy /home/inhyuk/projects/dataScout/data_dart/.drive_sync_tmp/datasets gdrive:BeOn 리서치/dataScout/datasets — 60초 후 재시도
2026/08/25 12:34:22 CRITICAL: Failed to create file system for "gdrive:BeOn 리서치/dataScout/datasets": couldn't find root directory ID: googleapi: Error 403: Quota exceeded for quota metric 'Queries' and limit 'Previous quota: Requests per minute' of service 'drive.googleapis.com' for consumer 'project_number:202264815644'.
Details:
[
  {
    "@type": "type.googleapis.com/google.rpc.ErrorInfo",
    "domain": "googleapis.com",
    "metadata": {
      "consumer": "projects/202264815644",
      "quota_limit": "defaultPerMinutePerProject",
      "quota_limit_value": "840000",
      "quota_location": "global",
      "quota_metric": "drive.googleapis.com/default",
      "quota_unit": "1/min/{project}",
      "service": "drive.googleapis.com"
    },
    "reason": "RATE_LIMIT_EXCEEDED"
  },
  {
    "@type": "type.googleapis.com/google.rpc.Help",
    "links": [
      {
        "description": "Request a higher quota limit.",
        "url": "https://cloud.google.com/docs/quotas/help/request_increase"
      }
    ]
  }
]
, rateLimitExceeded
  rclone 실패(2/5): copy /home/inhyuk/projects/dataScout/data_dart/.drive_sync_tmp/datasets gdrive:BeOn 리서치/dataScout/datasets — 60초 후 재시도
  datasets: 1개 업로드
  disclosures-index: 1일치 업로드
[2026-08-25 12:35:41] drive_sync --light 완료 (156초)
[2026-08-25 16:04:32] drive_sync --light 시작 (기준: 2026-08-25 12:33:05)
  datasets: 1개 업로드
  disclosures-index: 1일치 업로드
[2026-08-25 16:04:50] drive_sync --light 완료 (18초)
