=== [1/3] 정기보고서 누락분 저장 Sun Jul 12 09:53:14 PM KST 2026
KRX 로그인 실패: KRX_ID 또는 KRX_PW 환경 변수가 설정되지 않았습니다.
2026-07-12 21:53:14,934 - INFO - Loaded 18482 closing prices from cache.
2026-07-12 21:53:15,450 - INFO - 정기보고서: 대상 24618건, 처리 예정 3746건
2026-07-12 21:53:44,624 - INFO -   50/3746 (29s, backlog 5309)
2026-07-12 21:54:14,092 - INFO -   100/3746 (59s, backlog 5323)
2026-07-12 21:54:39,229 - INFO -   150/3746 (84s, backlog 5338)
2026-07-12 21:55:07,311 - INFO -   200/3746 (112s, backlog 5352)
2026-07-12 21:55:38,651 - INFO -   250/3746 (143s, backlog 5371)
2026-07-12 21:56:07,923 - INFO -   300/3746 (172s, backlog 5382)
2026-07-12 21:56:38,981 - INFO -   350/3746 (204s, backlog 5395)
2026-07-12 21:58:41,213 - INFO -   400/3746 (326s, backlog 5407)
2026-07-12 21:59:13,295 - INFO -   450/3746 (358s, backlog 5417)
2026-07-12 21:59:42,197 - INFO -   500/3746 (387s, backlog 5426)
2026-07-12 22:00:09,461 - INFO -   550/3746 (414s, backlog 5436)
2026-07-12 22:02:09,970 - INFO -   600/3746 (535s, backlog 5444)
2026-07-12 22:02:40,696 - INFO -   650/3746 (565s, backlog 5463)
2026-07-12 22:03:10,250 - INFO -   700/3746 (595s, backlog 5473)
2026-07-12 22:03:38,530 - INFO -   750/3746 (623s, backlog 5483)
2026-07-12 22:04:04,370 - INFO -   800/3746 (649s, backlog 5498)
2026-07-12 22:04:33,425 - INFO -   850/3746 (678s, backlog 5509)
2026-07-12 22:04:58,053 - INFO -   900/3746 (703s, backlog 5524)
2026-07-12 22:05:24,518 - INFO -   950/3746 (729s, backlog 5534)
2026-07-12 22:05:50,321 - INFO -   1000/3746 (755s, backlog 5547)
2026-07-12 22:06:15,439 - INFO -   1050/3746 (780s, backlog 5559)
2026-07-12 22:06:39,838 - INFO -   1100/3746 (804s, backlog 5568)
2026-07-12 22:07:05,286 - INFO -   1150/3746 (830s, backlog 5584)
2026-07-12 22:09:07,828 - INFO -   1200/3746 (952s, backlog 5594)
2026-07-12 22:09:34,761 - INFO -   1250/3746 (979s, backlog 5606)

[KEY ROTATION] Rotated to DART API key index 1: 9b00ca...

2026-07-12 22:10:03,518 - INFO -   1300/3746 (1008s, backlog 5617)
2026-07-12 22:10:36,285 - INFO -   1350/3746 (1041s, backlog 5630)
2026-07-12 22:11:06,044 - INFO -   1400/3746 (1071s, backlog 5651)
2026-07-12 22:11:36,017 - INFO -   1450/3746 (1101s, backlog 5666)
2026-07-12 22:12:02,086 - INFO -   1500/3746 (1127s, backlog 5684)
2026-07-12 22:12:30,002 - INFO -   1550/3746 (1155s, backlog 5697)
2026-07-12 22:12:58,084 - INFO -   1600/3746 (1183s, backlog 5710)
2026-07-12 22:13:29,384 - INFO -   1650/3746 (1214s, backlog 5722)
2026-07-12 22:13:59,121 - INFO -   1700/3746 (1244s, backlog 5733)
2026-07-12 22:14:25,834 - INFO -   1750/3746 (1270s, backlog 5743)
2026-07-12 22:14:54,735 - INFO -   1800/3746 (1299s, backlog 5757)
2026-07-12 22:15:24,242 - INFO -   1850/3746 (1329s, backlog 5777)
2026-07-12 22:15:50,177 - INFO -   1900/3746 (1355s, backlog 5791)
2026-07-12 22:16:14,814 - INFO -   1950/3746 (1379s, backlog 5801)
2026-07-12 22:16:41,797 - INFO -   2000/3746 (1406s, backlog 5809)
2026-07-12 22:17:07,047 - INFO -   2050/3746 (1432s, backlog 5819)
2026-07-12 22:17:35,977 - INFO -   2100/3746 (1461s, backlog 5824)
2026-07-12 22:18:06,115 - INFO -   2150/3746 (1491s, backlog 5834)
2026-07-12 22:18:32,083 - INFO -   2200/3746 (1517s, backlog 5844)
2026-07-12 22:18:59,408 - INFO -   2250/3746 (1544s, backlog 5860)
2026-07-12 22:19:26,146 - INFO -   2300/3746 (1571s, backlog 5869)
2026-07-12 22:19:52,035 - INFO -   2350/3746 (1597s, backlog 5884)
2026-07-12 22:21:52,271 - INFO -   2400/3746 (1717s, backlog 5895)
2026-07-12 22:22:19,906 - INFO -   2450/3746 (1744s, backlog 5912)
2026-07-12 22:22:48,325 - INFO -   2500/3746 (1773s, backlog 5922)
2026-07-12 22:23:12,488 - INFO -   2550/3746 (1797s, backlog 5943)
2026-07-12 22:25:09,527 - INFO -   2600/3746 (1914s, backlog 5954)
2026-07-12 22:25:33,250 - INFO -   2650/3746 (1938s, backlog 5968)
2026-07-12 22:25:57,399 - INFO -   2700/3746 (1962s, backlog 5979)
2026-07-12 22:26:25,690 - INFO -   2750/3746 (1990s, backlog 5991)
2026-07-12 22:27:05,270 - INFO -   2800/3746 (2030s, backlog 6000)
2026-07-12 22:29:18,886 - INFO -   2850/3746 (2163s, backlog 6011)
2026-07-12 22:31:28,849 - INFO -   2900/3746 (2293s, backlog 6025)
2026-07-12 22:32:02,776 - INFO -   2950/3746 (2327s, backlog 6036)
2026-07-12 22:32:31,312 - INFO -   3000/3746 (2356s, backlog 6047)
2026-07-12 22:33:02,927 - INFO -   3050/3746 (2387s, backlog 6055)
2026-07-12 22:35:03,598 - INFO -   3100/3746 (2508s, backlog 6070)
2026-07-12 22:35:34,518 - INFO -   3150/3746 (2539s, backlog 6084)
2026-07-12 22:37:33,114 - INFO -   3200/3746 (2658s, backlog 6095)
2026-07-12 22:37:55,906 - INFO -   3250/3746 (2680s, backlog 6110)
2026-07-12 22:38:19,208 - INFO -   3300/3746 (2704s, backlog 6130)
2026-07-12 22:38:42,701 - INFO -   3350/3746 (2727s, backlog 6147)
2026-07-12 22:40:37,680 - INFO -   3400/3746 (2842s, backlog 6156)
2026-07-12 22:42:38,747 - INFO -   3450/3746 (2963s, backlog 6166)
2026-07-12 22:43:11,548 - INFO -   3500/3746 (2996s, backlog 6178)
2026-07-12 22:43:42,077 - INFO -   3550/3746 (3027s, backlog 6190)
2026-07-12 22:44:10,914 - INFO -   3600/3746 (3055s, backlog 6200)
2026-07-12 22:44:39,910 - INFO -   3650/3746 (3084s, backlog 6217)
2026-07-12 22:45:07,838 - INFO -   3700/3746 (3112s, backlog 6225)
2026-07-12 22:45:34,671 - INFO - 완료: 3746건 처리, 수주잔고 6239건 — 3139s
=== [2/3] 실적 증분 수집 Sun Jul 12 10:45:34 PM KST 2026
KRX 로그인 실패: KRX_ID 또는 KRX_PW 환경 변수가 설정되지 않았습니다.
2026-07-12 22:45:35,238 - INFO - Loaded 18482 closing prices from cache.
2026-07-12 22:45:35,773 - INFO - 잠정실적: 전체 5385건, 신규 370건

[KEY ROTATION] Rotated to DART API key index 1: 9b00ca...

2026-07-12 22:46:29,909 - INFO -   100/370
2026-07-12 22:47:24,105 - INFO -   200/370
2026-07-12 22:48:18,114 - INFO -   300/370
2026-07-12 22:49:52,111 - INFO - 잠정실적 캐시: 5385건 (파싱 성공 5375) — 신규 370
KRX 로그인 실패: KRX_ID 또는 KRX_PW 환경 변수가 설정되지 않았습니다.
2026-07-12 22:49:52,634 - INFO - Loaded 18482 closing prices from cache.
2026-07-12 22:49:53,059 - INFO - 확정실적: 상장사 2767개

[KEY ROTATION] Rotated to DART API key index 1: 9b00ca...

2026-07-12 22:50:04,829 - INFO -   2026 1Q 수집 완료
2026-07-12 22:50:08,494 - INFO -   2026 반기 수집 완료
2026-07-12 22:50:12,548 - INFO -   2026 3Q 수집 완료
2026-07-12 22:50:16,574 - INFO -   2026 연간 수집 완료
2026-07-12 22:50:16,689 - INFO - 확정실적 캐시 항목: 79744 — 신규 0
=== [3/3] 실적 엑셀 빌드·업로드 Sun Jul 12 10:50:16 PM KST 2026
KRX 로그인 실패: KRX_ID 또는 KRX_PW 환경 변수가 설정되지 않았습니다.
2026-07-12 22:50:17,162 - INFO - Loaded 18482 closing prices from cache.
2026-07-12 22:50:22,604 - INFO - Excel saved: /home/inhyuk/projects/dataScout/data_dart/quarterly_earnings.xlsx (잠정 5375, 확정 22574, 수주 48836)
2026-07-12 22:50:28,660 - INFO - Telegram upload OK
=== RECOVERY DONE Sun Jul 12 10:50:28 PM KST 2026
