2026-08-24 22:00:01,782 - INFO - 2026-08-24: 전체 451건 / 5페이지 수집 시작
2026-08-24 22:00:03,940 - INFO - 2026-08-24: 451건 수집 (공시 총계 451)
2026-08-24 22:00:03,953 - INFO - 20260824: 원문 451건 다운로드 예정 (이미 저장 0건)
2026-08-24 22:00:49,893 - INFO -   원문 100/451 (성공 100 ㆍ 본문없음·실패 0)
2026-08-24 22:01:31,680 - INFO -   원문 200/451 (성공 200 ㆍ 본문없음·실패 0)
2026-08-24 22:02:12,934 - INFO -   원문 300/451 (성공 300 ㆍ 본문없음·실패 0)
2026-08-24 22:02:55,193 - INFO -   원문 400/451 (성공 400 ㆍ 본문없음·실패 0)
2026-08-24 22:03:16,288 - INFO -   원문 451/451 (성공 451 ㆍ 본문없음·실패 0)
2026-08-24 22:03:16,538 - INFO - 20260824: 원문 다운로드 완료 — 성공 451 / 미확보 0
2026-08-24 22:03:16,979 - INFO - HTML 생성: /home/inhyuk/projects/dataScout/data_krx/krx_daily_report_20260824.html (719KB, 451건)
2026-08-24 22:03:19,928 - INFO - Telegram upload OK
2026-08-25 22:00:01,387 - INFO - 2026-08-25: 전체 471건 / 5페이지 수집 시작
2026-08-25 22:00:03,256 - INFO - 2026-08-25: 471건 수집 (공시 총계 471)
2026-08-25 22:00:03,270 - INFO - 20260825: 원문 471건 다운로드 예정 (이미 저장 0건)
2026-08-25 22:00:45,872 - INFO -   원문 100/471 (성공 100 ㆍ 본문없음·실패 0)
2026-08-25 22:01:28,434 - INFO -   원문 200/471 (성공 200 ㆍ 본문없음·실패 0)
2026-08-25 22:02:10,536 - INFO -   원문 300/471 (성공 300 ㆍ 본문없음·실패 0)
2026-08-25 22:02:57,733 - INFO -   원문 400/471 (성공 400 ㆍ 본문없음·실패 0)
2026-08-25 22:03:28,962 - INFO -   원문 471/471 (성공 471 ㆍ 본문없음·실패 0)
2026-08-25 22:03:29,212 - INFO - 20260825: 원문 다운로드 완료 — 성공 471 / 미확보 0
2026-08-25 22:03:29,673 - INFO - HTML 생성: /home/inhyuk/projects/dataScout/data_krx/krx_daily_report_20260825.html (738KB, 471건)
2026-08-25 22:03:33,102 - INFO - Telegram upload OK
2026-08-26 22:00:01,999 - INFO - 2026-08-26: 전체 494건 / 5페이지 수집 시작
2026-08-26 22:00:03,894 - INFO - 2026-08-26: 494건 수집 (공시 총계 494)
2026-08-26 22:00:03,910 - INFO - 20260826: 원문 494건 다운로드 예정 (이미 저장 0건)
2026-08-26 22:00:45,133 - INFO -   원문 100/494 (성공 100 ㆍ 본문없음·실패 0)
2026-08-26 22:01:27,674 - INFO -   원문 200/494 (성공 200 ㆍ 본문없음·실패 0)
2026-08-26 22:02:12,605 - INFO -   원문 300/494 (성공 300 ㆍ 본문없음·실패 0)
2026-08-26 22:02:55,921 - INFO -   원문 400/494 (성공 400 ㆍ 본문없음·실패 0)
2026-08-26 22:03:33,827 - INFO -   원문 494/494 (성공 494 ㆍ 본문없음·실패 0)
2026-08-26 22:03:34,077 - INFO - 20260826: 원문 다운로드 완료 — 성공 494 / 미확보 0
2026-08-26 22:03:34,519 - INFO - HTML 생성: /home/inhyuk/projects/dataScout/data_krx/krx_daily_report_20260826.html (694KB, 494건)
2026-08-26 22:03:37,393 - INFO - Telegram upload OK
2026-08-27 22:00:01,425 - INFO - 2026-08-27: 전체 458건 / 5페이지 수집 시작
2026-08-27 22:00:03,398 - INFO - 2026-08-27: 458건 수집 (공시 총계 458)
2026-08-27 22:00:03,410 - INFO - 20260827: 원문 458건 다운로드 예정 (이미 저장 0건)
2026-08-27 22:01:00,864 - INFO -   원문 100/458 (성공 100 ㆍ 본문없음·실패 0)
2026-08-27 22:02:00,967 - INFO -   원문 200/458 (성공 200 ㆍ 본문없음·실패 0)
2026-08-27 22:02:42,029 - INFO -   원문 300/458 (성공 300 ㆍ 본문없음·실패 0)
2026-08-27 22:03:19,567 - INFO -   원문 400/458 (성공 400 ㆍ 본문없음·실패 0)
2026-08-27 22:03:41,510 - INFO -   원문 458/458 (성공 458 ㆍ 본문없음·실패 0)
2026-08-27 22:03:41,760 - INFO - 20260827: 원문 다운로드 완료 — 성공 458 / 미확보 0
2026-08-27 22:03:42,196 - INFO - HTML 생성: /home/inhyuk/projects/dataScout/data_krx/krx_daily_report_20260827.html (716KB, 458건)
2026-08-27 22:03:44,998 - INFO - Telegram upload OK
2026-08-28 22:00:01,580 - INFO - 2026-08-28: 전체 634건 / 7페이지 수집 시작
2026-08-28 22:00:04,406 - INFO - 2026-08-28: 634건 수집 (공시 총계 634)
2026-08-28 22:00:04,433 - INFO - 20260828: 원문 634건 다운로드 예정 (이미 저장 0건)
2026-08-28 22:01:04,825 - INFO -   원문 100/634 (성공 100 ㆍ 본문없음·실패 0)
2026-08-28 22:02:14,549 - INFO -   원문 200/634 (성공 200 ㆍ 본문없음·실패 0)
2026-08-28 22:03:19,072 - INFO -   원문 300/634 (성공 300 ㆍ 본문없음·실패 0)
2026-08-28 22:04:20,567 - INFO -   원문 400/634 (성공 400 ㆍ 본문없음·실패 0)
2026-08-28 22:05:23,118 - INFO -   원문 500/634 (성공 500 ㆍ 본문없음·실패 0)
2026-08-28 22:06:29,138 - INFO -   원문 600/634 (성공 600 ㆍ 본문없음·실패 0)
2026-08-28 22:06:53,900 - INFO -   원문 634/634 (성공 634 ㆍ 본문없음·실패 0)
2026-08-28 22:06:54,150 - INFO - 20260828: 원문 다운로드 완료 — 성공 634 / 미확보 0
2026-08-28 22:06:54,561 - INFO - HTML 생성: /home/inhyuk/projects/dataScout/data_krx/krx_daily_report_20260828.html (748KB, 634건)
2026-08-28 22:06:57,590 - INFO - Telegram upload OK
2026-08-29 09:10:02,497 - INFO - 주간 HTML 생성: /home/inhyuk/projects/dataScout/data_krx/krx_weekly_report_20260829.html (1648KB, 415건)
2026-08-29 09:10:05,894 - INFO - Telegram upload OK
2026-08-31 22:00:02,150 - INFO - 2026-08-31: 전체 591건 / 6페이지 수집 시작
2026-08-31 22:00:04,392 - INFO - 2026-08-31: 591건 수집 (공시 총계 591)
2026-08-31 22:00:05,572 - INFO - 상장법인목록 갱신: 2,702사
2026-08-31 22:00:05,580 - INFO - 20260831: 원문 591건 다운로드 예정 (이미 저장 0건)
2026-08-31 22:00:45,685 - INFO -   원문 100/591 (성공 100 ㆍ 본문없음·실패 0)
2026-08-31 22:01:25,597 - INFO -   원문 200/591 (성공 200 ㆍ 본문없음·실패 0)
2026-08-31 22:02:03,856 - INFO -   원문 300/591 (성공 300 ㆍ 본문없음·실패 0)
2026-08-31 22:02:42,480 - INFO -   원문 400/591 (성공 400 ㆍ 본문없음·실패 0)
2026-08-31 22:03:23,315 - INFO -   원문 500/591 (성공 500 ㆍ 본문없음·실패 0)
2026-08-31 22:03:58,174 - INFO -   원문 591/591 (성공 591 ㆍ 본문없음·실패 0)
2026-08-31 22:03:58,425 - INFO - 20260831: 원문 다운로드 완료 — 성공 591 / 미확보 0
2026-08-31 22:03:58,956 - INFO - HTML 생성: /home/inhyuk/projects/dataScout/data_krx/krx_daily_report_20260831.html (744KB, 591건)
2026-08-31 22:04:02,170 - INFO - Telegram upload OK
2026-09-01 22:00:01,948 - INFO - 2026-09-01: 전체 505건 / 6페이지 수집 시작
2026-09-01 22:00:04,138 - INFO - 2026-09-01: 505건 수집 (공시 총계 505)
2026-09-01 22:00:04,151 - INFO - 20260901: 원문 505건 다운로드 예정 (이미 저장 0건)
2026-09-01 22:00:45,310 - INFO -   원문 100/505 (성공 100 ㆍ 본문없음·실패 0)
2026-09-01 22:01:27,925 - INFO -   원문 200/505 (성공 200 ㆍ 본문없음·실패 0)
2026-09-01 22:02:08,531 - INFO -   원문 300/505 (성공 300 ㆍ 본문없음·실패 0)
2026-09-01 22:02:46,137 - INFO -   원문 400/505 (성공 400 ㆍ 본문없음·실패 0)
2026-09-01 22:03:34,837 - INFO -   원문 500/505 (성공 500 ㆍ 본문없음·실패 0)
2026-09-01 22:03:37,024 - INFO -   원문 505/505 (성공 505 ㆍ 본문없음·실패 0)
2026-09-01 22:03:37,274 - INFO - 20260901: 원문 다운로드 완료 — 성공 505 / 미확보 0
2026-09-01 22:03:37,720 - INFO - HTML 생성: /home/inhyuk/projects/dataScout/data_krx/krx_daily_report_20260901.html (718KB, 505건)
2026-09-01 22:03:40,505 - INFO - Telegram upload OK
2026-09-02 22:00:01,497 - INFO - 2026-09-02: 전체 453건 / 5페이지 수집 시작
2026-09-02 22:00:03,301 - INFO - 2026-09-02: 453건 수집 (공시 총계 453)
2026-09-02 22:00:03,313 - INFO - 20260902: 원문 453건 다운로드 예정 (이미 저장 0건)
2026-09-02 22:00:47,028 - INFO -   원문 100/453 (성공 100 ㆍ 본문없음·실패 0)
2026-09-02 22:01:27,373 - INFO -   원문 200/453 (성공 200 ㆍ 본문없음·실패 0)
2026-09-02 22:02:12,056 - INFO -   원문 300/453 (성공 300 ㆍ 본문없음·실패 0)
2026-09-02 22:02:53,715 - INFO -   원문 400/453 (성공 400 ㆍ 본문없음·실패 0)
2026-09-02 22:03:13,913 - INFO -   원문 453/453 (성공 453 ㆍ 본문없음·실패 0)
2026-09-02 22:03:14,163 - INFO - 20260902: 원문 다운로드 완료 — 성공 453 / 미확보 0
2026-09-02 22:03:14,482 - INFO - HTML 생성: /home/inhyuk/projects/dataScout/data_krx/krx_daily_report_20260902.html (608KB, 453건)
2026-09-02 22:03:18,479 - INFO - Telegram upload OK
2026-09-03 22:00:01,646 - INFO - 2026-09-03: 전체 408건 / 5페이지 수집 시작
2026-09-03 22:00:03,367 - INFO - 2026-09-03: 408건 수집 (공시 총계 408)
2026-09-03 22:00:03,387 - INFO - 20260903: 원문 408건 다운로드 예정 (이미 저장 0건)
2026-09-03 22:00:43,374 - INFO -   원문 100/408 (성공 100 ㆍ 본문없음·실패 0)
2026-09-03 22:01:23,442 - INFO -   원문 200/408 (성공 200 ㆍ 본문없음·실패 0)
2026-09-03 22:02:01,835 - INFO -   원문 300/408 (성공 300 ㆍ 본문없음·실패 0)
2026-09-03 22:02:41,643 - INFO -   원문 400/408 (성공 400 ㆍ 본문없음·실패 0)
2026-09-03 22:02:45,131 - INFO -   원문 408/408 (성공 408 ㆍ 본문없음·실패 0)
2026-09-03 22:02:45,381 - INFO - 20260903: 원문 다운로드 완료 — 성공 408 / 미확보 0
2026-09-03 22:02:45,742 - INFO - HTML 생성: /home/inhyuk/projects/dataScout/data_krx/krx_daily_report_20260903.html (563KB, 408건)
2026-09-03 22:02:48,724 - INFO - Telegram upload OK
2026-09-04 22:00:02,372 - INFO - 2026-09-04: 전체 548건 / 6페이지 수집 시작
2026-09-04 22:00:04,432 - INFO - 2026-09-04: 548건 수집 (공시 총계 548)
2026-09-04 22:00:04,459 - INFO - 20260904: 원문 548건 다운로드 예정 (이미 저장 0건)
2026-09-04 22:00:46,500 - INFO -   원문 100/548 (성공 100 ㆍ 본문없음·실패 0)
2026-09-04 22:01:29,205 - INFO -   원문 200/548 (성공 200 ㆍ 본문없음·실패 0)
2026-09-04 22:02:12,896 - INFO -   원문 300/548 (성공 300 ㆍ 본문없음·실패 0)
2026-09-04 22:03:00,150 - INFO -   원문 400/548 (성공 400 ㆍ 본문없음·실패 0)
2026-09-04 22:03:44,260 - INFO -   원문 500/548 (성공 500 ㆍ 본문없음·실패 0)
2026-09-04 22:04:05,595 - INFO -   원문 548/548 (성공 548 ㆍ 본문없음·실패 0)
2026-09-04 22:04:05,845 - INFO - 20260904: 원문 다운로드 완료 — 성공 548 / 미확보 0
2026-09-04 22:04:06,207 - INFO - HTML 생성: /home/inhyuk/projects/dataScout/data_krx/krx_daily_report_20260904.html (586KB, 548건)
2026-09-04 22:04:09,150 - INFO - Telegram upload OK
2026-09-05 09:10:02,107 - INFO - 주간 HTML 생성: /home/inhyuk/projects/dataScout/data_krx/krx_weekly_report_20260905.html (1336KB, 364건)
2026-09-05 09:10:05,424 - INFO - Telegram upload OK
2026-09-07 22:00:01,492 - INFO - 2026-09-07: 전체 415건 / 5페이지 수집 시작
2026-09-07 22:00:03,342 - INFO - 2026-09-07: 415건 수집 (공시 총계 415)
2026-09-07 22:00:04,400 - INFO - 상장법인목록 갱신: 2,701사
2026-09-07 22:00:04,406 - INFO - 20260907: 원문 415건 다운로드 예정 (이미 저장 0건)
2026-09-07 22:00:51,175 - INFO -   원문 100/415 (성공 100 ㆍ 본문없음·실패 0)
2026-09-07 22:01:36,547 - INFO -   원문 200/415 (성공 200 ㆍ 본문없음·실패 0)
2026-09-07 22:02:19,027 - INFO -   원문 300/415 (성공 300 ㆍ 본문없음·실패 0)
2026-09-07 22:03:07,960 - INFO -   원문 400/415 (성공 400 ㆍ 본문없음·실패 0)
2026-09-07 22:03:13,766 - INFO -   원문 415/415 (성공 415 ㆍ 본문없음·실패 0)
2026-09-07 22:03:14,016 - INFO - 20260907: 원문 다운로드 완료 — 성공 415 / 미확보 0
2026-09-07 22:03:14,391 - INFO - HTML 생성: /home/inhyuk/projects/dataScout/data_krx/krx_daily_report_20260907.html (646KB, 415건)
2026-09-07 22:03:17,752 - INFO - Telegram upload OK
2026-09-08 22:00:02,132 - INFO - 2026-09-08: 전체 421건 / 5페이지 수집 시작
2026-09-08 22:00:03,932 - INFO - 2026-09-08: 421건 수집 (공시 총계 421)
2026-09-08 22:00:03,954 - INFO - 20260908: 원문 421건 다운로드 예정 (이미 저장 0건)
2026-09-08 22:00:46,773 - INFO -   원문 100/421 (성공 100 ㆍ 본문없음·실패 0)
2026-09-08 22:01:32,613 - INFO -   원문 200/421 (성공 200 ㆍ 본문없음·실패 0)
2026-09-08 22:02:14,953 - INFO -   원문 300/421 (성공 300 ㆍ 본문없음·실패 0)
2026-09-08 22:03:00,942 - INFO -   원문 400/421 (성공 400 ㆍ 본문없음·실패 0)
2026-09-08 22:03:09,573 - INFO -   원문 421/421 (성공 421 ㆍ 본문없음·실패 0)
2026-09-08 22:03:09,823 - INFO - 20260908: 원문 다운로드 완료 — 성공 421 / 미확보 0
2026-09-08 22:03:10,228 - INFO - HTML 생성: /home/inhyuk/projects/dataScout/data_krx/krx_daily_report_20260908.html (620KB, 421건)
2026-09-08 22:03:13,179 - INFO - Telegram upload OK
2026-09-09 22:00:01,448 - INFO - 2026-09-09: 전체 467건 / 5페이지 수집 시작
2026-09-09 22:00:03,083 - INFO - 2026-09-09: 467건 수집 (공시 총계 467)
2026-09-09 22:00:03,104 - INFO - 20260909: 원문 467건 다운로드 예정 (이미 저장 0건)
2026-09-09 22:00:53,888 - INFO -   원문 100/467 (성공 100 ㆍ 본문없음·실패 0)
2026-09-09 22:01:38,734 - INFO -   원문 200/467 (성공 200 ㆍ 본문없음·실패 0)
2026-09-09 22:02:22,587 - INFO -   원문 300/467 (성공 300 ㆍ 본문없음·실패 0)
2026-09-09 22:03:04,675 - INFO -   원문 400/467 (성공 400 ㆍ 본문없음·실패 0)
2026-09-09 22:03:31,788 - INFO -   원문 467/467 (성공 467 ㆍ 본문없음·실패 0)
2026-09-09 22:03:32,039 - INFO - 20260909: 원문 다운로드 완료 — 성공 467 / 미확보 0
2026-09-09 22:03:32,444 - INFO - HTML 생성: /home/inhyuk/projects/dataScout/data_krx/krx_daily_report_20260909.html (641KB, 467건)
2026-09-09 22:03:35,133 - INFO - Telegram upload OK
2026-09-10 22:00:01,487 - INFO - 2026-09-10: 전체 496건 / 5페이지 수집 시작
2026-09-10 22:00:03,214 - INFO - 2026-09-10: 496건 수집 (공시 총계 496)
2026-09-10 22:00:03,236 - INFO - 20260910: 원문 496건 다운로드 예정 (이미 저장 0건)
2026-09-10 22:00:45,771 - INFO -   원문 100/496 (성공 100 ㆍ 본문없음·실패 0)
2026-09-10 22:01:39,370 - INFO -   원문 200/496 (성공 200 ㆍ 본문없음·실패 0)
2026-09-10 22:02:42,929 - INFO -   원문 300/496 (성공 300 ㆍ 본문없음·실패 0)
2026-09-10 22:04:03,082 - INFO -   원문 400/496 (성공 400 ㆍ 본문없음·실패 0)
2026-09-10 22:05:17,424 - INFO -   원문 496/496 (성공 496 ㆍ 본문없음·실패 0)
2026-09-10 22:05:17,675 - INFO - 20260910: 원문 다운로드 완료 — 성공 496 / 미확보 0
2026-09-10 22:05:18,064 - INFO - HTML 생성: /home/inhyuk/projects/dataScout/data_krx/krx_daily_report_20260910.html (661KB, 496건)
2026-09-10 22:05:21,094 - INFO - Telegram upload OK
2026-09-11 22:00:02,270 - INFO - 2026-09-11: 전체 515건 / 6페이지 수집 시작
2026-09-11 22:00:04,464 - INFO - 2026-09-11: 515건 수집 (공시 총계 515)
2026-09-11 22:00:04,489 - INFO - 20260911: 원문 515건 다운로드 예정 (이미 저장 0건)
2026-09-11 22:00:49,236 - INFO -   원문 100/515 (성공 100 ㆍ 본문없음·실패 0)
2026-09-11 22:01:34,002 - INFO -   원문 200/515 (성공 200 ㆍ 본문없음·실패 0)
2026-09-11 22:02:21,176 - INFO -   원문 300/515 (성공 300 ㆍ 본문없음·실패 0)
2026-09-11 22:03:06,965 - INFO -   원문 400/515 (성공 400 ㆍ 본문없음·실패 0)
2026-09-11 22:04:01,287 - INFO -   원문 500/515 (성공 500 ㆍ 본문없음·실패 0)
2026-09-11 22:04:08,372 - INFO -   원문 515/515 (성공 515 ㆍ 본문없음·실패 0)
2026-09-11 22:04:08,622 - INFO - 20260911: 원문 다운로드 완료 — 성공 515 / 미확보 0
2026-09-11 22:04:09,004 - INFO - HTML 생성: /home/inhyuk/projects/dataScout/data_krx/krx_daily_report_20260911.html (622KB, 515건)
2026-09-11 22:04:11,841 - INFO - Telegram upload OK
2026-09-12 09:10:02,083 - INFO - 주간 HTML 생성: /home/inhyuk/projects/dataScout/data_krx/krx_weekly_report_20260912.html (1504KB, 382건)
2026-09-12 09:10:05,561 - INFO - Telegram upload OK
2026-09-14 22:00:01,467 - INFO - 2026-09-14: 전체 471건 / 5페이지 수집 시작
2026-09-14 22:00:03,612 - INFO - 2026-09-14: 471건 수집 (공시 총계 471)
2026-09-14 22:00:05,218 - INFO - 상장법인목록 갱신: 2,699사
2026-09-14 22:00:05,225 - INFO - 20260914: 원문 471건 다운로드 예정 (이미 저장 0건)
2026-09-14 22:01:07,807 - INFO -   원문 100/471 (성공 100 ㆍ 본문없음·실패 0)
2026-09-14 22:02:11,192 - INFO -   원문 200/471 (성공 200 ㆍ 본문없음·실패 0)
2026-09-14 22:03:15,095 - INFO -   원문 300/471 (성공 300 ㆍ 본문없음·실패 0)
2026-09-14 22:04:15,997 - INFO -   원문 400/471 (성공 400 ㆍ 본문없음·실패 0)
2026-09-14 22:05:05,525 - INFO -   원문 471/471 (성공 471 ㆍ 본문없음·실패 0)
2026-09-14 22:05:05,775 - INFO - 20260914: 원문 다운로드 완료 — 성공 471 / 미확보 0
2026-09-14 22:05:06,152 - INFO - HTML 생성: /home/inhyuk/projects/dataScout/data_krx/krx_daily_report_20260914.html (637KB, 471건)
2026-09-14 22:05:08,968 - INFO - Telegram upload OK
2026-09-15 22:00:01,593 - INFO - 2026-09-15: 전체 436건 / 5페이지 수집 시작
2026-09-15 22:00:04,057 - INFO - 2026-09-15: 436건 수집 (공시 총계 436)
2026-09-15 22:00:04,071 - INFO - 20260915: 원문 436건 다운로드 예정 (이미 저장 0건)
2026-09-15 22:01:17,902 - INFO -   원문 100/436 (성공 100 ㆍ 본문없음·실패 0)
2026-09-15 22:02:20,610 - INFO -   원문 200/436 (성공 200 ㆍ 본문없음·실패 0)
2026-09-15 22:03:18,500 - INFO -   원문 300/436 (성공 300 ㆍ 본문없음·실패 0)
2026-09-15 22:04:15,966 - INFO -   원문 400/436 (성공 400 ㆍ 본문없음·실패 0)
2026-09-15 22:04:30,665 - INFO -   원문 436/436 (성공 436 ㆍ 본문없음·실패 0)
2026-09-15 22:04:30,915 - INFO - 20260915: 원문 다운로드 완료 — 성공 436 / 미확보 0
2026-09-15 22:04:31,328 - INFO - HTML 생성: /home/inhyuk/projects/dataScout/data_krx/krx_daily_report_20260915.html (621KB, 436건)
2026-09-15 22:04:34,133 - INFO - Telegram upload OK
