2026-07-06 17:35:02,207 - INFO - Market group: CN (중화권 마감 지수)
2026-07-06 17:35:02,208 - INFO - Total indicators: 6
2026-07-06 17:35:02,208 - INFO - Downloading data for 6 indicators (period=6mo)...
2026-07-06 17:35:02,991 - INFO - Downloaded 124 days of data, 6 tickers
2026-07-06 17:35:02,992 - INFO - Computed returns for 5 indicators
2026-07-06 17:35:03,226 - INFO - Heatmap saved: /home/inhyuk/projects/dataScout/data_us/indicator_charts/heatmap_20260706_cn.png
2026-07-06 17:35:03,716 - INFO - Category chart saved: /home/inhyuk/projects/dataScout/data_us/indicator_charts/chart_20260706_중화권_지수.png
2026-07-06 17:35:03,716 - INFO - Sending heatmap to Telegram...
2026-07-06 17:35:06,466 - INFO - Heatmap: sent
2026-07-06 17:35:07,467 - INFO - Sending 중화권 지수...
2026-07-06 17:35:10,807 - INFO -   중화권 지수 sent.

======================================================================
중화권 마감 지수 Summary (20260706)
======================================================================
  000001.SS     4,041.24  1D:  -0.1%  1W:  -0.8%  1M:  -0.4%  3M:  +3.0%  YTD:  -1.0%  | 3개월 횡보 구간.
  3032.HK           4.53  1D:  +0.9%  1W:  +6.7%  1M: -10.3%  3M:  -4.0%  YTD: -21.8%  | 3개월 횡보 구간. 반등 시도 중.
  399001.SZ    15,416.80  1D:  -1.2%  1W:  -2.5%  1M:  -1.6%  3M: +12.3%  YTD:  +9.9%  | 3개월 +12% 상승 추세.
  ^HSI         23,616.32  1D:  +1.1%  1W:  +4.2%  1M:  -7.9%  3M:  -5.0%  YTD: -11.6%  | 3개월 횡보 구간. 반등 시도 중.
  ^TWII        46,556.39  1D:  -0.5%  1W:  +3.5%  1M:  +1.9%  3M: +46.8%  YTD: +52.3%  | 3개월 +47% 급등세.
======================================================================
2026-07-07 17:35:02,440 - INFO - Market group: CN (중화권 마감 지수)
2026-07-07 17:35:02,448 - INFO - Total indicators: 6
2026-07-07 17:35:02,448 - INFO - Downloading data for 6 indicators (period=6mo)...
2026-07-07 17:35:03,303 - INFO - Downloaded 124 days of data, 6 tickers
2026-07-07 17:35:03,304 - INFO - Computed returns for 5 indicators
2026-07-07 17:35:03,535 - INFO - Heatmap saved: /home/inhyuk/projects/dataScout/data_us/indicator_charts/heatmap_20260707_cn.png
2026-07-07 17:35:04,043 - INFO - Category chart saved: /home/inhyuk/projects/dataScout/data_us/indicator_charts/chart_20260707_중화권_지수.png
2026-07-07 17:35:04,043 - INFO - Sending heatmap to Telegram...
2026-07-07 17:35:11,699 - INFO - Heatmap: sent
2026-07-07 17:35:12,699 - INFO - Sending 중화권 지수...
2026-07-07 17:35:16,130 - INFO -   중화권 지수 sent.

======================================================================
중화권 마감 지수 Summary (20260707)
======================================================================
  000001.SS     3,990.24  1D:  -1.3%  1W:  -2.5%  1M:  -0.9%  3M:  +2.5%  YTD:  -2.3%  | 3개월 횡보 구간.
  3032.HK           4.50  1D:  -0.7%  1W:  +2.8%  1M:  -9.5%  3M:  -5.4%  YTD: -21.3%  | 3개월 -5% 하락 추세. 반등 시도 중.
  399001.SZ    15,225.11  1D:  -1.2%  1W:  -6.1%  1M:  -0.6%  3M: +13.0%  YTD:  +8.5%  | 3개월 +13% 상승 추세. 1주 -6.1% 급락.
  ^HSI         23,496.89  1D:  -0.5%  1W:  +2.0%  1M:  -7.0%  3M:  -5.8%  YTD: -11.2%  | 3개월 -6% 하락 추세. 반등 시도 중.
  ^TWII        45,479.11  1D:  -2.3%  1W:  -1.4%  1M:  +0.9%  3M: +37.1%  YTD: +49.4%  | 3개월 +37% 급등세. 금일 -2.3% 하락.
======================================================================
