2026-06-20 08:00:02,507 - INFO - Loading environment variables from .env file...
2026-06-20 08:00:02,507 - INFO - Starting Daily US Market Monitor...
2026-06-20 08:00:02,507 - INFO - Fetching S&P 500 stock list from FinanceDataReader...
2026-06-20 08:00:02,954 - INFO - Downloading daily price data for 503 stocks using yfinance...
2026-06-20 08:00:06,660 - ERROR - $BFB: possibly delisted; no price data found  (period=2d) (Yahoo error = "No data found, symbol may be delisted")
2026-06-20 08:00:08,538 - ERROR - $BRKB: possibly delisted; no price data found  (period=2d) (Yahoo error = "No data found, symbol may be delisted")
2026-06-20 08:00:08,540 - ERROR - 
2 Failed downloads:
2026-06-20 08:00:08,541 - ERROR - ['BFB', 'BRKB']: possibly delisted; no price data found  (period=2d) (Yahoo error = "No data found, symbol may be delisted")
2026-06-20 08:00:19,435 - ERROR - $WAB: possibly delisted; no price data found  (period=2d)
2026-06-20 08:00:19,444 - ERROR - 
1 Failed download:
2026-06-20 08:00:19,444 - ERROR - ['WAB']: possibly delisted; no price data found  (period=2d)
2026-06-20 08:00:20,847 - INFO - Fetching short interest data for movers...
2026-06-20 08:00:25,317 - INFO - Fetching SEC current Form 4 Atom feed...
2026-06-20 08:00:25,590 - INFO - Found 100 entries in SEC Atom feed.
2026-06-20 08:00:25,591 - INFO - Unique Form 4 index URLs to process: 100
2026-06-20 08:00:46,608 - INFO - Successfully saved 82712 cumulative insider transactions to /home/inhyuk/projects/dataScout/data_us/us_insider_transactions.xlsx
2026-06-20 08:00:46,612 - INFO - Uploading US Market Report to Telegram chat: -1003877753638...
2026-06-20 08:00:47,662 - INFO - Successfully uploaded report to Telegram.

--- Generated Report ---
🇺🇸 *[미국 증시 일일 요약 리포트]* 🇺🇸

📈 *S&P 500 상승 TOP 5*
1. *SNDK* | $2184.75 (+11.54%) (공매도 비율: 9.71%, Ratio: 0.6)
2. *GLW* | $194.92 (+11.13%) (공매도 비율: 2.81%, Ratio: 1.4)
3. *INTC* | $133.99 (+10.64%) (공매도 비율: 2.69%, Ratio: 0.9)
4. *SMCI* | $30.66 (+10.37%) (공매도 비율: 16.55%, Ratio: 1.7)
5. *KLAC* | $259.56 (+8.73%) (공매도 비율: 2.99%, Ratio: 3.3)

📉 *S&P 500 하락 TOP 5*
1. *ACN* | $127.98 (-17.97%) (공매도 비율: 4.70%, Ratio: 4.4)
2. *CTSH* | $43.70 (-10.49%) (공매도 비율: 12.74%, Ratio: 6.9)
3. *KR* | $56.61 (-8.43%) (공매도 비율: 5.11%, Ratio: 5.4)
4. *STLD* | $249.91 (-7.49%) (공매도 비율: 3.30%, Ratio: 3.6)
5. *OMC* | $71.35 (-6.50%) (공매도 비율: 11.32%, Ratio: 7.6)

🕵️ *주요 기업 내부자 지분 변동 (SEC Form 4)*
- *HNGE* (Hinge Health, Inc.) 
  └ 🔴 매도 | Insight Holdings Group, LLC (10% Owner) 
  └ 수량: 32,751주 | 평단가: $70.36 | 총액: *$2,304,347*
- *HNGE* (Hinge Health, Inc.) 
  └ 🔴 매도 | Insight Holdings Group, LLC (10% Owner) 
  └ 수량: 32,751주 | 평단가: $70.36 | 총액: *$2,304,347*
- *HNGE* (Hinge Health, Inc.) 
  └ 🔴 매도 | Insight Holdings Group, LLC (10% Owner) 
  └ 수량: 32,751주 | 평단가: $70.36 | 총액: *$2,304,347*
- *HNGE* (Hinge Health, Inc.) 
  └ 🔴 매도 | Insight Holdings Group, LLC (10% Owner) 
  └ 수량: 32,751주 | 평단가: $70.36 | 총액: *$2,304,347*
- *HNGE* (Hinge Health, Inc.) 
  └ 🔴 매도 | Insight Holdings Group, LLC (10% Owner) 
  └ 수량: 32,751주 | 평단가: $70.36 | 총액: *$2,304,347*
- *HNGE* (Hinge Health, Inc.) 
  └ 🔴 매도 | Insight Holdings Group, LLC (10% Owner) 
  └ 수량: 32,751주 | 평단가: $70.36 | 총액: *$2,304,347*
- *HNGE* (Hinge Health, Inc.) 
  └ 🔴 매도 | Insight Holdings Group, LLC (10% Owner) 
  └ 수량: 32,751주 | 평단가: $70.36 | 총액: *$2,304,347*
- *HNGE* (Hinge Health, Inc.) 
  └ 🔴 매도 | Insight Holdings Group, LLC (10% Owner) 
  └ 수량: 32,751주 | 평단가: $70.36 | 총액: *$2,304,347*
- *HNGE* (Hinge Health, Inc.) 
  └ 🔴 매도 | Insight Holdings Group, LLC (10% Owner) 
  └ 수량: 26,856주 | 평단가: $70.36 | 총액: *$1,889,577*
- *HNGE* (Hinge Health, Inc.) 
  └ 🔴 매도 | Insight Holdings Group, LLC (10% Owner) 
  └ 수량: 26,856주 | 평단가: $70.36 | 총액: *$1,889,577*
2026-06-23 08:00:01,770 - INFO - Loading environment variables from .env file...
2026-06-23 08:00:01,770 - INFO - Starting Daily US Market Monitor...
2026-06-23 08:00:02,477 - INFO - Fetching S&P 500 stock list from FinanceDataReader...
2026-06-23 08:00:02,912 - INFO - Downloading daily price data for 503 stocks using yfinance...
2026-06-23 08:00:07,410 - ERROR - $BRKB: possibly delisted; no price data found  (period=2d) (Yahoo error = "No data found, symbol may be delisted")
2026-06-23 08:00:08,388 - ERROR - $BFB: possibly delisted; no price data found  (period=2d) (Yahoo error = "No data found, symbol may be delisted")
2026-06-23 08:00:14,798 - ERROR - 
2 Failed downloads:
2026-06-23 08:00:14,798 - ERROR - ['BRKB', 'BFB']: possibly delisted; no price data found  (period=2d) (Yahoo error = "No data found, symbol may be delisted")
2026-06-23 08:00:28,009 - ERROR - $ROST: possibly delisted; no price data found  (period=2d)
2026-06-23 08:00:28,014 - ERROR - 
1 Failed download:
2026-06-23 08:00:28,014 - ERROR - ['ROST']: possibly delisted; no price data found  (period=2d)
2026-06-23 08:00:29,401 - INFO - Fetching short interest data for movers...
2026-06-23 08:00:34,136 - INFO - Fetching SEC current Form 4 Atom feed...
2026-06-23 08:00:34,403 - INFO - Found 100 entries in SEC Atom feed.
2026-06-23 08:00:34,404 - INFO - Unique Form 4 index URLs to process: 100
2026-06-23 08:00:58,182 - INFO - Successfully saved 82719 cumulative insider transactions to /home/inhyuk/projects/dataScout/data_us/us_insider_transactions.xlsx
2026-06-23 08:00:58,185 - INFO - Uploading updated Excel sheet to Telegram chat: -1003877753638...
2026-06-23 08:01:03,068 - INFO - Successfully uploaded Excel sheet to Telegram.
2026-06-23 08:01:03,069 - INFO - Uploading US Market Report to Telegram chat: -1003877753638...
2026-06-23 08:01:04,224 - INFO - Successfully uploaded report to Telegram.

--- Generated Report ---
🇺🇸 *[미국 증시 일일 요약 리포트]* 🇺🇸

📈 *S&P 500 상승 TOP 5*
1. *SMCI* | $35.46 (+15.66%) (공매도 비율: 16.55%, Ratio: 1.7)
2. *COHR* | $425.48 (+9.22%) (공매도 비율: 4.70%, Ratio: 1.2)
3. *ON* | $131.55 (+8.16%) (공매도 비율: 11.04%, Ratio: 2.4)
4. *GLW* | $209.83 (+7.65%) (공매도 비율: 2.81%, Ratio: 1.4)
5. *CIEN* | $460.33 (+7.50%) (공매도 비율: 5.01%, Ratio: 2.2)

📉 *S&P 500 하락 TOP 5*
1. *MRNA* | $59.35 (-7.22%) (공매도 비율: 17.82%, Ratio: 7.5)
2. *PLTR* | $119.50 (-6.98%) (공매도 비율: 3.23%, Ratio: 1.6)
3. *VRSN* | $247.69 (-6.40%) (공매도 비율: 2.35%, Ratio: 2.6)
4. *CMG* | $30.54 (-6.00%) (공매도 비율: 3.94%, Ratio: 2.5)
5. *NFLX* | $72.88 (-5.82%) (공매도 비율: 2.43%, Ratio: 3.1)

🕵️ *주요 기업 내부자 지분 변동 (SEC Form 4)*
- *NN* (NEXTNAV INC.) 
  └ 🟢 매수 | Foundation Holdco LP (10% Owner) 
  └ 수량: 3,989,738주 | 평단가: $12.56 | 총액: *$50,111,109*
- *NN* (NEXTNAV INC.) 
  └ 🟢 매수 | Foundation Holdco LP (10% Owner) 
  └ 수량: 3,989,738주 | 평단가: $12.56 | 총액: *$50,111,109*
- *NN* (NEXTNAV INC.) 
  └ 🟢 매수 | Foundation Holdco LP (10% Owner) 
  └ 수량: 3,989,738주 | 평단가: $12.56 | 총액: *$50,111,109*
- *NN* (NEXTNAV INC.) 
  └ 🟢 매수 | Foundation Holdco LP (10% Owner) 
  └ 수량: 3,989,738주 | 평단가: $12.56 | 총액: *$50,111,109*
- *NN* (NEXTNAV INC.) 
  └ 🟢 매수 | Foundation Holdco LP (10% Owner) 
  └ 수량: 3,989,738주 | 평단가: $12.56 | 총액: *$50,111,109*
- *NN* (NEXTNAV INC.) 
  └ 🟢 매수 | Foundation Holdco LP (10% Owner) 
  └ 수량: 3,989,738주 | 평단가: $12.56 | 총액: *$50,111,109*
- *NN* (NEXTNAV INC.) 
  └ 🟢 매수 | Foundation Holdco LP (10% Owner) 
  └ 수량: 3,989,738주 | 평단가: $12.56 | 총액: *$50,111,109*
- *NN* (NEXTNAV INC.) 
  └ 🟢 매수 | FIG Buyer GP, LLC (10% Owner) 
  └ 수량: 3,989,738주 | 평단가: $12.56 | 총액: *$50,111,109*
- *NN* (NEXTNAV INC.) 
  └ 🟢 매수 | FIG Buyer GP, LLC (10% Owner) 
  └ 수량: 3,989,738주 | 평단가: $12.56 | 총액: *$50,111,109*
- *NN* (NEXTNAV INC.) 
  └ 🟢 매수 | FIG Buyer GP, LLC (10% Owner) 
  └ 수량: 3,989,738주 | 평단가: $12.56 | 총액: *$50,111,109*
2026-06-24 08:00:02,261 - INFO - Loading environment variables from .env file...
2026-06-24 08:00:02,261 - INFO - Starting Daily US Market Monitor...
2026-06-24 08:00:02,977 - INFO - Fetching S&P 500 stock list from FinanceDataReader...
2026-06-24 08:00:03,466 - INFO - Downloading daily price data for 503 stocks using yfinance...
2026-06-24 08:00:05,446 - ERROR - $BRKB: possibly delisted; no price data found  (period=2d) (Yahoo error = "No data found, symbol may be delisted")
2026-06-24 08:00:08,251 - ERROR - $BFB: possibly delisted; no price data found  (period=2d) (Yahoo error = "No data found, symbol may be delisted")
2026-06-24 08:00:08,256 - ERROR - 
2 Failed downloads:
2026-06-24 08:00:08,257 - ERROR - ['BRKB', 'BFB']: possibly delisted; no price data found  (period=2d) (Yahoo error = "No data found, symbol may be delisted")
2026-06-24 08:00:21,662 - ERROR - $WSM: possibly delisted; no price data found  (period=2d)
2026-06-24 08:00:21,662 - ERROR - 
1 Failed download:
2026-06-24 08:00:21,662 - ERROR - ['WSM']: possibly delisted; no price data found  (period=2d)
2026-06-24 08:00:23,054 - INFO - Fetching short interest data for movers...
2026-06-24 08:00:27,680 - INFO - Fetching SEC current Form 4 Atom feed...
2026-06-24 08:00:27,992 - INFO - Found 100 entries in SEC Atom feed.
2026-06-24 08:00:27,994 - INFO - Unique Form 4 index URLs to process: 100
2026-06-24 08:00:49,364 - INFO - Successfully saved 82728 cumulative insider transactions to /home/inhyuk/projects/dataScout/data_us/us_insider_transactions.xlsx
2026-06-24 08:00:49,367 - INFO - Uploading updated Excel sheet to Telegram chat: -1003877753638...
2026-06-24 08:01:00,788 - INFO - Successfully uploaded Excel sheet to Telegram.
2026-06-24 08:01:00,788 - INFO - Uploading US Market Report to Telegram chat: -1003877753638...
2026-06-24 08:01:01,910 - INFO - Successfully uploaded report to Telegram.

--- Generated Report ---
🇺🇸 *[미국 증시 일일 요약 리포트]* 🇺🇸

📈 *S&P 500 상승 TOP 5*
1. *AXON* | $433.04 (+5.61%) (공매도 비율: 4.85%, Ratio: 2.6)
2. *CDW* | $130.06 (+5.25%) (공매도 비율: 8.01%, Ratio: 3.6)
3. *GEHC* | $63.72 (+5.08%) (공매도 비율: 3.65%, Ratio: 2.2)
4. *IBM* | $264.94 (+5.04%) (공매도 비율: 3.61%, Ratio: 3.4)
5. *CHTR* | $131.75 (+4.95%) (공매도 비율: 44.29%, Ratio: 6.3)

📉 *S&P 500 하락 TOP 5*
1. *SNDK* | $1963.60 (-13.64%) (공매도 비율: 9.71%, Ratio: 0.6)
2. *MU* | $1051.77 (-13.18%) (공매도 비율: 3.34%, Ratio: 0.7)
3. *VRT* | $318.32 (-11.07%) (공매도 비율: 3.73%, Ratio: 2.5)
4. *ON* | $117.06 (-11.01%) (공매도 비율: 11.04%, Ratio: 2.4)
5. *COHR* | $381.22 (-10.40%) (공매도 비율: 4.70%, Ratio: 1.2)

🕵️ *주요 기업 내부자 지분 변동 (SEC Form 4)*
- *HMH* (HMH Holding Inc) 
  └ 🔴 매도 | Bergsvik Eirik (Chief Executive Officer) 
  └ 수량: 51,559주 | 평단가: $19.28 | 총액: *$994,058*
- *HMH* (HMH Holding Inc) 
  └ 🔴 매도 | Bergsvik Eirik (Chief Executive Officer) 
  └ 수량: 51,559주 | 평단가: $19.28 | 총액: *$994,058*
- *HIVE* (HIVE Digital Technologies Ltd.) 
  └ 🔴 매도 | Perrill Dave (Director) 
  └ 수량: 175,000주 | 평단가: $4.69 | 총액: *$820,750*
- *HIVE* (HIVE Digital Technologies Ltd.) 
  └ 🔴 매도 | Perrill Dave (Director) 
  └ 수량: 175,000주 | 평단가: $4.69 | 총액: *$820,750*
- *HMH* (HMH Holding Inc) 
  └ 🔴 매도 | CHAUVIERE E CHARLS (Chief Operations Officer) 
  └ 수량: 34,147주 | 평단가: $19.28 | 총액: *$658,354*
- *HMH* (HMH Holding Inc) 
  └ 🔴 매도 | CHAUVIERE E CHARLS (Chief Operations Officer) 
  └ 수량: 34,147주 | 평단가: $19.28 | 총액: *$658,354*
- *HMH* (HMH Holding Inc) 
  └ 🔴 매도 | Skogerbo Pal (Chief Technology Officer) 
  └ 수량: 26,713주 | 평단가: $19.28 | 총액: *$515,027*
- *HMH* (HMH Holding Inc) 
  └ 🔴 매도 | Skogerbo Pal (Chief Technology Officer) 
  └ 수량: 26,713주 | 평단가: $19.28 | 총액: *$515,027*
- *NONE* (Apollo Debt Solutions BDC) 
  └ 🟢 매수 | Hunt Earl (CEO) 
  └ 수량: 12,566주 | 평단가: $23.87 | 총액: *$300,000*
- *NONE* (Apollo Debt Solutions BDC) 
  └ 🟢 매수 | Hunt Earl (CEO) 
  └ 수량: 12,566주 | 평단가: $23.87 | 총액: *$300,000*
2026-06-25 08:00:01,646 - INFO - Loading environment variables from .env file...
2026-06-25 08:00:01,647 - INFO - Starting Daily US Market Monitor...
2026-06-25 08:00:02,695 - INFO - Fetching S&P 500 stock list from FinanceDataReader...
2026-06-25 08:00:03,139 - INFO - Downloading daily price data for 503 stocks using yfinance...
2026-06-25 08:00:06,336 - ERROR - $BRKB: possibly delisted; no price data found  (period=2d) (Yahoo error = "No data found, symbol may be delisted")
2026-06-25 08:00:07,332 - ERROR - $BFB: possibly delisted; no price data found  (period=2d) (Yahoo error = "No data found, symbol may be delisted")
2026-06-25 08:00:15,687 - ERROR - $MMM: possibly delisted; no price data found  (period=2d)
2026-06-25 08:00:15,690 - ERROR - 
3 Failed downloads:
2026-06-25 08:00:15,690 - ERROR - ['BRKB', 'BFB']: possibly delisted; no price data found  (period=2d) (Yahoo error = "No data found, symbol may be delisted")
2026-06-25 08:00:15,690 - ERROR - ['MMM']: possibly delisted; no price data found  (period=2d)
2026-06-25 08:00:26,233 - ERROR - $HOOD: possibly delisted; no price data found  (period=2d)
2026-06-25 08:00:27,946 - ERROR - $MCD: possibly delisted; no price data found  (period=2d)
2026-06-25 08:00:28,166 - ERROR - $WELL: possibly delisted; no price data found  (period=2d)
2026-06-25 08:00:28,420 - ERROR - $INTU: possibly delisted; no price data found  (period=2d)
2026-06-25 08:00:28,427 - ERROR - 
4 Failed downloads:
2026-06-25 08:00:28,427 - ERROR - ['HOOD', 'MCD', 'WELL', 'INTU']: possibly delisted; no price data found  (period=2d)
2026-06-25 08:00:29,809 - INFO - Fetching short interest data for movers...
2026-06-25 08:00:42,399 - INFO - Fetching SEC current Form 4 Atom feed...
2026-06-25 08:00:42,681 - INFO - Found 100 entries in SEC Atom feed.
2026-06-25 08:00:42,682 - INFO - Unique Form 4 index URLs to process: 100
2026-06-25 08:01:03,917 - INFO - Successfully saved 82781 cumulative insider transactions to /home/inhyuk/projects/dataScout/data_us/us_insider_transactions.xlsx
2026-06-25 08:01:03,921 - INFO - Uploading updated Excel sheet to Telegram chat: -1003877753638...
2026-06-25 08:01:09,056 - INFO - Successfully uploaded Excel sheet to Telegram.
2026-06-25 08:01:09,056 - INFO - Uploading US Market Report to Telegram chat: -1003877753638...
2026-06-25 08:01:10,191 - INFO - Successfully uploaded report to Telegram.

--- Generated Report ---
🇺🇸 *[미국 증시 일일 요약 리포트]* 🇺🇸

📈 *S&P 500 상승 TOP 5*
1. *BLDR* | $85.41 (+11.31%) (공매도 비율: 9.77%, Ratio: 2.6)
2. *IQV* | $185.62 (+8.37%) (공매도 비율: 3.40%, Ratio: 2.5)
3. *CRL* | $202.10 (+8.31%) (공매도 비율: 9.34%, Ratio: 4.0)
4. *UAL* | $130.54 (+7.40%) (공매도 비율: 4.53%, Ratio: 2.4)
5. *BKNG* | $181.25 (+7.29%) (공매도 비율: 3.15%, Ratio: 3.1)

📉 *S&P 500 하락 TOP 5*
1. *APO* | $122.60 (-6.13%) (공매도 비율: 5.73%, Ratio: 8.8)
2. *BX* | $112.99 (-5.90%) (공매도 비율: 2.67%, Ratio: 4.0)
3. *ARES* | $113.87 (-5.72%) (공매도 비율: 16.14%, Ratio: 5.9)
4. *COIN* | $150.11 (-5.10%) (공매도 비율: 11.10%, Ratio: 2.5)
5. *PFG* | $106.70 (-5.04%) (공매도 비율: 5.28%, Ratio: 8.8)

🕵️ *주요 기업 내부자 지분 변동 (SEC Form 4)*
- *HL* (HECLA MINING CO/DE/) 
  └ 🔴 매도 | Lawlar Russell Douglas (Sr. VP & CFO) 
  └ 수량: 79,437주 | 평단가: $15.98 | 총액: *$1,269,403*
- *HL* (HECLA MINING CO/DE/) 
  └ 🔴 매도 | Lawlar Russell Douglas (Sr. VP & CFO) 
  └ 수량: 79,437주 | 평단가: $15.98 | 총액: *$1,269,403*
- *ANET* (Arista Networks, Inc.) 
  └ 🔴 매도 | Duda Kenneth (Director) 
  └ 수량: 4,537주 | 평단가: $169.39 | 총액: *$768,514*
- *ANET* (Arista Networks, Inc.) 
  └ 🔴 매도 | Duda Kenneth (Director) 
  └ 수량: 4,537주 | 평단가: $169.39 | 총액: *$768,514*
- *ANET* (Arista Networks, Inc.) 
  └ 🔴 매도 | Duda Kenneth (Director) 
  └ 수량: 4,187주 | 평단가: $169.39 | 총액: *$709,228*
- *ANET* (Arista Networks, Inc.) 
  └ 🔴 매도 | Duda Kenneth (Director) 
  └ 수량: 4,187주 | 평단가: $169.39 | 총액: *$709,228*
- *ANET* (Arista Networks, Inc.) 
  └ 🔴 매도 | Duda Kenneth (Director) 
  └ 수량: 3,890주 | 평단가: $174.37 | 총액: *$678,294*
- *ANET* (Arista Networks, Inc.) 
  └ 🔴 매도 | Duda Kenneth (Director) 
  └ 수량: 3,890주 | 평단가: $174.37 | 총액: *$678,294*
- *ANET* (Arista Networks, Inc.) 
  └ 🔴 매도 | Duda Kenneth (Director) 
  └ 수량: 3,590주 | 평단가: $174.37 | 총액: *$625,983*
- *ANET* (Arista Networks, Inc.) 
  └ 🔴 매도 | Duda Kenneth (Director) 
  └ 수량: 3,590주 | 평단가: $174.37 | 총액: *$625,983*
2026-06-26 08:00:01,936 - INFO - Loading environment variables from .env file...
2026-06-26 08:00:01,936 - INFO - Starting Daily US Market Monitor...
2026-06-26 08:00:03,274 - INFO - Fetching S&P 500 stock list from FinanceDataReader...
2026-06-26 08:00:03,749 - INFO - Downloading daily price data for 503 stocks using yfinance...
2026-06-26 08:00:06,018 - ERROR - $BFB: possibly delisted; no price data found  (period=2d) (Yahoo error = "No data found, symbol may be delisted")
2026-06-26 08:00:08,520 - ERROR - $BRKB: possibly delisted; no price data found  (period=2d) (Yahoo error = "No data found, symbol may be delisted")
2026-06-26 08:00:16,202 - ERROR - 
2 Failed downloads:
2026-06-26 08:00:16,202 - ERROR - ['BFB', 'BRKB']: possibly delisted; no price data found  (period=2d) (Yahoo error = "No data found, symbol may be delisted")
2026-06-26 08:00:28,978 - ERROR - $REGN: possibly delisted; no price data found  (period=2d)
2026-06-26 08:00:29,316 - ERROR - $SPGI: possibly delisted; no price data found  (period=2d)
2026-06-26 08:00:29,486 - ERROR - $KMB: possibly delisted; no price data found  (period=2d)
2026-06-26 08:00:29,489 - ERROR - 
3 Failed downloads:
2026-06-26 08:00:29,489 - ERROR - ['REGN', 'SPGI', 'KMB']: possibly delisted; no price data found  (period=2d)
2026-06-26 08:00:30,896 - INFO - Fetching short interest data for movers...
2026-06-26 08:00:35,466 - INFO - Fetching SEC current Form 4 Atom feed...
2026-06-26 08:00:35,836 - INFO - Found 100 entries in SEC Atom feed.
2026-06-26 08:00:35,837 - INFO - Unique Form 4 index URLs to process: 100
2026-06-26 08:00:59,006 - INFO - Successfully saved 82783 cumulative insider transactions to /home/inhyuk/projects/dataScout/data_us/us_insider_transactions.xlsx
2026-06-26 08:00:59,010 - INFO - Uploading updated Excel sheet to Telegram chat: -1003877753638...
2026-06-26 08:01:15,993 - INFO - Successfully uploaded Excel sheet to Telegram.
2026-06-26 08:01:15,993 - INFO - Uploading US Market Report to Telegram chat: -1003877753638...
2026-06-26 08:01:17,000 - INFO - Successfully uploaded report to Telegram.

--- Generated Report ---
🇺🇸 *[미국 증시 일일 요약 리포트]* 🇺🇸

📈 *S&P 500 상승 TOP 5*
1. *SNDK* | $2335.00 (+21.97%) (공매도 비율: 9.71%, Ratio: 0.6)
2. *TECH* | $70.70 (+20.07%) (공매도 비율: 10.09%, Ratio: 4.0)
3. *MU* | $1213.56 (+15.74%) (공매도 비율: 3.34%, Ratio: 0.7)
4. *AMAT* | $668.00 (+13.42%) (공매도 비율: 2.52%, Ratio: 2.7)
5. *GLW* | $228.01 (+10.78%) (공매도 비율: 2.81%, Ratio: 1.4)

📉 *S&P 500 하락 TOP 5*
1. *AAPL* | $275.15 (-6.12%) (공매도 비율: 1.06%, Ratio: 3.1)
2. *TJX* | $155.19 (-6.04%) (공매도 비율: 1.59%, Ratio: 2.8)
3. *ROST* | $215.13 (-5.89%) (공매도 비율: 3.05%, Ratio: 2.5)
4. *DELL* | $409.45 (-5.67%) (공매도 비율: 6.28%, Ratio: 2.1)
5. *MSCI* | $544.56 (-5.67%) (공매도 비율: 2.78%, Ratio: 2.5)

🕵️ *주요 기업 내부자 지분 변동 (SEC Form 4)*
- 당일 $30,000 이상의 내부자 매매 내역 없음
2026-06-27 08:00:01,523 - INFO - Loading environment variables from .env file...
2026-06-27 08:00:01,524 - INFO - Starting Daily US Market Monitor...
2026-06-27 08:00:02,225 - INFO - Fetching S&P 500 stock list from FinanceDataReader...
2026-06-27 08:00:02,677 - INFO - Downloading daily price data for 503 stocks using yfinance...
2026-06-27 08:00:04,434 - ERROR - $BRKB: possibly delisted; no price data found  (period=2d) (Yahoo error = "No data found, symbol may be delisted")
2026-06-27 08:00:06,648 - ERROR - $BFB: possibly delisted; no price data found  (period=2d) (Yahoo error = "No data found, symbol may be delisted")
2026-06-27 08:00:16,000 - ERROR - $CL: possibly delisted; no price data found  (period=2d)
2026-06-27 08:00:16,003 - ERROR - 
3 Failed downloads:
2026-06-27 08:00:16,003 - ERROR - ['BRKB', 'BFB']: possibly delisted; no price data found  (period=2d) (Yahoo error = "No data found, symbol may be delisted")
2026-06-27 08:00:16,003 - ERROR - ['CL']: possibly delisted; no price data found  (period=2d)
2026-06-27 08:00:28,537 - ERROR - $VTRS: possibly delisted; no price data found  (period=2d)
2026-06-27 08:00:28,539 - ERROR - 
1 Failed download:
2026-06-27 08:00:28,540 - ERROR - ['VTRS']: possibly delisted; no price data found  (period=2d)
2026-06-27 08:00:29,933 - INFO - Fetching short interest data for movers...
2026-06-27 08:00:34,623 - INFO - Fetching SEC current Form 4 Atom feed...
2026-06-27 08:00:34,854 - INFO - Found 100 entries in SEC Atom feed.
2026-06-27 08:00:34,855 - INFO - Unique Form 4 index URLs to process: 100
2026-06-27 08:00:56,228 - INFO - Successfully saved 82802 cumulative insider transactions to /home/inhyuk/projects/dataScout/data_us/us_insider_transactions.xlsx
2026-06-27 08:00:56,231 - INFO - Uploading updated Excel sheet to Telegram chat: -1003877753638...
2026-06-27 08:01:02,556 - INFO - Successfully uploaded Excel sheet to Telegram.
2026-06-27 08:01:02,557 - INFO - Uploading US Market Report to Telegram chat: -1003877753638...
2026-06-27 08:01:03,596 - INFO - Successfully uploaded report to Telegram.

--- Generated Report ---
🇺🇸 *[미국 증시 일일 요약 리포트]* 🇺🇸

📈 *S&P 500 상승 TOP 5*
1. *MRNA* | $67.27 (+12.59%) (공매도 비율: 18.09%, Ratio: 10.9)
2. *FDS* | $231.74 (+10.97%) (공매도 비율: 16.87%, Ratio: 5.8)
3. *NOW* | $98.34 (+9.85%) (공매도 비율: 5.78%, Ratio: 1.7)
4. *WDAY* | $124.21 (+9.18%) (공매도 비율: 16.45%, Ratio: 5.0)
5. *DDOG* | $239.77 (+8.52%) (공매도 비율: 5.09%, Ratio: 2.4)

📉 *S&P 500 하락 TOP 5*
1. *ON* | $90.65 (-23.66%) (공매도 비율: 11.02%, Ratio: 2.7)
2. *WDC* | $586.45 (-13.17%) (공매도 비율: 8.66%, Ratio: 3.9)
3. *STX* | $899.90 (-12.24%) (공매도 비율: 4.27%, Ratio: 2.5)
4. *SNDK* | $2090.71 (-10.46%) (공매도 비율: 11.50%, Ratio: 1.0)
5. *FLEX* | $146.70 (-9.04%) (공매도 비율: 2.04%, Ratio: 1.2)

🕵️ *주요 기업 내부자 지분 변동 (SEC Form 4)*
- *KYMR* (Kymera Therapeutics, Inc.) 
  └ 🔴 매도 | BVF PARTNERS L P/IL (Director) 
  └ 수량: 837,914주 | 평단가: $106.50 | 총액: *$89,237,841*
- *KYMR* (Kymera Therapeutics, Inc.) 
  └ 🔴 매도 | BVF PARTNERS L P/IL (Director) 
  └ 수량: 837,914주 | 평단가: $106.50 | 총액: *$89,237,841*
- *KYMR* (Kymera Therapeutics, Inc.) 
  └ 🔴 매도 | BVF PARTNERS L P/IL (Director) 
  └ 수량: 837,914주 | 평단가: $106.50 | 총액: *$89,237,841*
- *KYMR* (Kymera Therapeutics, Inc.) 
  └ 🔴 매도 | BVF PARTNERS L P/IL (Director) 
  └ 수량: 837,914주 | 평단가: $106.50 | 총액: *$89,237,841*
- *KYMR* (Kymera Therapeutics, Inc.) 
  └ 🔴 매도 | BVF PARTNERS L P/IL (Director) 
  └ 수량: 627,597주 | 평단가: $106.50 | 총액: *$66,839,080*
- *KYMR* (Kymera Therapeutics, Inc.) 
  └ 🔴 매도 | BVF PARTNERS L P/IL (Director) 
  └ 수량: 627,597주 | 평단가: $106.50 | 총액: *$66,839,080*
- *KYMR* (Kymera Therapeutics, Inc.) 
  └ 🔴 매도 | BVF PARTNERS L P/IL (Director) 
  └ 수량: 627,597주 | 평단가: $106.50 | 총액: *$66,839,080*
- *KYMR* (Kymera Therapeutics, Inc.) 
  └ 🔴 매도 | BVF PARTNERS L P/IL (Director) 
  └ 수량: 627,597주 | 평단가: $106.50 | 총액: *$66,839,080*
- *KYMR* (Kymera Therapeutics, Inc.) 
  └ 🔴 매도 | BVF PARTNERS L P/IL (Director) 
  └ 수량: 113,289주 | 평단가: $106.50 | 총액: *$12,065,278*
- *KYMR* (Kymera Therapeutics, Inc.) 
  └ 🔴 매도 | BVF PARTNERS L P/IL (Director) 
  └ 수량: 113,289주 | 평단가: $106.50 | 총액: *$12,065,278*
2026-06-30 08:00:01,650 - INFO - Loading environment variables from .env file...
2026-06-30 08:00:01,658 - INFO - Starting Daily US Market Monitor...
2026-06-30 08:00:02,768 - INFO - Fetching S&P 500 stock list from FinanceDataReader...
2026-06-30 08:00:03,403 - INFO - Downloading daily price data for 503 stocks using yfinance...
2026-06-30 08:00:05,778 - ERROR - $BRKB: possibly delisted; no price data found  (period=2d) (Yahoo error = "No data found, symbol may be delisted")
2026-06-30 08:00:06,814 - ERROR - $BFB: possibly delisted; no price data found  (period=2d) (Yahoo error = "No data found, symbol may be delisted")
2026-06-30 08:00:08,254 - ERROR - 
2 Failed downloads:
2026-06-30 08:00:08,255 - ERROR - ['BRKB', 'BFB']: possibly delisted; no price data found  (period=2d) (Yahoo error = "No data found, symbol may be delisted")
2026-06-30 08:00:22,037 - INFO - Fetching short interest data for movers...
2026-06-30 08:00:35,651 - INFO - Fetching SEC current Form 4 Atom feed...
2026-06-30 08:00:35,983 - INFO - Found 100 entries in SEC Atom feed.
2026-06-30 08:00:35,984 - INFO - Unique Form 4 index URLs to process: 100
2026-06-30 08:01:01,027 - INFO - Successfully saved 82816 cumulative insider transactions to /home/inhyuk/projects/dataScout/data_us/us_insider_transactions.xlsx
2026-06-30 08:01:01,030 - INFO - Uploading updated Excel sheet to Telegram chat: -1003877753638...
2026-06-30 08:01:06,475 - INFO - Successfully uploaded Excel sheet to Telegram.
2026-06-30 08:01:06,475 - INFO - Uploading US Market Report to Telegram chat: -1003877753638...
2026-06-30 08:01:07,521 - INFO - Successfully uploaded report to Telegram.

--- Generated Report ---
🇺🇸 *[미국 증시 일일 요약 리포트]* 🇺🇸

📈 *S&P 500 상승 TOP 5*
1. *GLW* | $255.69 (+15.67%) (공매도 비율: 3.12%, Ratio: 1.9)
2. *KLAC* | $278.39 (+11.97%) (공매도 비율: 3.48%, Ratio: 3.5)
3. *WDC* | $651.88 (+11.16%) (공매도 비율: 8.66%, Ratio: 3.9)
4. *AMAT* | $694.64 (+10.82%) (공매도 비율: 2.77%, Ratio: 2.5)
5. *AXON* | $510.60 (+9.85%) (공매도 비율: 5.65%, Ratio: 3.4)

📉 *S&P 500 하락 TOP 5*
1. *HON* | $227.80 (-50.95%) (공매도 비율: 3.05%, Ratio: 3.7)
2. *SMCI* | $28.15 (-8.10%) (공매도 비율: 19.42%, Ratio: 1.5)
3. *CPRT* | $28.10 (-8.02%) (공매도 비율: 5.29%, Ratio: 3.5)
4. *ULTA* | $459.12 (-6.00%) (공매도 비율: 4.95%, Ratio: 2.3)
5. *MLM* | $581.23 (-5.65%) (공매도 비율: 4.11%, Ratio: 3.8)

🕵️ *주요 기업 내부자 지분 변동 (SEC Form 4)*
- *ROIV* (Roivant Sciences Ltd.) 
  └ 🔴 매도 | Sukhatme Mayukh (Director) 
  └ 수량: 500,000주 | 평단가: $34.13 | 총액: *$17,065,000*
- *ROIV* (Roivant Sciences Ltd.) 
  └ 🔴 매도 | Sukhatme Mayukh (Director) 
  └ 수량: 500,000주 | 평단가: $34.13 | 총액: *$17,065,000*
- *ROIV* (Roivant Sciences Ltd.) 
  └ 🔴 매도 | Sukhatme Mayukh (Director) 
  └ 수량: 500,000주 | 평단가: $34.08 | 총액: *$17,040,000*
- *ROIV* (Roivant Sciences Ltd.) 
  └ 🔴 매도 | Sukhatme Mayukh (Director) 
  └ 수량: 500,000주 | 평단가: $34.08 | 총액: *$17,040,000*
- *ACDC* (ProFrac Holding Corp.) 
  └ 🟢 매수 | Wilks Dan H. (10% Owner) 
  └ 수량: 1,071,454주 | 평단가: $4.72 | 총액: *$5,057,263*
- *ACDC* (ProFrac Holding Corp.) 
  └ 🟢 매수 | Wilks Dan H. (10% Owner) 
  └ 수량: 1,071,454주 | 평단가: $4.72 | 총액: *$5,057,263*
- *ROIV* (Roivant Sciences Ltd.) 
  └ 🟢 매수 | Sukhatme Mayukh (Director) 
  └ 수량: 500,000주 | 평단가: $3.85 | 총액: *$1,925,000*
- *ROIV* (Roivant Sciences Ltd.) 
  └ 🟢 매수 | Sukhatme Mayukh (Director) 
  └ 수량: 500,000주 | 평단가: $3.85 | 총액: *$1,925,000*
- *ROIV* (Roivant Sciences Ltd.) 
  └ 🟢 매수 | Sukhatme Mayukh (Director) 
  └ 수량: 500,000주 | 평단가: $3.85 | 총액: *$1,925,000*
- *ROIV* (Roivant Sciences Ltd.) 
  └ 🟢 매수 | Sukhatme Mayukh (Director) 
  └ 수량: 500,000주 | 평단가: $3.85 | 총액: *$1,925,000*
2026-07-01 08:00:01,698 - INFO - Loading environment variables from .env file...
2026-07-01 08:00:01,699 - INFO - Starting Daily US Market Monitor...
2026-07-01 08:00:02,446 - INFO - Fetching S&P 500 stock list from FinanceDataReader...
2026-07-01 08:00:02,872 - INFO - Downloading daily price data for 503 stocks using yfinance...
2026-07-01 08:00:04,854 - ERROR - $BFB: possibly delisted; no price data found  (period=2d) (Yahoo error = "No data found, symbol may be delisted")
2026-07-01 08:00:07,434 - ERROR - $BRKB: possibly delisted; no price data found  (period=2d) (Yahoo error = "No data found, symbol may be delisted")
2026-07-01 08:00:16,122 - ERROR - $FDXF: possibly delisted; no price data found  (period=2d)
2026-07-01 08:00:16,123 - ERROR - 
3 Failed downloads:
2026-07-01 08:00:16,123 - ERROR - ['BFB', 'BRKB']: possibly delisted; no price data found  (period=2d) (Yahoo error = "No data found, symbol may be delisted")
2026-07-01 08:00:16,123 - ERROR - ['FDXF']: possibly delisted; no price data found  (period=2d)
2026-07-01 08:00:27,893 - ERROR - $MS: possibly delisted; no price data found  (period=2d)
2026-07-01 08:00:27,900 - ERROR - 
1 Failed download:
2026-07-01 08:00:27,901 - ERROR - ['MS']: possibly delisted; no price data found  (period=2d)
2026-07-01 08:00:29,289 - INFO - Fetching short interest data for movers...
2026-07-01 08:00:33,673 - INFO - Fetching SEC current Form 4 Atom feed...
2026-07-01 08:00:33,938 - INFO - Found 100 entries in SEC Atom feed.
2026-07-01 08:00:33,939 - INFO - Unique Form 4 index URLs to process: 100
2026-07-01 08:00:54,731 - ERROR - Failed to process Form 4 index https://www.sec.gov/Archives/edgar/data/832988/000083298826000177/0000832988-26-000177-index.htm: HTTPSConnectionPool(host='www.sec.gov', port=443): Read timed out. (read timeout=10)
2026-07-01 08:01:06,534 - INFO - Successfully saved 82818 cumulative insider transactions to /home/inhyuk/projects/dataScout/data_us/us_insider_transactions.xlsx
2026-07-01 08:01:06,537 - INFO - Uploading updated Excel sheet to Telegram chat: -1003877753638...
2026-07-01 08:01:11,762 - INFO - Successfully uploaded Excel sheet to Telegram.
2026-07-01 08:01:11,762 - INFO - Uploading US Market Report to Telegram chat: -1003877753638...
2026-07-01 08:01:12,771 - INFO - Successfully uploaded report to Telegram.

--- Generated Report ---
🇺🇸 *[미국 증시 일일 요약 리포트]* 🇺🇸

📈 *S&P 500 상승 TOP 5*
1. *SNDK* | $2273.73 (+10.89%) (공매도 비율: 11.50%, Ratio: 1.0)
2. *AXON* | $560.61 (+9.79%) (공매도 비율: 5.65%, Ratio: 3.4)
3. *VRT* | $334.82 (+9.07%) (공매도 비율: 3.91%, Ratio: 2.4)
4. *KLAC* | $301.71 (+8.38%) (공매도 비율: 3.48%, Ratio: 3.5)
5. *APD* | $293.18 (+8.04%) (공매도 비율: 1.44%, Ratio: 2.7)

📉 *S&P 500 하락 TOP 5*
1. *DLR* | $179.58 (-5.77%) (공매도 비율: 0.01%, Ratio: 0.0)
2. *HRL* | $24.82 (-5.66%) (공매도 비율: 7.26%, Ratio: 3.1)
3. *ZBH* | $86.09 (-5.64%) (공매도 비율: 7.93%, Ratio: 5.5)
4. *MOS* | $21.19 (-5.57%) (공매도 비율: 9.95%, Ratio: 2.6)
5. *T* | $20.70 (-5.13%) (공매도 비율: 1.81%, Ratio: 2.8)

🕵️ *주요 기업 내부자 지분 변동 (SEC Form 4)*
- *MLYS* (Mineralys Therapeutics, Inc.) 
  └ 🔴 매도 | Congleton Jon (Director) 
  └ 수량: 58,000주 | 평단가: $25.94 | 총액: *$1,504,706*
- *MLYS* (Mineralys Therapeutics, Inc.) 
  └ 🔴 매도 | Congleton Jon (Director) 
  └ 수량: 58,000주 | 평단가: $25.94 | 총액: *$1,504,706*
- *MLYS* (Mineralys Therapeutics, Inc.) 
  └ 🔴 매도 | Congleton Jon (Director) 
  └ 수량: 17,000주 | 평단가: $26.82 | 총액: *$455,896*
- *MLYS* (Mineralys Therapeutics, Inc.) 
  └ 🔴 매도 | Congleton Jon (Director) 
  └ 수량: 17,000주 | 평단가: $26.82 | 총액: *$455,896*
2026-07-02 08:00:01,622 - INFO - Loading environment variables from .env file...
2026-07-02 08:00:01,622 - INFO - Starting Daily US Market Monitor...
2026-07-02 08:00:02,541 - INFO - Fetching S&P 500 stock list from FinanceDataReader...
2026-07-02 08:00:02,981 - INFO - Downloading daily price data for 503 stocks using yfinance...
2026-07-02 08:00:05,574 - ERROR - $BRKB: possibly delisted; no price data found  (period=2d) (Yahoo error = "No data found, symbol may be delisted")
2026-07-02 08:00:07,561 - ERROR - $BFB: possibly delisted; no price data found  (period=2d) (Yahoo error = "No data found, symbol may be delisted")
2026-07-02 08:00:16,280 - ERROR - $FE: possibly delisted; no price data found  (period=2d)
2026-07-02 08:00:16,289 - ERROR - 
3 Failed downloads:
2026-07-02 08:00:16,289 - ERROR - ['BRKB', 'BFB']: possibly delisted; no price data found  (period=2d) (Yahoo error = "No data found, symbol may be delisted")
2026-07-02 08:00:16,289 - ERROR - ['FE']: possibly delisted; no price data found  (period=2d)
2026-07-02 08:00:29,299 - INFO - Fetching short interest data for movers...
2026-07-02 08:00:33,690 - INFO - Fetching SEC current Form 4 Atom feed...
2026-07-02 08:00:35,034 - INFO - Found 100 entries in SEC Atom feed.
2026-07-02 08:00:35,035 - INFO - Unique Form 4 index URLs to process: 100
2026-07-02 08:00:56,072 - INFO - Successfully saved 82832 cumulative insider transactions to /home/inhyuk/projects/dataScout/data_us/us_insider_transactions.xlsx
2026-07-02 08:00:56,075 - INFO - Uploading updated Excel sheet to Telegram chat: -1003877753638...
2026-07-02 08:01:01,219 - INFO - Successfully uploaded Excel sheet to Telegram.
2026-07-02 08:01:01,219 - INFO - Uploading US Market Report to Telegram chat: -1003877753638...
2026-07-02 08:01:02,280 - INFO - Successfully uploaded report to Telegram.

--- Generated Report ---
🇺🇸 *[미국 증시 일일 요약 리포트]* 🇺🇸

📈 *S&P 500 상승 TOP 5*
1. *APP* | $564.61 (+9.58%) (공매도 비율: 4.40%, Ratio: 2.6)
2. *COIN* | $159.24 (+8.93%) (공매도 비율: 12.19%, Ratio: 3.0)
3. *META* | $612.91 (+8.81%) (공매도 비율: 1.37%, Ratio: 1.7)
4. *GIS* | $37.77 (+8.53%) (공매도 비율: 12.76%, Ratio: 5.2)
5. *HOOD* | $108.65 (+8.35%) (공매도 비율: 4.77%, Ratio: 1.2)

📉 *S&P 500 하락 TOP 5*
1. *GLW* | $220.63 (-13.62%) (공매도 비율: 3.12%, Ratio: 1.9)
2. *KLAC* | $266.19 (-11.77%) (공매도 비율: 3.48%, Ratio: 3.5)
3. *TER* | $427.34 (-11.68%) (공매도 비율: 6.54%, Ratio: 2.4)
4. *SNDK* | $2032.22 (-10.62%) (공매도 비율: 11.50%, Ratio: 1.0)
5. *MU* | $1032.28 (-10.57%) (공매도 비율: 3.69%, Ratio: 0.8)

🕵️ *주요 기업 내부자 지분 변동 (SEC Form 4)*
- *AX* (Axos Financial, Inc.) 
  └ 🟢 매수 | Garrabrants Gregory (Director) 
  └ 수량: 202,032주 | 평단가: $97.39 | 총액: *$19,675,896*
- *AX* (Axos Financial, Inc.) 
  └ 🟢 매수 | Garrabrants Gregory (Director) 
  └ 수량: 202,032주 | 평단가: $97.39 | 총액: *$19,675,896*
- *AX* (Axos Financial, Inc.) 
  └ 🔴 매도 | Garrabrants Gregory (Director) 
  └ 수량: 108,995주 | 평단가: $97.39 | 총액: *$10,615,023*
- *AX* (Axos Financial, Inc.) 
  └ 🔴 매도 | Garrabrants Gregory (Director) 
  └ 수량: 108,995주 | 평단가: $97.39 | 총액: *$10,615,023*
- *SNEX* (StoneX Group Inc.) 
  └ 🔴 매도 | Smith Philip Andrew (Director) 
  └ 수량: 37,500주 | 평단가: $118.75 | 총액: *$4,452,990*
- *SNEX* (StoneX Group Inc.) 
  └ 🔴 매도 | Smith Philip Andrew (Director) 
  └ 수량: 37,500주 | 평단가: $118.75 | 총액: *$4,452,990*
- *SNEX* (StoneX Group Inc.) 
  └ 🔴 매도 | Smith Philip Andrew (Director) 
  └ 수량: 14,040주 | 평단가: $118.67 | 총액: *$1,666,085*
- *SNEX* (StoneX Group Inc.) 
  └ 🔴 매도 | Smith Philip Andrew (Director) 
  └ 수량: 14,040주 | 평단가: $118.67 | 총액: *$1,666,085*
- *RUN* (Sunrun Inc.) 
  └ 🔴 매도 | Jurich Lynn Michelle (Director) 
  └ 수량: 50,000주 | 평단가: $13.61 | 총액: *$680,320*
- *RUN* (Sunrun Inc.) 
  └ 🔴 매도 | Jurich Lynn Michelle (Director) 
  └ 수량: 50,000주 | 평단가: $13.61 | 총액: *$680,320*
2026-07-03 08:00:01,525 - INFO - Loading environment variables from .env file...
2026-07-03 08:00:01,525 - INFO - Starting Daily US Market Monitor...
2026-07-03 08:00:02,635 - INFO - Fetching S&P 500 stock list from FinanceDataReader...
2026-07-03 08:00:03,082 - INFO - Downloading daily price data for 503 stocks using yfinance...
2026-07-03 08:00:05,751 - ERROR - $BRKB: possibly delisted; no price data found  (period=2d) (Yahoo error = "No data found, symbol may be delisted")
2026-07-03 08:00:08,342 - ERROR - $BFB: possibly delisted; no price data found  (period=2d) (Yahoo error = "No data found, symbol may be delisted")
2026-07-03 08:00:08,348 - ERROR - 
2 Failed downloads:
2026-07-03 08:00:08,349 - ERROR - ['BRKB', 'BFB']: possibly delisted; no price data found  (period=2d) (Yahoo error = "No data found, symbol may be delisted")
2026-07-03 08:00:20,206 - INFO - Fetching short interest data for movers...
2026-07-03 08:00:24,747 - INFO - Fetching SEC current Form 4 Atom feed...
2026-07-03 08:00:26,083 - INFO - Found 100 entries in SEC Atom feed.
2026-07-03 08:00:26,085 - INFO - Unique Form 4 index URLs to process: 100
2026-07-03 08:00:47,914 - INFO - Successfully saved 82856 cumulative insider transactions to /home/inhyuk/projects/dataScout/data_us/us_insider_transactions.xlsx
2026-07-03 08:00:47,918 - INFO - Uploading updated Excel sheet to Telegram chat: -1003877753638...
2026-07-03 08:00:53,324 - INFO - Successfully uploaded Excel sheet to Telegram.
2026-07-03 08:00:53,324 - INFO - Uploading US Market Report to Telegram chat: -1003877753638...
2026-07-03 08:00:54,400 - INFO - Successfully uploaded report to Telegram.

--- Generated Report ---
🇺🇸 *[미국 증시 일일 요약 리포트]* 🇺🇸

📈 *S&P 500 상승 TOP 5*
1. *GPC* | $132.57 (+12.92%) (공매도 비율: 7.17%, Ratio: 5.5)
2. *MRNA* | $79.76 (+10.01%) (공매도 비율: 18.09%, Ratio: 10.9)
3. *HONA* | $247.15 (+8.74%)
4. *EFX* | $172.07 (+6.10%) (공매도 비율: 5.60%, Ratio: 3.6)
5. *VRTX* | $528.04 (+6.03%) (공매도 비율: 2.05%, Ratio: 3.5)

📉 *S&P 500 하락 TOP 5*
1. *SNDK* | $1745.00 (-14.13%) (공매도 비율: 11.50%, Ratio: 1.0)
2. *TER* | $369.09 (-13.63%) (공매도 비율: 6.54%, Ratio: 2.4)
3. *KLAC* | $235.55 (-11.51%) (공매도 비율: 3.48%, Ratio: 3.5)
4. *FLEX* | $136.85 (-10.86%) (공매도 비율: 2.04%, Ratio: 1.2)
5. *GLW* | $196.79 (-10.81%) (공매도 비율: 3.12%, Ratio: 1.9)

🕵️ *주요 기업 내부자 지분 변동 (SEC Form 4)*
- *RDDT* (Reddit, Inc.) 
  └ 🔴 매도 | Huffman Steve Ladd (Director) 
  └ 수량: 8,901주 | 평단가: $173.77 | 총액: *$1,546,727*
- *RDDT* (Reddit, Inc.) 
  └ 🔴 매도 | Huffman Steve Ladd (Director) 
  └ 수량: 8,901주 | 평단가: $173.77 | 총액: *$1,546,727*
- *RDDT* (Reddit, Inc.) 
  └ 🔴 매도 | Huffman Steve Ladd (Director) 
  └ 수량: 4,999주 | 평단가: $172.91 | 총액: *$864,377*
- *RDDT* (Reddit, Inc.) 
  └ 🔴 매도 | Huffman Steve Ladd (Director) 
  └ 수량: 4,999주 | 평단가: $172.91 | 총액: *$864,377*
- *RDDT* (Reddit, Inc.) 
  └ 🟢 매수 | Huffman Steve Ladd (Director) 
  └ 수량: 18,000주 | 평단가: $25.29 | 총액: *$455,220*
- *RDDT* (Reddit, Inc.) 
  └ 🟢 매수 | Huffman Steve Ladd (Director) 
  └ 수량: 18,000주 | 평단가: $25.29 | 총액: *$455,220*
- *RDDT* (Reddit, Inc.) 
  └ 🔴 매도 | Huffman Steve Ladd (Director) 
  └ 수량: 2,200주 | 평단가: $171.74 | 총액: *$377,828*
- *RDDT* (Reddit, Inc.) 
  └ 🔴 매도 | Huffman Steve Ladd (Director) 
  └ 수량: 2,200주 | 평단가: $171.74 | 총액: *$377,828*
- *WSR* (Whitestone REIT) 
  └ 🔴 매도 | Holeman David K (Director) 
  └ 수량: 13,229주 | 평단가: $18.96 | 총액: *$250,822*
- *WSR* (Whitestone REIT) 
  └ 🔴 매도 | Holeman David K (Director) 
  └ 수량: 13,229주 | 평단가: $18.96 | 총액: *$250,822*
2026-07-04 08:00:01,470 - INFO - Loading environment variables from .env file...
2026-07-04 08:00:01,478 - INFO - Starting Daily US Market Monitor...
2026-07-04 08:00:02,331 - INFO - US market was closed on expected trading date 2026-07-03 (Last available: 2026-07-02). Skipping report.
2026-07-07 08:00:02,396 - INFO - Loading environment variables from .env file...
2026-07-07 08:00:02,398 - INFO - Starting Daily US Market Monitor...
2026-07-07 08:00:03,154 - INFO - Fetching S&P 500 stock list from FinanceDataReader...
2026-07-07 08:00:03,645 - INFO - Downloading daily price data for 503 stocks using yfinance...
2026-07-07 08:00:06,958 - ERROR - $BFB: possibly delisted; no price data found  (period=2d) (Yahoo error = "No data found, symbol may be delisted")
2026-07-07 08:00:07,389 - ERROR - $BRKB: possibly delisted; no price data found  (period=2d) (Yahoo error = "No data found, symbol may be delisted")
2026-07-07 08:00:16,852 - ERROR - $AON: possibly delisted; no price data found  (period=2d)
2026-07-07 08:00:16,857 - ERROR - 
3 Failed downloads:
2026-07-07 08:00:16,860 - ERROR - ['BFB', 'BRKB']: possibly delisted; no price data found  (period=2d) (Yahoo error = "No data found, symbol may be delisted")
2026-07-07 08:00:16,860 - ERROR - ['AON']: possibly delisted; no price data found  (period=2d)
2026-07-07 08:00:27,699 - INFO - Fetching short interest data for movers...
2026-07-07 08:00:32,536 - INFO - Fetching SEC current Form 4 Atom feed...
2026-07-07 08:00:32,845 - INFO - Found 100 entries in SEC Atom feed.
2026-07-07 08:00:32,846 - INFO - Unique Form 4 index URLs to process: 100
2026-07-07 08:00:56,642 - INFO - Successfully saved 82872 cumulative insider transactions to /home/inhyuk/projects/dataScout/data_us/us_insider_transactions.xlsx
2026-07-07 08:00:56,645 - INFO - Uploading updated Excel sheet to Telegram chat: -1003877753638...
2026-07-07 08:01:02,114 - INFO - Successfully uploaded Excel sheet to Telegram.
2026-07-07 08:01:02,114 - INFO - Uploading US Market Report to Telegram chat: -1003877753638...
2026-07-07 08:01:03,137 - INFO - Successfully uploaded report to Telegram.

--- Generated Report ---
🇺🇸 *[미국 증시 일일 요약 리포트]* 🇺🇸

📈 *S&P 500 상승 TOP 5*
1. *ANET* | $173.28 (+8.31%) (공매도 비율: 1.94%, Ratio: 2.3)
2. *WDC* | $577.46 (+7.14%) (공매도 비율: 8.66%, Ratio: 3.9)
3. *TSLA* | $419.77 (+6.69%) (공매도 비율: 2.34%, Ratio: 1.6)
4. *AMD* | $552.05 (+6.61%) (공매도 비율: 2.88%, Ratio: 1.5)
5. *NTAP* | $163.55 (+6.08%) (공매도 비율: 10.13%, Ratio: 4.1)

📉 *S&P 500 하락 TOP 5*
1. *ORLY* | $84.24 (-6.66%) (공매도 비율: 2.95%, Ratio: 3.5)
2. *AZO* | $2957.71 (-6.38%) (공매도 비율: 3.28%, Ratio: 1.3)
3. *ARE* | $49.87 (-5.15%) (공매도 비율: 4.74%, Ratio: 3.0)
4. *STZ* | $130.68 (-4.94%) (공매도 비율: 4.99%, Ratio: 3.5)
5. *TSCO* | $30.22 (-4.85%) (공매도 비율: 5.69%, Ratio: 2.0)

🕵️ *주요 기업 내부자 지분 변동 (SEC Form 4)*
- *PACS* (PACS Group, Inc.) 
  └ 🔴 매도 | Hancock Mark (Director) 
  └ 수량: 142,163주 | 평단가: $45.33 | 총액: *$6,444,860*
- *PACS* (PACS Group, Inc.) 
  └ 🔴 매도 | Hancock Mark (Director) 
  └ 수량: 142,163주 | 평단가: $45.33 | 총액: *$6,444,860*
- *IONS* (IONIS PHARMACEUTICALS INC) 
  └ 🔴 매도 | KLEIN JOSEPH III (Director) 
  └ 수량: 11,419주 | 평단가: $79.04 | 총액: *$902,551*
- *IONS* (IONIS PHARMACEUTICALS INC) 
  └ 🔴 매도 | KLEIN JOSEPH III (Director) 
  └ 수량: 11,419주 | 평단가: $79.04 | 총액: *$902,551*
- *PACS* (PACS Group, Inc.) 
  └ 🔴 매도 | Hancock Mark (Director) 
  └ 수량: 12,825주 | 평단가: $45.01 | 총액: *$577,290*
- *PACS* (PACS Group, Inc.) 
  └ 🔴 매도 | Hancock Mark (Director) 
  └ 수량: 12,825주 | 평단가: $45.01 | 총액: *$577,290*
- *IONS* (IONIS PHARMACEUTICALS INC) 
  └ 🟢 매수 | KLEIN JOSEPH III (Director) 
  └ 수량: 11,518주 | 평단가: $39.94 | 총액: *$460,029*
- *IONS* (IONIS PHARMACEUTICALS INC) 
  └ 🟢 매수 | KLEIN JOSEPH III (Director) 
  └ 수량: 11,518주 | 평단가: $39.94 | 총액: *$460,029*
- *PACS* (PACS Group, Inc.) 
  └ 🔴 매도 | Lewis Michelle Renee (Chief Accounting Officer) 
  └ 수량: 6,663주 | 평단가: $45.03 | 총액: *$300,032*
- *PACS* (PACS Group, Inc.) 
  └ 🔴 매도 | Lewis Michelle Renee (Chief Accounting Officer) 
  └ 수량: 6,663주 | 평단가: $45.03 | 총액: *$300,032*
2026-07-08 08:00:01,473 - INFO - Loading environment variables from .env file...
2026-07-08 08:00:01,473 - INFO - Starting Daily US Market Monitor...
2026-07-08 08:00:02,246 - INFO - Fetching S&P 500 stock list from FinanceDataReader...
2026-07-08 08:00:02,768 - INFO - Downloading daily price data for 503 stocks using yfinance...
2026-07-08 08:00:05,930 - ERROR - $BFB: possibly delisted; no price data found  (period=2d) (Yahoo error = "No data found, symbol may be delisted")
2026-07-08 08:00:07,693 - ERROR - $BRKB: possibly delisted; no price data found  (period=2d) (Yahoo error = "No data found, symbol may be delisted")
2026-07-08 08:00:07,701 - ERROR - 
2 Failed downloads:
2026-07-08 08:00:07,701 - ERROR - ['BFB', 'BRKB']: possibly delisted; no price data found  (period=2d) (Yahoo error = "No data found, symbol may be delisted")
2026-07-08 08:00:20,601 - INFO - Fetching short interest data for movers...
2026-07-08 08:00:24,988 - INFO - Fetching SEC current Form 4 Atom feed...
2026-07-08 08:00:25,298 - INFO - Found 100 entries in SEC Atom feed.
2026-07-08 08:00:25,299 - INFO - Unique Form 4 index URLs to process: 100
2026-07-08 08:00:46,789 - INFO - Successfully saved 82893 cumulative insider transactions to /home/inhyuk/projects/dataScout/data_us/us_insider_transactions.xlsx
2026-07-08 08:00:46,793 - INFO - Uploading updated Excel sheet to Telegram chat: -1003877753638...
2026-07-08 08:00:52,721 - INFO - Successfully uploaded Excel sheet to Telegram.
2026-07-08 08:00:52,721 - INFO - Uploading US Market Report to Telegram chat: -1003877753638...
2026-07-08 08:00:53,809 - INFO - Successfully uploaded report to Telegram.

--- Generated Report ---
🇺🇸 *[미국 증시 일일 요약 리포트]* 🇺🇸

📈 *S&P 500 상승 TOP 5*
1. *CTSH* | $43.94 (+6.21%) (공매도 비율: 12.66%, Ratio: 6.4)
2. *OXY* | $51.68 (+5.88%) (공매도 비율: 0.02%, Ratio: 0.0)
3. *CBOE* | $258.64 (+5.53%) (공매도 비율: 2.98%, Ratio: 2.9)
4. *GILD* | $136.36 (+5.21%) (공매도 비율: 1.92%, Ratio: 3.0)
5. *DVN* | $42.41 (+5.08%) (공매도 비율: 2.68%, Ratio: 2.0)

📉 *S&P 500 하락 TOP 5*
1. *INTC* | $110.39 (-9.66%) (공매도 비율: 2.86%, Ratio: 1.1)
2. *TER* | $343.11 (-9.59%) (공매도 비율: 6.54%, Ratio: 2.4)
3. *GNRC* | $235.80 (-8.54%) (공매도 비율: 3.84%, Ratio: 2.5)
4. *WDC* | $532.10 (-7.86%) (공매도 비율: 8.66%, Ratio: 3.9)
5. *MRVL* | $230.70 (-7.45%) (공매도 비율: 5.26%, Ratio: 0.7)

🕵️ *주요 기업 내부자 지분 변동 (SEC Form 4)*
- *ADPT* (Adaptive Biotechnologies Corp) 
  └ 🔴 매도 | ROBINS HARLAN S (Chief Scientific Officer) 
  └ 수량: 239,351주 | 평단가: $21.74 | 총액: *$5,203,491*
- *ADPT* (Adaptive Biotechnologies Corp) 
  └ 🔴 매도 | ROBINS HARLAN S (Chief Scientific Officer) 
  └ 수량: 239,351주 | 평단가: $21.74 | 총액: *$5,203,491*
- *ADPT* (Adaptive Biotechnologies Corp) 
  └ 🔴 매도 | ROBINS HARLAN S (Chief Scientific Officer) 
  └ 수량: 146,889주 | 평단가: $22.45 | 총액: *$3,297,658*
- *ADPT* (Adaptive Biotechnologies Corp) 
  └ 🔴 매도 | ROBINS HARLAN S (Chief Scientific Officer) 
  └ 수량: 146,889주 | 평단가: $22.45 | 총액: *$3,297,658*
- *VFLEX* (FIRST TRUST ALTERNATIVE OPPORTUNITIES FUND) 
  └ 🟢 매수 | CHAD EISENBERG (Treasurer) 
  └ 수량: 54,230주 | 평단가: $27.66 | 총액: *$1,500,002*
- *VFLEX* (FIRST TRUST ALTERNATIVE OPPORTUNITIES FUND) 
  └ 🟢 매수 | CHAD EISENBERG (Treasurer) 
  └ 수량: 54,230주 | 평단가: $27.66 | 총액: *$1,500,002*
- *WDAY* (Workday, Inc.) 
  └ 🔴 매도 | Kazmaier Gerrit S (President, Prod. and Tech.) 
  └ 수량: 8,976주 | 평단가: $135.40 | 총액: *$1,215,350*
- *WDAY* (Workday, Inc.) 
  └ 🔴 매도 | Kazmaier Gerrit S (President, Prod. and Tech.) 
  └ 수량: 8,976주 | 평단가: $135.40 | 총액: *$1,215,350*
- *WDAY* (Workday, Inc.) 
  └ 🔴 매도 | Rowe Zane (Chief Financial Officer) 
  └ 수량: 7,953주 | 평단가: $135.40 | 총액: *$1,076,836*
- *WDAY* (Workday, Inc.) 
  └ 🔴 매도 | Rowe Zane (Chief Financial Officer) 
  └ 수량: 7,953주 | 평단가: $135.40 | 총액: *$1,076,836*
2026-07-09 08:00:02,048 - INFO - Loading environment variables from .env file...
2026-07-09 08:00:02,048 - INFO - Starting Daily US Market Monitor...
2026-07-09 08:00:02,755 - INFO - Fetching S&P 500 stock list from FinanceDataReader...
2026-07-09 08:00:03,235 - INFO - Downloading daily price data for 503 stocks using yfinance...
2026-07-09 08:00:07,096 - ERROR - $BFB: possibly delisted; no price data found  (period=2d) (Yahoo error = "No data found, symbol may be delisted")
2026-07-09 08:00:08,076 - ERROR - $BRKB: possibly delisted; no price data found  (period=2d) (Yahoo error = "No data found, symbol may be delisted")
2026-07-09 08:00:08,081 - ERROR - 
2 Failed downloads:
2026-07-09 08:00:08,081 - ERROR - ['BFB', 'BRKB']: possibly delisted; no price data found  (period=2d) (Yahoo error = "No data found, symbol may be delisted")
2026-07-09 08:00:21,095 - ERROR - $UBER: possibly delisted; no price data found  (period=2d)
2026-07-09 08:00:21,098 - ERROR - 
1 Failed download:
2026-07-09 08:00:21,098 - ERROR - ['UBER']: possibly delisted; no price data found  (period=2d)
2026-07-09 08:00:22,489 - INFO - Fetching short interest data for movers...
2026-07-09 08:00:26,914 - INFO - Fetching SEC current Form 4 Atom feed...
2026-07-09 08:00:27,209 - INFO - Found 100 entries in SEC Atom feed.
2026-07-09 08:00:27,210 - INFO - Unique Form 4 index URLs to process: 100
2026-07-09 08:00:48,564 - INFO - Successfully saved 82903 cumulative insider transactions to /home/inhyuk/projects/dataScout/data_us/us_insider_transactions.xlsx
2026-07-09 08:00:48,568 - INFO - Uploading updated Excel sheet to Telegram chat: -1003877753638...
2026-07-09 08:00:53,784 - INFO - Successfully uploaded Excel sheet to Telegram.
2026-07-09 08:00:53,784 - INFO - Uploading US Market Report to Telegram chat: -1003877753638...
2026-07-09 08:00:54,868 - INFO - Successfully uploaded report to Telegram.

--- Generated Report ---
🇺🇸 *[미국 증시 일일 요약 리포트]* 🇺🇸

📈 *S&P 500 상승 TOP 5*
1. *AKAM* | $126.57 (+10.67%) (공매도 비율: 16.16%, Ratio: 3.9)
2. *ANET* | $181.05 (+8.76%) (공매도 비율: 1.94%, Ratio: 2.3)
3. *SMCI* | $28.17 (+7.31%) (공매도 비율: 19.42%, Ratio: 1.5)
4. *SNDK* | $1727.18 (+6.77%) (공매도 비율: 11.50%, Ratio: 1.0)
5. *VLO* | $282.88 (+6.26%) (공매도 비율: 4.31%, Ratio: 3.8)

📉 *S&P 500 하락 TOP 5*
1. *SYF* | $68.26 (-9.61%) (공매도 비율: 8.31%, Ratio: 5.8)
2. *MRNA* | $73.80 (-7.48%) (공매도 비율: 18.09%, Ratio: 10.9)
3. *SW* | $42.08 (-6.49%) (공매도 비율: 6.15%, Ratio: 5.3)
4. *AXON* | $599.80 (-6.35%) (공매도 비율: 5.65%, Ratio: 3.4)
5. *RMD* | $205.84 (-6.33%) (공매도 비율: 10.26%, Ratio: 8.6)

🕵️ *주요 기업 내부자 지분 변동 (SEC Form 4)*
- *PALI* (PALISADE BIO, INC.) 
  └ 🔴 매도 | Finley John David (Director) 
  └ 수량: 146,798주 | 평단가: $2.07 | 총액: *$303,343*
- *PALI* (PALISADE BIO, INC.) 
  └ 🔴 매도 | Finley John David (Director) 
  └ 수량: 146,798주 | 평단가: $2.07 | 총액: *$303,343*
- *MPT* (MEDICAL PROPERTIES TRUST INC) 
  └ 🔴 매도 | HAMNER R STEVEN (Director) 
  └ 수량: 48,548주 | 평단가: $4.61 | 총액: *$223,806*
- *MPT* (MEDICAL PROPERTIES TRUST INC) 
  └ 🔴 매도 | HAMNER R STEVEN (Director) 
  └ 수량: 48,548주 | 평단가: $4.61 | 총액: *$223,806*
- *PALI* (PALISADE BIO, INC.) 
  └ 🟢 매수 | Baltera Robert Jr. (Director) 
  └ 수량: 30,000주 | 평단가: $2.03 | 총액: *$61,044*
- *PALI* (PALISADE BIO, INC.) 
  └ 🟢 매수 | Baltera Robert Jr. (Director) 
  └ 수량: 30,000주 | 평단가: $2.03 | 총액: *$61,044*
- *PALI* (PALISADE BIO, INC.) 
  └ 🟢 매수 | Baltera Robert Jr. (Director) 
  └ 수량: 20,000주 | 평단가: $2.05 | 총액: *$41,040*
- *PALI* (PALISADE BIO, INC.) 
  └ 🟢 매수 | Baltera Robert Jr. (Director) 
  └ 수량: 20,000주 | 평단가: $2.05 | 총액: *$41,040*
2026-07-10 08:00:02,255 - INFO - Loading environment variables from .env file...
2026-07-10 08:00:02,263 - INFO - Starting Daily US Market Monitor...
2026-07-10 08:00:03,184 - INFO - Fetching S&P 500 stock list from FinanceDataReader...
2026-07-10 08:00:03,688 - INFO - Downloading daily price data for 503 stocks using yfinance...
2026-07-10 08:00:05,507 - ERROR - $BRKB: possibly delisted; no price data found  (period=2d) (Yahoo error = "No data found, symbol may be delisted")
2026-07-10 08:00:08,315 - ERROR - $BFB: possibly delisted; no price data found  (period=2d) (Yahoo error = "No data found, symbol may be delisted")
2026-07-10 08:00:08,325 - ERROR - 
2 Failed downloads:
2026-07-10 08:00:08,325 - ERROR - ['BRKB', 'BFB']: possibly delisted; no price data found  (period=2d) (Yahoo error = "No data found, symbol may be delisted")
2026-07-10 08:00:19,446 - ERROR - $JPM: possibly delisted; no price data found  (period=2d)
2026-07-10 08:00:20,662 - ERROR - 
1 Failed download:
2026-07-10 08:00:20,662 - ERROR - ['JPM']: possibly delisted; no price data found  (period=2d)
2026-07-10 08:00:22,066 - INFO - Fetching short interest data for movers...
2026-07-10 08:00:26,673 - INFO - Fetching SEC current Form 4 Atom feed...
2026-07-10 08:00:26,929 - INFO - Found 100 entries in SEC Atom feed.
2026-07-10 08:00:26,930 - INFO - Unique Form 4 index URLs to process: 97
2026-07-10 08:00:48,539 - INFO - Successfully saved 82944 cumulative insider transactions to /home/inhyuk/projects/dataScout/data_us/us_insider_transactions.xlsx
2026-07-10 08:00:48,542 - INFO - Uploading updated Excel sheet to Telegram chat: -1003877753638...
2026-07-10 08:00:53,905 - INFO - Successfully uploaded Excel sheet to Telegram.
2026-07-10 08:00:53,906 - INFO - Uploading US Market Report to Telegram chat: -1003877753638...
2026-07-10 08:00:55,045 - INFO - Successfully uploaded report to Telegram.

--- Generated Report ---
🇺🇸 *[미국 증시 일일 요약 리포트]* 🇺🇸

📈 *S&P 500 상승 TOP 5*
1. *LITE* | $785.77 (+11.13%) (공매도 비율: 13.22%, Ratio: 1.5)
2. *HPE* | $49.11 (+9.94%) (공매도 비율: 6.55%, Ratio: 2.0)
3. *FDXF* | $154.25 (+7.64%)
4. *SNDK* | $1858.27 (+7.59%) (공매도 비율: 11.50%, Ratio: 1.0)
5. *NCLH* | $19.76 (+6.98%) (공매도 비율: 20.56%, Ratio: 3.7)

📉 *S&P 500 하락 TOP 5*
1. *APA* | $33.29 (-5.05%) (공매도 비율: 10.35%, Ratio: 5.2)
2. *PSKY* | $9.33 (-4.31%) (공매도 비율: 15.31%, Ratio: 10.4)
3. *COST* | $912.97 (-4.21%) (공매도 비율: 1.77%, Ratio: 3.2)
4. *CINF* | $175.43 (-3.38%) (공매도 비율: 2.45%, Ratio: 5.0)
5. *PEP* | $137.86 (-3.26%) (공매도 비율: 2.56%, Ratio: 3.6)

🕵️ *주요 기업 내부자 지분 변동 (SEC Form 4)*
- *IOT* (Samsara Inc.) 
  └ 🔴 매도 | Bicket John (Director) 
  └ 수량: 154,842주 | 평단가: $36.56 | 총액: *$5,661,798*
- *IOT* (Samsara Inc.) 
  └ 🔴 매도 | Bicket John (Director) 
  └ 수량: 154,842주 | 평단가: $36.56 | 총액: *$5,661,798*
- *IOT* (Samsara Inc.) 
  └ 🔴 매도 | Biswas Sanjit (Director) 
  └ 수량: 152,358주 | 평단가: $36.56 | 총액: *$5,570,559*
- *IOT* (Samsara Inc.) 
  └ 🔴 매도 | Biswas Sanjit (Director) 
  └ 수량: 152,358주 | 평단가: $36.56 | 총액: *$5,570,559*
- *NBIX* (NEUROCRINE BIOSCIENCES INC) 
  └ 🔴 매도 | Delaet Ingrid (Chief Regulatory Officer) 
  └ 수량: 8,433주 | 평단가: $178.72 | 총액: *$1,507,135*
- *NBIX* (NEUROCRINE BIOSCIENCES INC) 
  └ 🔴 매도 | Delaet Ingrid (Chief Regulatory Officer) 
  └ 수량: 8,433주 | 평단가: $178.72 | 총액: *$1,507,135*
- *IOT* (Samsara Inc.) 
  └ 🔴 매도 | Biswas Sanjit (Director) 
  └ 수량: 33,841주 | 평단가: $36.71 | 총액: *$1,242,320*
- *IOT* (Samsara Inc.) 
  └ 🔴 매도 | Biswas Sanjit (Director) 
  └ 수량: 33,841주 | 평단가: $36.71 | 총액: *$1,242,320*
- *IOT* (Samsara Inc.) 
  └ 🔴 매도 | Bicket John (Director) 
  └ 수량: 33,489주 | 평단가: $36.71 | 총액: *$1,229,308*
- *IOT* (Samsara Inc.) 
  └ 🔴 매도 | Bicket John (Director) 
  └ 수량: 33,489주 | 평단가: $36.71 | 총액: *$1,229,308*
2026-07-11 08:00:01,573 - INFO - Loading environment variables from .env file...
2026-07-11 08:00:01,573 - INFO - Starting Daily US Market Monitor...
2026-07-11 08:00:02,873 - INFO - Fetching S&P 500 stock list from FinanceDataReader...
2026-07-11 08:00:03,378 - INFO - Downloading daily price data for 503 stocks using yfinance...
2026-07-11 08:00:05,433 - ERROR - $BRKB: possibly delisted; no price data found  (period=2d) (Yahoo error = "No data found, symbol may be delisted")
2026-07-11 08:00:08,795 - ERROR - $BFB: possibly delisted; no price data found  (period=2d) (Yahoo error = "No data found, symbol may be delisted")
2026-07-11 08:00:16,288 - ERROR - $XYZ: possibly delisted; no price data found  (period=2d)
2026-07-11 08:00:16,841 - ERROR - $FIS: possibly delisted; no price data found  (period=2d)
2026-07-11 08:00:16,842 - ERROR - 
4 Failed downloads:
2026-07-11 08:00:16,842 - ERROR - ['BRKB', 'BFB']: possibly delisted; no price data found  (period=2d) (Yahoo error = "No data found, symbol may be delisted")
2026-07-11 08:00:16,842 - ERROR - ['XYZ', 'FIS']: possibly delisted; no price data found  (period=2d)
2026-07-11 08:00:21,957 - INFO - Fetching short interest data for movers...
2026-07-11 08:00:26,269 - INFO - Fetching SEC current Form 4 Atom feed...
2026-07-11 08:00:26,517 - INFO - Found 100 entries in SEC Atom feed.
2026-07-11 08:00:26,518 - INFO - Unique Form 4 index URLs to process: 100
2026-07-11 08:00:47,533 - INFO - Successfully saved 82954 cumulative insider transactions to /home/inhyuk/projects/dataScout/data_us/us_insider_transactions.xlsx
2026-07-11 08:00:47,537 - INFO - Uploading updated Excel sheet to Telegram chat: -1003877753638...
2026-07-11 08:00:53,509 - INFO - Successfully uploaded Excel sheet to Telegram.
2026-07-11 08:00:53,510 - INFO - Uploading US Market Report to Telegram chat: -1003877753638...
2026-07-11 08:00:54,569 - INFO - Successfully uploaded report to Telegram.

--- Generated Report ---
🇺🇸 *[미국 증시 일일 요약 리포트]* 🇺🇸

📈 *S&P 500 상승 TOP 5*
1. *META* | $669.21 (+5.97%) (공매도 비율: 1.37%, Ratio: 1.7)
2. *WY* | $23.45 (+4.22%) (공매도 비율: 3.92%, Ratio: 4.4)
3. *SBAC* | $190.03 (+4.14%) (공매도 비율: 3.05%, Ratio: 2.6)
4. *NVDA* | $210.96 (+4.03%) (공매도 비율: 1.29%, Ratio: 1.7)
5. *CCI* | $79.66 (+3.89%) (공매도 비율: 3.44%, Ratio: 3.1)

📉 *S&P 500 하락 TOP 5*
1. *MRNA* | $68.27 (-10.83%) (공매도 비율: 18.09%, Ratio: 10.9)
2. *CRWD* | $187.18 (-5.66%) (공매도 비율: 3.08%, Ratio: 2.0)
3. *DDOG* | $257.54 (-4.26%) (공매도 비율: 5.09%, Ratio: 2.4)
4. *FTNT* | $157.51 (-3.80%) (공매도 비율: 3.10%, Ratio: 3.0)
5. *GILD* | $129.83 (-3.72%) (공매도 비율: 1.92%, Ratio: 3.0)

🕵️ *주요 기업 내부자 지분 변동 (SEC Form 4)*
- *TSHA* (Taysha Gene Therapies, Inc.) 
  └ 🔴 매도 | Nagendran Sukumar (Director) 
  └ 수량: 200,000주 | 평단가: $6.24 | 총액: *$1,248,000*
- *TSHA* (Taysha Gene Therapies, Inc.) 
  └ 🔴 매도 | Nagendran Sukumar (Director) 
  └ 수량: 200,000주 | 평단가: $6.24 | 총액: *$1,248,000*
- *AVGO* (Broadcom Inc.) 
  └ 🔴 매도 | DELLY GAYLA J (Director) 
  └ 수량: 1,890주 | 평단가: $385.38 | 총액: *$728,368*
- *AVGO* (Broadcom Inc.) 
  └ 🔴 매도 | DELLY GAYLA J (Director) 
  └ 수량: 1,890주 | 평단가: $385.38 | 총액: *$728,368*
