2026-07-06 16:10:02,412 - INFO - Market group: KR (한국 마감 지수·섹터)
2026-07-06 16:10:02,413 - INFO - Total indicators: 14
2026-07-06 16:10:02,413 - INFO - Downloading data for 14 indicators (period=6mo)...
2026-07-06 16:10:03,762 - INFO - Downloaded 122 days of data, 14 tickers
2026-07-06 16:10:03,765 - INFO - Computed returns for 14 indicators
2026-07-06 16:10:04,060 - INFO - Heatmap saved: /home/inhyuk/projects/dataScout/data_us/indicator_charts/heatmap_20260706_kr.png
2026-07-06 16:10:04,357 - INFO - Category chart saved: /home/inhyuk/projects/dataScout/data_us/indicator_charts/chart_20260706_한국_지수.png
2026-07-06 16:10:05,305 - INFO - Category chart saved: /home/inhyuk/projects/dataScout/data_us/indicator_charts/chart_20260706_한국_섹터_(etf).png
2026-07-06 16:10:05,305 - INFO - Sending heatmap to Telegram...
2026-07-06 16:10:08,397 - INFO - Heatmap: sent
2026-07-06 16:10:09,397 - INFO - Sending 한국 지수...
2026-07-06 16:10:12,307 - INFO -   한국 지수 sent.
2026-07-06 16:10:12,807 - INFO - Sending 한국 섹터 (ETF)...
2026-07-06 16:10:16,722 - INFO -   한국 섹터 (ETF) sent.

======================================================================
한국 마감 지수·섹터 Summary (20260706)
======================================================================
  091160.KS  ₩153,510.00  1D:  -2.4%  1W:  -9.2%  1M:  -2.3%  3M: +76.8%  YTD:+117.1%  | 3개월 +77% 급등세. 1주 -9.2% 급락. 금일 -2.4% 하락.
  091170.KS  ₩ 15,875.00  1D:  -0.2%  1W:  +8.9%  1M:  -0.1%  3M: +12.0%  YTD: +25.9%  | 3개월 +12% 상승 추세. 1주 +8.9% 급등.
  091180.KS  ₩ 32,300.00  1D:  +3.8%  1W:  +4.2%  1M: -16.8%  3M: +13.0%  YTD: +32.0%  | 3개월 +13% 상승 추세. 반등 시도 중. 금일 +3.8% 상승.
  102970.KS  ₩ 23,610.00  1D:  +3.1%  1W:  +8.6%  1M:  -6.7%  3M:  -3.3%  YTD: +43.2%  | 3개월 횡보 구간. 반등 시도 중. 금일 +3.1% 상승.
  117460.KS  ₩ 12,990.00  1D:  -1.1%  1W:  -4.1%  1M: -16.8%  3M:  -9.4%  YTD:  +1.1%  | 3개월 -9% 하락 추세.
  117680.KS  ₩ 11,500.00  1D:  +0.3%  1W:  -2.5%  1M: -18.1%  3M: -16.6%  YTD:  -5.4%  | 3개월 -17% 급락세.
  117700.KS  ₩  6,560.00  1D:  -0.2%  1W:  -0.8%  1M:  -9.5%  3M:  -2.0%  YTD: +54.6%  | 3개월 횡보 구간.
  143860.KS  ₩ 38,025.00  1D:  -3.6%  1W:  -7.9%  1M:  -6.4%  3M: -20.8%  YTD: -24.3%  | 3개월 -21% 급락세. 1주 -7.9% 급락. 금일 -3.6% 하락.
  244580.KS  ₩  8,705.00  1D:  -3.9%  1W: -11.5%  1M: -15.2%  3M: -28.1%  YTD: -31.0%  | 3개월 -28% 급락세. 1주 -11.5% 급락. 금일 -3.9% 하락.
  305720.KS  ₩ 14,105.00  1D:  -2.0%  1W: -12.1%  1M: -21.3%  3M: -14.5%  YTD:  +0.6%  | 3개월 -14% 하락 추세. 1주 -12.1% 급락. 금일 -2.0% 하락.
  449450.KS  ₩ 64,620.00  1D:  +1.7%  1W:  +7.9%  1M:  +5.1%  3M:  -0.6%  YTD: +12.2%  | 3개월 횡보 구간. 단기 강세 가속.
  ^KQ11           847.07  1D:  -2.5%  1W:  -8.0%  1M: -15.5%  3M: -19.5%  YTD: -11.4%  | 3개월 -20% 급락세. 1주 -8.0% 급락. 금일 -2.5% 하락.
  ^KS11         8,051.33  1D:  -0.5%  1W:  -4.1%  1M:  -1.3%  3M: +59.4%  YTD: +77.9%  | 3개월 +59% 급등세.
  ^KS200        1,293.13  1D:  -0.5%  1W:  -4.4%  1M:  -0.3%  3M: +73.7%  YTD: +96.1%  | 3개월 +74% 급등세.
======================================================================
2026-07-07 16:10:02,154 - INFO - Market group: KR (한국 마감 지수·섹터)
2026-07-07 16:10:02,162 - INFO - Total indicators: 14
2026-07-07 16:10:02,162 - INFO - Downloading data for 14 indicators (period=6mo)...
2026-07-07 16:10:03,207 - INFO - Downloaded 122 days of data, 14 tickers
2026-07-07 16:10:03,210 - INFO - Computed returns for 14 indicators
2026-07-07 16:10:03,541 - INFO - Heatmap saved: /home/inhyuk/projects/dataScout/data_us/indicator_charts/heatmap_20260707_kr.png
2026-07-07 16:10:03,843 - INFO - Category chart saved: /home/inhyuk/projects/dataScout/data_us/indicator_charts/chart_20260707_한국_지수.png
2026-07-07 16:10:04,787 - INFO - Category chart saved: /home/inhyuk/projects/dataScout/data_us/indicator_charts/chart_20260707_한국_섹터_(etf).png
2026-07-07 16:10:04,787 - INFO - Sending heatmap to Telegram...
2026-07-07 16:10:07,895 - INFO - Heatmap: sent
2026-07-07 16:10:08,895 - INFO - Sending 한국 지수...
2026-07-07 16:10:12,019 - INFO -   한국 지수 sent.
2026-07-07 16:10:12,519 - INFO - Sending 한국 섹터 (ETF)...
2026-07-07 16:10:16,298 - INFO -   한국 섹터 (ETF) sent.

======================================================================
한국 마감 지수·섹터 Summary (20260707)
======================================================================
  091160.KS  ₩143,560.00  1D:  -6.5%  1W: -17.2%  1M:  +1.2%  3M: +49.8%  YTD:+104.4%  | 3개월 +50% 급등세. 1주 -17.2% 급락. 금일 -6.5% 급락.
  091170.KS  ₩ 16,100.00  1D:  +1.4%  1W:  +9.6%  1M: +10.6%  3M:  +8.5%  YTD: +29.6%  | 3개월 횡보 구간. 단기 강세 가속.
  091180.KS  ₩ 31,220.00  1D:  -3.3%  1W:  +2.2%  1M: -12.5%  3M:  +2.6%  YTD: +20.8%  | 3개월 횡보 구간. 반등 시도 중. 금일 -3.3% 하락.
  102970.KS  ₩ 22,595.00  1D:  -4.3%  1W:  +3.6%  1M:  +0.1%  3M: -14.5%  YTD: +40.1%  | 3개월 -14% 하락 추세. 금일 -4.3% 하락.
  117460.KS  ₩ 13,090.00  1D:  +0.8%  1W:  -1.2%  1M:  -8.8%  3M: -13.0%  YTD:  +3.5%  | 3개월 -13% 하락 추세.
  117680.KS  ₩ 11,190.00  1D:  -2.7%  1W:  -2.1%  1M: -14.3%  3M: -23.9%  YTD:  -8.6%  | 3개월 -24% 급락세. 금일 -2.7% 하락.
  117700.KS  ₩  6,395.00  1D:  -2.5%  1W:  -2.4%  1M:  -4.2%  3M: -14.1%  YTD: +53.2%  | 3개월 -14% 하락 추세. 금일 -2.5% 하락.
  143860.KS  ₩ 38,960.00  1D:  +2.5%  1W:  -1.8%  1M:  +5.5%  3M: -21.9%  YTD: -22.8%  | 3개월 -22% 급락세. 금일 +2.5% 상승.
  244580.KS  ₩  8,825.00  1D:  +1.4%  1W:  -5.6%  1M:  -3.9%  3M: -30.8%  YTD: -30.0%  | 3개월 -31% 급락세. 1주 -5.6% 급락.
  305720.KS  ₩ 13,595.00  1D:  -3.6%  1W:  -9.7%  1M: -16.5%  3M: -21.2%  YTD:  -1.4%  | 3개월 -21% 급락세. 1주 -9.7% 급락. 금일 -3.6% 하락.
  449450.KS  ₩ 59,635.00  1D:  -7.7%  1W:  +3.9%  1M:  +3.8%  3M: -18.5%  YTD:  +4.1%  | 3개월 -19% 급락세. 금일 -7.7% 급락.
  ^KQ11           831.23  1D:  -1.9%  1W:  -9.3%  1M:  -8.8%  3M: -25.5%  YTD: -12.3%  | 3개월 -26% 급락세. 1주 -9.3% 급락.
  ^KS11         7,656.31  1D:  -4.9%  1W:  -9.7%  1M:  +2.3%  3M: +39.7%  YTD: +68.2%  | 3개월 +40% 급등세. 1주 -9.7% 급락. 금일 -4.9% 하락.
  ^KS200        1,225.57  1D:  -5.7%  1W:  -9.4%  1M:  -5.5%  3M: +64.6%  YTD: +84.4%  | 3개월 +65% 급등세. 1주 -9.4% 급락. 금일 -5.7% 급락.
======================================================================
