2026-06-29 11:00:02,232 - INFO - Loading DRAMeXchange homepage with headless Chrome...
2026-06-29 11:00:13,567 - INFO -   dram_spot: 7 products scraped.
2026-06-29 11:00:13,711 - INFO -   nand_spot: 4 products scraped.
2026-06-29 11:00:13,839 - INFO -   memcard_spot: 4 products scraped.
2026-06-29 11:00:13,934 - INFO -   module_spot: 3 products scraped.
2026-06-29 11:00:14,004 - INFO -   gddr_spot: 2 products scraped.
2026-06-29 11:00:14,101 - INFO -   nand_wafer_spot: 3 products scraped.
2026-06-29 11:00:14,160 - INFO - Scraped 23 products across 6 categories.
2026-06-29 11:00:14,160 - INFO - History saved to /home/inhyuk/projects/dataScout/data_us/dramexchange/price_history.json
2026-06-29 11:00:14,161 - INFO - Appended DDR5 CSV: 2026-06-29 $46.733

============================================================
DRAMeXchange Price Snapshot (2026-06-29 11:00:14)
============================================================

[DRAM SPOT]
  DDR5 16Gb (2Gx8) 4800/5600                    Avg: $46.733     Change: 0.00%
  DDR5 16Gb (2Gx8) eTT                          Avg: $23.500     Change: 0.00%
  DDR4 16Gb (2Gx8) 3200                         Avg: $72.317     Change: +1.02%
  DDR4 16Gb (2Gx8) eTT                          Avg: $11.675     Change: 0.00%
  DDR4 8Gb (1Gx8) 3200                          Avg: $36.000     Change: 0.00%
  DDR4 8Gb (1Gx8) eTT                           Avg: $4.300      Change: -0.49%
  DDR3 4Gb 512Mx8 1600/1866                     Avg: $11.571     Change: +0.62%

[NAND SPOT]
  SLC 2Gb 256MBx8                               Avg: $3.913      Change: +0.33%
  SLC 1Gb 128MBx8                               Avg: $3.578      Change: +0.42%
  MLC 64Gb 8GBx8                                Avg: $28.182     Change: +6.17%
  MLC 32Gb 4GBx8                                Avg: $14.000     Change: +5.53%

[MEMCARD SPOT]
  MicroSD 16GB                                  Avg: $2.925      Change: -0.85%
  MicroSD 32GB                                  Avg: $4.575      Change: -3.68%
  MicroSD 64GB                                  Avg: $6.800      Change: -4.90%
  MicroSD 128GB                                 Avg: $13.550     Change: -4.58%

[MODULE SPOT]
  DDR5 UDIMM 16GB 4800/5600                     Avg: $209.000    Change: 0.00%
  DDR5 RDIMM 32GB 4800/5600                     Avg: $1275.000   Change: +2.00%
  DDR4 UDIMM 16GB 3200                          Avg: $149.924    Change: -0.11%

[GDDR SPOT]
  GDDR5 8Gb                                     Avg: $11.545     Change: 0.00%
  GDDR6 8Gb                                     Avg: $11.522     Change: 0.00%

[NAND WAFER SPOT]
  512Gb TLC                                     Avg: $20.069     Change: -1.77%
  256Gb TLC                                     Avg: $10.180     Change: -1.85%
  128Gb TLC                                     Avg: $6.487      Change: -0.96%
============================================================
2026-06-29 15:00:02,204 - INFO - Loading DRAMeXchange homepage with headless Chrome...
2026-06-29 15:00:10,393 - WARNING - Table '#tb_NationalDramSpotPrice' not found.
2026-06-29 15:00:10,398 - WARNING - Table '#tb_NationalFlashSpotPrice' not found.
2026-06-29 15:00:10,402 - WARNING - Table '#tb_MemCardSpotPrice' not found.
2026-06-29 15:00:10,465 - ERROR - No data scraped. Exiting.
2026-06-29 18:00:01,491 - INFO - Loading DRAMeXchange homepage with headless Chrome...
2026-06-29 18:00:09,613 - WARNING - Table '#tb_NationalDramSpotPrice' not found.
2026-06-29 18:00:09,618 - WARNING - Table '#tb_NationalFlashSpotPrice' not found.
2026-06-29 18:00:09,622 - WARNING - Table '#tb_MemCardSpotPrice' not found.
2026-06-29 18:00:09,684 - ERROR - No data scraped. Exiting.
2026-06-30 11:00:01,977 - INFO - Loading DRAMeXchange homepage with headless Chrome...
2026-06-30 11:00:13,680 - INFO -   dram_spot: 7 products scraped.
2026-06-30 11:00:13,827 - INFO -   nand_spot: 4 products scraped.
2026-06-30 11:00:13,960 - INFO -   memcard_spot: 4 products scraped.
2026-06-30 11:00:14,072 - INFO -   module_spot: 3 products scraped.
2026-06-30 11:00:14,158 - INFO -   gddr_spot: 2 products scraped.
2026-06-30 11:00:14,269 - INFO -   nand_wafer_spot: 3 products scraped.
2026-06-30 11:00:14,328 - INFO - Scraped 23 products across 6 categories.
2026-06-30 11:00:14,329 - INFO - History saved to /home/inhyuk/projects/dataScout/data_us/dramexchange/price_history.json
2026-06-30 11:00:14,329 - INFO - Appended DDR5 CSV: 2026-06-30 $46.733

============================================================
DRAMeXchange Price Snapshot (2026-06-30 11:00:14)
============================================================

[DRAM SPOT]
  DDR5 16Gb (2Gx8) 4800/5600                    Avg: $46.733     Change: 0.00%
  DDR5 16Gb (2Gx8) eTT                          Avg: $23.500     Change: 0.00%
  DDR4 16Gb (2Gx8) 3200                         Avg: $72.988     Change: +0.93%
  DDR4 16Gb (2Gx8) eTT                          Avg: $11.650     Change: -0.21%
  DDR4 8Gb (1Gx8) 3200                          Avg: $36.000     Change: 0.00%
  DDR4 8Gb (1Gx8) eTT                           Avg: $4.279      Change: -0.49%
  DDR3 4Gb 512Mx8 1600/1866                     Avg: $11.762     Change: +1.65%

[NAND SPOT]
  SLC 2Gb 256MBx8                               Avg: $3.920      Change: +0.18%
  SLC 1Gb 128MBx8                               Avg: $3.598      Change: +0.56%
  MLC 64Gb 8GBx8                                Avg: $29.068     Change: +3.14%
  MLC 32Gb 4GBx8                                Avg: $14.500     Change: +3.57%

[MEMCARD SPOT]
  MicroSD 16GB                                  Avg: $2.900      Change: -0.86%
  MicroSD 32GB                                  Avg: $4.525      Change: -1.09%
  MicroSD 64GB                                  Avg: $6.750      Change: -0.74%
  MicroSD 128GB                                 Avg: $13.400     Change: -1.11%

[MODULE SPOT]
  DDR5 UDIMM 16GB 4800/5600                     Avg: $208.500    Change: -0.24%
  DDR5 RDIMM 32GB 4800/5600                     Avg: $1335.000   Change: +4.71%
  DDR4 UDIMM 16GB 3200                          Avg: $149.576    Change: -0.23%

[GDDR SPOT]
  GDDR5 8Gb                                     Avg: $11.545     Change: 0.00%
  GDDR6 8Gb                                     Avg: $11.522     Change: 0.00%

[NAND WAFER SPOT]
  512Gb TLC                                     Avg: $20.069     Change: -1.77%
  256Gb TLC                                     Avg: $10.180     Change: -1.85%
  128Gb TLC                                     Avg: $6.487      Change: -0.96%
============================================================
2026-06-30 11:00:14,698 - INFO - DDR5 chart saved: /home/inhyuk/projects/dataScout/data_us/dramexchange/ddr5_spot_chart.png
2026-06-30 11:00:17,155 - INFO - DDR5 chart uploaded to Telegram ✅
2026-06-30 15:00:01,535 - INFO - Loading DRAMeXchange homepage with headless Chrome...
2026-06-30 15:00:12,439 - INFO -   dram_spot: 7 products scraped.
2026-06-30 15:00:12,595 - INFO -   nand_spot: 4 products scraped.
2026-06-30 15:00:12,739 - INFO -   memcard_spot: 4 products scraped.
2026-06-30 15:00:12,851 - INFO -   module_spot: 3 products scraped.
2026-06-30 15:00:12,923 - INFO -   gddr_spot: 2 products scraped.
2026-06-30 15:00:13,024 - INFO -   nand_wafer_spot: 3 products scraped.
2026-06-30 15:00:13,082 - INFO - Scraped 23 products across 6 categories.
2026-06-30 15:00:13,083 - INFO - History saved to /home/inhyuk/projects/dataScout/data_us/dramexchange/price_history.json
2026-06-30 15:00:13,083 - INFO - DDR5 CSV already has data through 2026-06-30. Skipping (today=2026-06-30).

============================================================
DRAMeXchange Price Snapshot (2026-06-30 15:00:13)
============================================================

[DRAM SPOT]
  DDR5 16Gb (2Gx8) 4800/5600                    Avg: $46.833     Change: +0.21%
  DDR5 16Gb (2Gx8) eTT                          Avg: $23.500     Change: 0.00%
  DDR4 16Gb (2Gx8) 3200                         Avg: $73.744     Change: +1.04%
  DDR4 16Gb (2Gx8) eTT                          Avg: $11.650     Change: 0.00%
  DDR4 8Gb (1Gx8) 3200                          Avg: $36.000     Change: 0.00%
  DDR4 8Gb (1Gx8) eTT                           Avg: $4.257      Change: -0.51%
  DDR3 4Gb 512Mx8 1600/1866                     Avg: $11.952     Change: +1.62%

[NAND SPOT]
  SLC 2Gb 256MBx8                               Avg: $3.920      Change: +0.18%
  SLC 1Gb 128MBx8                               Avg: $3.598      Change: +0.56%
  MLC 64Gb 8GBx8                                Avg: $29.068     Change: +3.14%
  MLC 32Gb 4GBx8                                Avg: $14.500     Change: +3.57%

[MEMCARD SPOT]
  MicroSD 16GB                                  Avg: $2.900      Change: -0.86%
  MicroSD 32GB                                  Avg: $4.525      Change: -1.09%
  MicroSD 64GB                                  Avg: $6.750      Change: -0.74%
  MicroSD 128GB                                 Avg: $13.400     Change: -1.11%

[MODULE SPOT]
  DDR5 UDIMM 16GB 4800/5600                     Avg: $208.500    Change: -0.24%
  DDR5 RDIMM 32GB 4800/5600                     Avg: $1335.000   Change: +4.71%
  DDR4 UDIMM 16GB 3200                          Avg: $149.576    Change: -0.23%

[GDDR SPOT]
  GDDR5 8Gb                                     Avg: $11.545     Change: 0.00%
  GDDR6 8Gb                                     Avg: $11.522     Change: 0.00%

[NAND WAFER SPOT]
  512Gb TLC                                     Avg: $20.069     Change: -1.77%
  256Gb TLC                                     Avg: $10.180     Change: -1.85%
  128Gb TLC                                     Avg: $6.487      Change: -0.96%
============================================================
2026-06-30 15:00:13,427 - INFO - DDR5 chart saved: /home/inhyuk/projects/dataScout/data_us/dramexchange/ddr5_spot_chart.png
2026-06-30 15:00:14,921 - INFO - DDR5 chart uploaded to Telegram ✅
2026-06-30 18:00:01,700 - INFO - Loading DRAMeXchange homepage with headless Chrome...
2026-06-30 18:00:13,905 - INFO -   dram_spot: 7 products scraped.
2026-06-30 18:00:14,055 - INFO -   nand_spot: 4 products scraped.
2026-06-30 18:00:14,214 - INFO -   memcard_spot: 4 products scraped.
2026-06-30 18:00:14,336 - INFO -   module_spot: 3 products scraped.
2026-06-30 18:00:14,422 - INFO -   gddr_spot: 2 products scraped.
2026-06-30 18:00:14,539 - INFO -   nand_wafer_spot: 3 products scraped.
2026-06-30 18:00:14,596 - INFO - Scraped 23 products across 6 categories.
2026-06-30 18:00:14,597 - INFO - History saved to /home/inhyuk/projects/dataScout/data_us/dramexchange/price_history.json
2026-06-30 18:00:14,597 - INFO - DDR5 CSV already has data through 2026-06-30. Skipping (today=2026-06-30).

============================================================
DRAMeXchange Price Snapshot (2026-06-30 18:00:14)
============================================================

[DRAM SPOT]
  DDR5 16Gb (2Gx8) 4800/5600                    Avg: $46.833     Change: +0.21%
  DDR5 16Gb (2Gx8) eTT                          Avg: $23.500     Change: 0.00%
  DDR4 16Gb (2Gx8) 3200                         Avg: $73.744     Change: +1.04%
  DDR4 16Gb (2Gx8) eTT                          Avg: $11.650     Change: 0.00%
  DDR4 8Gb (1Gx8) 3200                          Avg: $36.000     Change: 0.00%
  DDR4 8Gb (1Gx8) eTT                           Avg: $4.257      Change: -0.51%
  DDR3 4Gb 512Mx8 1600/1866                     Avg: $12.038     Change: +2.35%

[NAND SPOT]
  SLC 2Gb 256MBx8                               Avg: $3.920      Change: +0.18%
  SLC 1Gb 128MBx8                               Avg: $3.598      Change: +0.56%
  MLC 64Gb 8GBx8                                Avg: $29.068     Change: +3.14%
  MLC 32Gb 4GBx8                                Avg: $14.500     Change: +3.57%

[MEMCARD SPOT]
  MicroSD 16GB                                  Avg: $2.900      Change: -0.86%
  MicroSD 32GB                                  Avg: $4.525      Change: -1.09%
  MicroSD 64GB                                  Avg: $6.750      Change: -0.74%
  MicroSD 128GB                                 Avg: $13.400     Change: -1.11%

[MODULE SPOT]
  DDR5 UDIMM 16GB 4800/5600                     Avg: $208.500    Change: -0.24%
  DDR5 RDIMM 32GB 4800/5600                     Avg: $1335.000   Change: +4.71%
  DDR4 UDIMM 16GB 3200                          Avg: $149.576    Change: -0.23%

[GDDR SPOT]
  GDDR5 8Gb                                     Avg: $11.545     Change: 0.00%
  GDDR6 8Gb                                     Avg: $11.522     Change: 0.00%

[NAND WAFER SPOT]
  512Gb TLC                                     Avg: $20.069     Change: -1.77%
  256Gb TLC                                     Avg: $10.180     Change: -1.85%
  128Gb TLC                                     Avg: $6.487      Change: -0.96%
============================================================
2026-06-30 18:00:15,001 - INFO - DDR5 chart saved: /home/inhyuk/projects/dataScout/data_us/dramexchange/ddr5_spot_chart.png
2026-06-30 18:00:16,583 - INFO - DDR5 chart uploaded to Telegram ✅
2026-07-01 11:00:02,083 - INFO - Loading DRAMeXchange homepage with headless Chrome...
2026-07-01 11:00:12,443 - INFO -   dram_spot: 7 products scraped.
2026-07-01 11:00:12,597 - INFO -   nand_spot: 4 products scraped.
2026-07-01 11:00:12,749 - INFO -   memcard_spot: 4 products scraped.
2026-07-01 11:00:12,872 - INFO -   module_spot: 3 products scraped.
2026-07-01 11:00:12,946 - INFO -   gddr_spot: 2 products scraped.
2026-07-01 11:00:13,049 - INFO -   nand_wafer_spot: 3 products scraped.
2026-07-01 11:00:13,108 - INFO - Scraped 23 products across 6 categories.
2026-07-01 11:00:13,114 - INFO - Data unchanged from last snapshot. Skipping save.
2026-07-01 15:00:02,283 - INFO - Loading DRAMeXchange homepage with headless Chrome...
2026-07-01 15:00:13,574 - INFO -   dram_spot: 7 products scraped.
2026-07-01 15:00:13,694 - INFO -   nand_spot: 4 products scraped.
2026-07-01 15:00:13,831 - INFO -   memcard_spot: 4 products scraped.
2026-07-01 15:00:13,939 - INFO -   module_spot: 3 products scraped.
2026-07-01 15:00:14,022 - INFO -   gddr_spot: 2 products scraped.
2026-07-01 15:00:14,115 - INFO -   nand_wafer_spot: 3 products scraped.
2026-07-01 15:00:14,171 - INFO - Scraped 23 products across 6 categories.
2026-07-01 15:00:14,172 - INFO - History saved to /home/inhyuk/projects/dataScout/data_us/dramexchange/price_history.json
2026-07-01 15:00:14,172 - INFO - Appended DDR5 CSV: 2026-07-01 $46.833

============================================================
DRAMeXchange Price Snapshot (2026-07-01 15:00:14)
============================================================

[DRAM SPOT]
  DDR5 16Gb (2Gx8) 4800/5600                    Avg: $46.833     Change: 0.00%
  DDR5 16Gb (2Gx8) eTT                          Avg: $23.300     Change: -0.85%
  DDR4 16Gb (2Gx8) 3200                         Avg: $74.625     Change: +1.20%
  DDR4 16Gb (2Gx8) eTT                          Avg: $11.625     Change: -0.22%
  DDR4 8Gb (1Gx8) 3200                          Avg: $36.100     Change: +0.28%
  DDR4 8Gb (1Gx8) eTT                           Avg: $4.236      Change: -0.49%
  DDR3 4Gb 512Mx8 1600/1866                     Avg: $12.171     Change: +1.11%

[NAND SPOT]
  SLC 2Gb 256MBx8                               Avg: $3.920      Change: +0.18%
  SLC 1Gb 128MBx8                               Avg: $3.598      Change: +0.56%
  MLC 64Gb 8GBx8                                Avg: $29.068     Change: +3.14%
  MLC 32Gb 4GBx8                                Avg: $14.500     Change: +3.57%

[MEMCARD SPOT]
  MicroSD 16GB                                  Avg: $2.900      Change: -0.86%
  MicroSD 32GB                                  Avg: $4.525      Change: -1.09%
  MicroSD 64GB                                  Avg: $6.750      Change: -0.74%
  MicroSD 128GB                                 Avg: $13.400     Change: -1.11%

[MODULE SPOT]
  DDR5 UDIMM 16GB 4800/5600                     Avg: $208.500    Change: -0.24%
  DDR5 RDIMM 32GB 4800/5600                     Avg: $1335.000   Change: +4.71%
  DDR4 UDIMM 16GB 3200                          Avg: $149.576    Change: -0.23%

[GDDR SPOT]
  GDDR5 8Gb                                     Avg: $11.545     Change: 0.00%
  GDDR6 8Gb                                     Avg: $11.522     Change: 0.00%

[NAND WAFER SPOT]
  512Gb TLC                                     Avg: $20.069     Change: -1.77%
  256Gb TLC                                     Avg: $10.180     Change: -1.85%
  128Gb TLC                                     Avg: $6.487      Change: -0.96%
============================================================
2026-07-01 15:00:14,537 - INFO - DDR5 chart saved: /home/inhyuk/projects/dataScout/data_us/dramexchange/ddr5_spot_chart.png
2026-07-01 15:00:17,006 - INFO - DDR5 chart uploaded to Telegram ✅
2026-07-01 18:00:01,749 - INFO - Loading DRAMeXchange homepage with headless Chrome...
2026-07-01 18:00:09,868 - WARNING - Table '#tb_NationalDramSpotPrice' not found.
2026-07-01 18:00:09,874 - WARNING - Table '#tb_NationalFlashSpotPrice' not found.
2026-07-01 18:00:09,878 - WARNING - Table '#tb_MemCardSpotPrice' not found.
2026-07-01 18:00:09,941 - ERROR - No data scraped. Exiting.
2026-07-02 11:00:02,134 - INFO - Loading DRAMeXchange homepage with headless Chrome...
2026-07-02 11:00:13,179 - INFO -   dram_spot: 7 products scraped.
2026-07-02 11:00:13,313 - INFO -   nand_spot: 4 products scraped.
2026-07-02 11:00:13,436 - INFO -   memcard_spot: 4 products scraped.
2026-07-02 11:00:13,539 - INFO -   module_spot: 3 products scraped.
2026-07-02 11:00:13,612 - INFO -   gddr_spot: 2 products scraped.
2026-07-02 11:00:13,726 - INFO -   nand_wafer_spot: 3 products scraped.
2026-07-02 11:00:13,785 - INFO - Scraped 23 products across 6 categories.
2026-07-02 11:00:13,785 - INFO - Data unchanged from last snapshot. Skipping save.
2026-07-02 15:00:02,302 - INFO - Loading DRAMeXchange homepage with headless Chrome...
2026-07-02 15:00:12,948 - INFO -   dram_spot: 7 products scraped.
2026-07-02 15:00:13,124 - INFO -   nand_spot: 4 products scraped.
2026-07-02 15:00:13,270 - INFO -   memcard_spot: 4 products scraped.
2026-07-02 15:00:13,387 - INFO -   module_spot: 3 products scraped.
2026-07-02 15:00:13,467 - INFO -   gddr_spot: 2 products scraped.
2026-07-02 15:00:13,569 - INFO -   nand_wafer_spot: 3 products scraped.
2026-07-02 15:00:13,625 - INFO - Scraped 23 products across 6 categories.
2026-07-02 15:00:13,627 - INFO - History saved to /home/inhyuk/projects/dataScout/data_us/dramexchange/price_history.json
2026-07-02 15:00:13,634 - INFO - Appended DDR5 CSV: 2026-07-02 $46.833

============================================================
DRAMeXchange Price Snapshot (2026-07-02 15:00:13)
============================================================

[DRAM SPOT]
  DDR5 16Gb (2Gx8) 4800/5600                    Avg: $46.833     Change: 0.00%
  DDR5 16Gb (2Gx8) eTT                          Avg: $23.300     Change: 0.00%
  DDR4 16Gb (2Gx8) 3200                         Avg: $75.375     Change: +1.01%
  DDR4 16Gb (2Gx8) eTT                          Avg: $11.600     Change: -0.22%
  DDR4 8Gb (1Gx8) 3200                          Avg: $36.300     Change: +0.55%
  DDR4 8Gb (1Gx8) eTT                           Avg: $4.214      Change: -0.52%
  DDR3 4Gb 512Mx8 1600/1866                     Avg: $12.341     Change: +1.40%

[NAND SPOT]
  SLC 2Gb 256MBx8                               Avg: $3.920      Change: +0.18%
  SLC 1Gb 128MBx8                               Avg: $3.598      Change: +0.56%
  MLC 64Gb 8GBx8                                Avg: $29.068     Change: +3.14%
  MLC 32Gb 4GBx8                                Avg: $14.500     Change: +3.57%

[MEMCARD SPOT]
  MicroSD 16GB                                  Avg: $2.900      Change: -0.86%
  MicroSD 32GB                                  Avg: $4.525      Change: -1.09%
  MicroSD 64GB                                  Avg: $6.750      Change: -0.74%
  MicroSD 128GB                                 Avg: $13.400     Change: -1.11%

[MODULE SPOT]
  DDR5 UDIMM 16GB 4800/5600                     Avg: $208.500    Change: -0.24%
  DDR5 RDIMM 32GB 4800/5600                     Avg: $1335.000   Change: +4.71%
  DDR4 UDIMM 16GB 3200                          Avg: $149.576    Change: -0.23%

[GDDR SPOT]
  GDDR5 8Gb                                     Avg: $11.545     Change: 0.00%
  GDDR6 8Gb                                     Avg: $11.522     Change: 0.00%

[NAND WAFER SPOT]
  512Gb TLC                                     Avg: $20.069     Change: -1.77%
  256Gb TLC                                     Avg: $10.180     Change: -1.85%
  128Gb TLC                                     Avg: $6.487      Change: -0.96%
============================================================
2026-07-02 15:00:14,025 - INFO - DDR5 chart saved: /home/inhyuk/projects/dataScout/data_us/dramexchange/ddr5_spot_chart.png
2026-07-02 15:00:18,277 - INFO - DDR5 chart uploaded to Telegram ✅
2026-07-02 18:00:02,347 - INFO - Loading DRAMeXchange homepage with headless Chrome...
2026-07-02 18:00:14,316 - INFO -   dram_spot: 7 products scraped.
2026-07-02 18:00:14,474 - INFO -   nand_spot: 4 products scraped.
2026-07-02 18:00:14,627 - INFO -   memcard_spot: 4 products scraped.
2026-07-02 18:00:14,740 - INFO -   module_spot: 3 products scraped.
2026-07-02 18:00:14,822 - INFO -   gddr_spot: 2 products scraped.
2026-07-02 18:00:14,942 - INFO -   nand_wafer_spot: 3 products scraped.
2026-07-02 18:00:15,001 - INFO - Scraped 23 products across 6 categories.
2026-07-02 18:00:15,003 - INFO - History saved to /home/inhyuk/projects/dataScout/data_us/dramexchange/price_history.json
2026-07-02 18:00:15,003 - INFO - DDR5 CSV already has data through 2026-07-02. Skipping (today=2026-07-02).

============================================================
DRAMeXchange Price Snapshot (2026-07-02 18:00:15)
============================================================

[DRAM SPOT]
  DDR5 16Gb (2Gx8) 4800/5600                    Avg: $46.667     Change: -0.35%
  DDR5 16Gb (2Gx8) eTT                          Avg: $23.300     Change: 0.00%
  DDR4 16Gb (2Gx8) 3200                         Avg: $75.500     Change: +1.17%
  DDR4 16Gb (2Gx8) eTT                          Avg: $11.600     Change: -0.22%
  DDR4 8Gb (1Gx8) 3200                          Avg: $36.300     Change: +0.55%
  DDR4 8Gb (1Gx8) eTT                           Avg: $4.204      Change: -0.76%
  DDR3 4Gb 512Mx8 1600/1866                     Avg: $12.341     Change: +1.40%

[NAND SPOT]
  SLC 2Gb 256MBx8                               Avg: $3.920      Change: +0.18%
  SLC 1Gb 128MBx8                               Avg: $3.598      Change: +0.56%
  MLC 64Gb 8GBx8                                Avg: $29.068     Change: +3.14%
  MLC 32Gb 4GBx8                                Avg: $14.500     Change: +3.57%

[MEMCARD SPOT]
  MicroSD 16GB                                  Avg: $2.900      Change: -0.86%
  MicroSD 32GB                                  Avg: $4.525      Change: -1.09%
  MicroSD 64GB                                  Avg: $6.750      Change: -0.74%
  MicroSD 128GB                                 Avg: $13.400     Change: -1.11%

[MODULE SPOT]
  DDR5 UDIMM 16GB 4800/5600                     Avg: $208.500    Change: -0.24%
  DDR5 RDIMM 32GB 4800/5600                     Avg: $1335.000   Change: +4.71%
  DDR4 UDIMM 16GB 3200                          Avg: $149.576    Change: -0.23%

[GDDR SPOT]
  GDDR5 8Gb                                     Avg: $11.545     Change: 0.00%
  GDDR6 8Gb                                     Avg: $11.522     Change: 0.00%

[NAND WAFER SPOT]
  512Gb TLC                                     Avg: $20.069     Change: -1.77%
  256Gb TLC                                     Avg: $10.180     Change: -1.85%
  128Gb TLC                                     Avg: $6.487      Change: -0.96%
============================================================
2026-07-02 18:00:15,369 - INFO - DDR5 chart saved: /home/inhyuk/projects/dataScout/data_us/dramexchange/ddr5_spot_chart.png
2026-07-02 18:00:17,653 - INFO - DDR5 chart uploaded to Telegram ✅
2026-07-03 11:00:01,727 - INFO - Loading DRAMeXchange homepage with headless Chrome...
2026-07-03 11:00:12,297 - INFO -   dram_spot: 7 products scraped.
2026-07-03 11:00:12,426 - INFO -   nand_spot: 4 products scraped.
2026-07-03 11:00:12,553 - INFO -   memcard_spot: 4 products scraped.
2026-07-03 11:00:12,666 - INFO -   module_spot: 3 products scraped.
2026-07-03 11:00:12,737 - INFO -   gddr_spot: 2 products scraped.
2026-07-03 11:00:12,831 - INFO -   nand_wafer_spot: 3 products scraped.
2026-07-03 11:00:12,887 - INFO - Scraped 23 products across 6 categories.
2026-07-03 11:00:12,889 - INFO - History saved to /home/inhyuk/projects/dataScout/data_us/dramexchange/price_history.json
2026-07-03 11:00:12,889 - INFO - Appended DDR5 CSV: 2026-07-03 $46.633

============================================================
DRAMeXchange Price Snapshot (2026-07-03 11:00:12)
============================================================

[DRAM SPOT]
  DDR5 16Gb (2Gx8) 4800/5600                    Avg: $46.633     Change: -0.43%
  DDR5 16Gb (2Gx8) eTT                          Avg: $23.300     Change: 0.00%
  DDR4 16Gb (2Gx8) 3200                         Avg: $75.500     Change: +1.17%
  DDR4 16Gb (2Gx8) eTT                          Avg: $11.600     Change: -0.22%
  DDR4 8Gb (1Gx8) 3200                          Avg: $36.340     Change: +0.67%
  DDR4 8Gb (1Gx8) eTT                           Avg: $4.204      Change: -0.76%
  DDR3 4Gb 512Mx8 1600/1866                     Avg: $12.341     Change: +1.40%

[NAND SPOT]
  SLC 2Gb 256MBx8                               Avg: $3.920      Change: +0.18%
  SLC 1Gb 128MBx8                               Avg: $3.598      Change: +0.56%
  MLC 64Gb 8GBx8                                Avg: $29.068     Change: +3.14%
  MLC 32Gb 4GBx8                                Avg: $14.500     Change: +3.57%

[MEMCARD SPOT]
  MicroSD 16GB                                  Avg: $2.900      Change: -0.86%
  MicroSD 32GB                                  Avg: $4.525      Change: -1.09%
  MicroSD 64GB                                  Avg: $6.750      Change: -0.74%
  MicroSD 128GB                                 Avg: $13.400     Change: -1.11%

[MODULE SPOT]
  DDR5 UDIMM 16GB 4800/5600                     Avg: $208.500    Change: -0.24%
  DDR5 RDIMM 32GB 4800/5600                     Avg: $1335.000   Change: +4.71%
  DDR4 UDIMM 16GB 3200                          Avg: $149.576    Change: -0.23%

[GDDR SPOT]
  GDDR5 8Gb                                     Avg: $11.545     Change: 0.00%
  GDDR6 8Gb                                     Avg: $11.522     Change: 0.00%

[NAND WAFER SPOT]
  512Gb TLC                                     Avg: $20.069     Change: -1.77%
  256Gb TLC                                     Avg: $10.180     Change: -1.85%
  128Gb TLC                                     Avg: $6.487      Change: -0.96%
============================================================
2026-07-03 11:00:13,247 - INFO - DDR5 chart saved: /home/inhyuk/projects/dataScout/data_us/dramexchange/ddr5_spot_chart.png
2026-07-03 11:00:15,694 - INFO - DDR5 chart uploaded to Telegram ✅
2026-07-03 15:00:02,103 - INFO - Loading DRAMeXchange homepage with headless Chrome...
2026-07-03 15:00:12,833 - INFO -   dram_spot: 7 products scraped.
2026-07-03 15:00:12,963 - INFO -   nand_spot: 4 products scraped.
2026-07-03 15:00:13,090 - INFO -   memcard_spot: 4 products scraped.
2026-07-03 15:00:13,198 - INFO -   module_spot: 3 products scraped.
2026-07-03 15:00:13,267 - INFO -   gddr_spot: 2 products scraped.
2026-07-03 15:00:13,360 - INFO -   nand_wafer_spot: 3 products scraped.
2026-07-03 15:00:13,416 - INFO - Scraped 23 products across 6 categories.
2026-07-03 15:00:13,418 - INFO - History saved to /home/inhyuk/projects/dataScout/data_us/dramexchange/price_history.json
2026-07-03 15:00:13,418 - INFO - DDR5 CSV already has data through 2026-07-03. Skipping (today=2026-07-03).

============================================================
DRAMeXchange Price Snapshot (2026-07-03 15:00:13)
============================================================

[DRAM SPOT]
  DDR5 16Gb (2Gx8) 4800/5600                    Avg: $46.633     Change: 0.00%
  DDR5 16Gb (2Gx8) eTT                          Avg: $23.300     Change: 0.00%
  DDR4 16Gb (2Gx8) 3200                         Avg: $76.375     Change: +1.16%
  DDR4 16Gb (2Gx8) eTT                          Avg: $11.525     Change: -0.65%
  DDR4 8Gb (1Gx8) 3200                          Avg: $36.540     Change: +0.55%
  DDR4 8Gb (1Gx8) eTT                           Avg: $4.171      Change: -0.79%
  DDR3 4Gb 512Mx8 1600/1866                     Avg: $12.476     Change: +1.09%

[NAND SPOT]
  SLC 2Gb 256MBx8                               Avg: $3.920      Change: +0.18%
  SLC 1Gb 128MBx8                               Avg: $3.598      Change: +0.56%
  MLC 64Gb 8GBx8                                Avg: $29.068     Change: +3.14%
  MLC 32Gb 4GBx8                                Avg: $14.500     Change: +3.57%

[MEMCARD SPOT]
  MicroSD 16GB                                  Avg: $2.900      Change: -0.86%
  MicroSD 32GB                                  Avg: $4.525      Change: -1.09%
  MicroSD 64GB                                  Avg: $6.750      Change: -0.74%
  MicroSD 128GB                                 Avg: $13.400     Change: -1.11%

[MODULE SPOT]
  DDR5 UDIMM 16GB 4800/5600                     Avg: $208.500    Change: -0.24%
  DDR5 RDIMM 32GB 4800/5600                     Avg: $1335.000   Change: +4.71%
  DDR4 UDIMM 16GB 3200                          Avg: $149.576    Change: -0.23%

[GDDR SPOT]
  GDDR5 8Gb                                     Avg: $11.545     Change: 0.00%
  GDDR6 8Gb                                     Avg: $11.522     Change: 0.00%

[NAND WAFER SPOT]
  512Gb TLC                                     Avg: $20.069     Change: -1.77%
  256Gb TLC                                     Avg: $10.180     Change: -1.85%
  128Gb TLC                                     Avg: $6.487      Change: -0.96%
============================================================
2026-07-03 15:00:13,784 - INFO - DDR5 chart saved: /home/inhyuk/projects/dataScout/data_us/dramexchange/ddr5_spot_chart.png
2026-07-03 15:00:15,262 - INFO - DDR5 chart uploaded to Telegram ✅
2026-07-03 18:00:01,900 - INFO - Loading DRAMeXchange homepage with headless Chrome...
2026-07-03 18:00:13,660 - INFO -   dram_spot: 7 products scraped.
2026-07-03 18:00:13,782 - INFO -   nand_spot: 4 products scraped.
2026-07-03 18:00:13,933 - INFO -   memcard_spot: 4 products scraped.
2026-07-03 18:00:14,045 - INFO -   module_spot: 3 products scraped.
2026-07-03 18:00:14,121 - INFO -   gddr_spot: 2 products scraped.
2026-07-03 18:00:14,222 - INFO -   nand_wafer_spot: 3 products scraped.
2026-07-03 18:00:14,278 - INFO - Scraped 23 products across 6 categories.
2026-07-03 18:00:14,281 - INFO - History saved to /home/inhyuk/projects/dataScout/data_us/dramexchange/price_history.json
2026-07-03 18:00:14,281 - INFO - DDR5 CSV already has data through 2026-07-03. Skipping (today=2026-07-03).

============================================================
DRAMeXchange Price Snapshot (2026-07-03 18:00:14)
============================================================

[DRAM SPOT]
  DDR5 16Gb (2Gx8) 4800/5600                    Avg: $46.633     Change: 0.00%
  DDR5 16Gb (2Gx8) eTT                          Avg: $23.250     Change: -0.22%
  DDR4 16Gb (2Gx8) 3200                         Avg: $76.375     Change: +1.16%
  DDR4 16Gb (2Gx8) eTT                          Avg: $11.525     Change: -0.65%
  DDR4 8Gb (1Gx8) 3200                          Avg: $36.540     Change: +0.55%
  DDR4 8Gb (1Gx8) eTT                           Avg: $4.171      Change: -0.79%
  DDR3 4Gb 512Mx8 1600/1866                     Avg: $12.476     Change: +1.09%

[NAND SPOT]
  SLC 2Gb 256MBx8                               Avg: $3.920      Change: +0.18%
  SLC 1Gb 128MBx8                               Avg: $3.598      Change: +0.56%
  MLC 64Gb 8GBx8                                Avg: $29.068     Change: +3.14%
  MLC 32Gb 4GBx8                                Avg: $14.500     Change: +3.57%

[MEMCARD SPOT]
  MicroSD 16GB                                  Avg: $2.900      Change: -0.86%
  MicroSD 32GB                                  Avg: $4.525      Change: -1.09%
  MicroSD 64GB                                  Avg: $6.750      Change: -0.74%
  MicroSD 128GB                                 Avg: $13.400     Change: -1.11%

[MODULE SPOT]
  DDR5 UDIMM 16GB 4800/5600                     Avg: $208.500    Change: -0.24%
  DDR5 RDIMM 32GB 4800/5600                     Avg: $1335.000   Change: +4.71%
  DDR4 UDIMM 16GB 3200                          Avg: $149.576    Change: -0.23%

[GDDR SPOT]
  GDDR5 8Gb                                     Avg: $11.545     Change: 0.00%
  GDDR6 8Gb                                     Avg: $11.522     Change: 0.00%

[NAND WAFER SPOT]
  512Gb TLC                                     Avg: $20.069     Change: -1.77%
  256Gb TLC                                     Avg: $10.180     Change: -1.85%
  128Gb TLC                                     Avg: $6.487      Change: -0.96%
============================================================
2026-07-03 18:00:14,638 - INFO - DDR5 chart saved: /home/inhyuk/projects/dataScout/data_us/dramexchange/ddr5_spot_chart.png
2026-07-03 18:00:16,149 - INFO - DDR5 chart uploaded to Telegram ✅
2026-07-06 11:00:01,945 - INFO - Loading DRAMeXchange homepage with headless Chrome...
2026-07-06 11:00:13,459 - INFO -   dram_spot: 7 products scraped.
2026-07-06 11:00:13,612 - INFO -   nand_spot: 4 products scraped.
2026-07-06 11:00:13,757 - INFO -   memcard_spot: 4 products scraped.
2026-07-06 11:00:13,865 - INFO -   module_spot: 3 products scraped.
2026-07-06 11:00:13,938 - INFO -   gddr_spot: 2 products scraped.
2026-07-06 11:00:14,044 - INFO -   nand_wafer_spot: 3 products scraped.
2026-07-06 11:00:14,101 - INFO - Scraped 23 products across 6 categories.
2026-07-06 11:00:14,104 - INFO - History saved to /home/inhyuk/projects/dataScout/data_us/dramexchange/price_history.json
2026-07-06 11:00:14,104 - INFO - Appended DDR5 CSV: 2026-07-06 $46.667

============================================================
DRAMeXchange Price Snapshot (2026-07-06 11:00:14)
============================================================

[DRAM SPOT]
  DDR5 16Gb (2Gx8) 4800/5600                    Avg: $46.667     Change: +0.07%
  DDR5 16Gb (2Gx8) eTT                          Avg: $23.250     Change: -0.22%
  DDR4 16Gb (2Gx8) 3200                         Avg: $76.375     Change: +1.16%
  DDR4 16Gb (2Gx8) eTT                          Avg: $11.525     Change: -0.65%
  DDR4 8Gb (1Gx8) 3200                          Avg: $36.540     Change: +0.55%
  DDR4 8Gb (1Gx8) eTT                           Avg: $4.171      Change: -0.79%
  DDR3 4Gb 512Mx8 1600/1866                     Avg: $12.476     Change: +1.09%

[NAND SPOT]
  SLC 2Gb 256MBx8                               Avg: $3.920      Change: +0.18%
  SLC 1Gb 128MBx8                               Avg: $3.598      Change: +0.56%
  MLC 64Gb 8GBx8                                Avg: $29.068     Change: +3.14%
  MLC 32Gb 4GBx8                                Avg: $14.500     Change: +3.57%

[MEMCARD SPOT]
  MicroSD 16GB                                  Avg: $2.900      Change: -0.86%
  MicroSD 32GB                                  Avg: $4.525      Change: -1.09%
  MicroSD 64GB                                  Avg: $6.750      Change: -0.74%
  MicroSD 128GB                                 Avg: $13.400     Change: -1.11%

[MODULE SPOT]
  DDR5 UDIMM 16GB 4800/5600                     Avg: $208.500    Change: -0.24%
  DDR5 RDIMM 32GB 4800/5600                     Avg: $1335.000   Change: +4.71%
  DDR4 UDIMM 16GB 3200                          Avg: $149.576    Change: -0.23%

[GDDR SPOT]
  GDDR5 8Gb                                     Avg: $11.545     Change: 0.00%
  GDDR6 8Gb                                     Avg: $11.522     Change: 0.00%

[NAND WAFER SPOT]
  512Gb TLC                                     Avg: $19.862     Change: -1.03%
  256Gb TLC                                     Avg: $10.180     Change: 0.00%
  128Gb TLC                                     Avg: $6.487      Change: 0.00%
============================================================
2026-07-06 11:00:14,466 - INFO - DDR5 chart saved: /home/inhyuk/projects/dataScout/data_us/dramexchange/ddr5_spot_chart.png
2026-07-06 11:00:16,849 - INFO - DDR5 chart uploaded to Telegram ✅
2026-07-06 15:00:02,071 - INFO - Loading DRAMeXchange homepage with headless Chrome...
2026-07-06 15:00:13,236 - INFO -   dram_spot: 7 products scraped.
2026-07-06 15:00:13,371 - INFO -   nand_spot: 4 products scraped.
2026-07-06 15:00:13,509 - INFO -   memcard_spot: 4 products scraped.
2026-07-06 15:00:13,628 - INFO -   module_spot: 3 products scraped.
2026-07-06 15:00:13,703 - INFO -   gddr_spot: 2 products scraped.
2026-07-06 15:00:13,795 - INFO -   nand_wafer_spot: 3 products scraped.
2026-07-06 15:00:13,853 - INFO - Scraped 23 products across 6 categories.
2026-07-06 15:00:13,856 - INFO - History saved to /home/inhyuk/projects/dataScout/data_us/dramexchange/price_history.json
2026-07-06 15:00:13,856 - INFO - DDR5 CSV already has data through 2026-07-06. Skipping (today=2026-07-06).

============================================================
DRAMeXchange Price Snapshot (2026-07-06 15:00:13)
============================================================

[DRAM SPOT]
  DDR5 16Gb (2Gx8) 4800/5600                    Avg: $46.833     Change: +0.36%
  DDR5 16Gb (2Gx8) eTT                          Avg: $23.300     Change: +0.22%
  DDR4 16Gb (2Gx8) 3200                         Avg: $76.625     Change: +0.33%
  DDR4 16Gb (2Gx8) eTT                          Avg: $11.450     Change: -0.65%
  DDR4 8Gb (1Gx8) 3200                          Avg: $36.740     Change: +0.55%
  DDR4 8Gb (1Gx8) eTT                           Avg: $4.114      Change: -1.37%
  DDR3 4Gb 512Mx8 1600/1866                     Avg: $12.675     Change: +1.60%

[NAND SPOT]
  SLC 2Gb 256MBx8                               Avg: $3.920      Change: +0.18%
  SLC 1Gb 128MBx8                               Avg: $3.598      Change: +0.56%
  MLC 64Gb 8GBx8                                Avg: $29.068     Change: +3.14%
  MLC 32Gb 4GBx8                                Avg: $14.500     Change: +3.57%

[MEMCARD SPOT]
  MicroSD 16GB                                  Avg: $2.900      Change: -0.86%
  MicroSD 32GB                                  Avg: $4.525      Change: -1.09%
  MicroSD 64GB                                  Avg: $6.750      Change: -0.74%
  MicroSD 128GB                                 Avg: $13.400     Change: -1.11%

[MODULE SPOT]
  DDR5 UDIMM 16GB 4800/5600                     Avg: $208.500    Change: -0.24%
  DDR5 RDIMM 32GB 4800/5600                     Avg: $1335.000   Change: +4.71%
  DDR4 UDIMM 16GB 3200                          Avg: $149.576    Change: -0.23%

[GDDR SPOT]
  GDDR5 8Gb                                     Avg: $11.545     Change: 0.00%
  GDDR6 8Gb                                     Avg: $11.522     Change: 0.00%

[NAND WAFER SPOT]
  512Gb TLC                                     Avg: $19.862     Change: -1.03%
  256Gb TLC                                     Avg: $10.180     Change: 0.00%
  128Gb TLC                                     Avg: $6.487      Change: 0.00%
============================================================
2026-07-06 15:00:14,199 - INFO - DDR5 chart saved: /home/inhyuk/projects/dataScout/data_us/dramexchange/ddr5_spot_chart.png
2026-07-06 15:00:15,751 - INFO - DDR5 chart uploaded to Telegram ✅
2026-07-06 18:00:01,479 - INFO - Loading DRAMeXchange homepage with headless Chrome...
2026-07-06 18:00:17,337 - INFO -   dram_spot: 7 products scraped.
2026-07-06 18:00:17,487 - INFO -   nand_spot: 4 products scraped.
2026-07-06 18:00:17,630 - INFO -   memcard_spot: 4 products scraped.
2026-07-06 18:00:17,747 - INFO -   module_spot: 3 products scraped.
2026-07-06 18:00:17,819 - INFO -   gddr_spot: 2 products scraped.
2026-07-06 18:00:17,921 - INFO -   nand_wafer_spot: 3 products scraped.
2026-07-06 18:00:17,981 - INFO - Scraped 23 products across 6 categories.
2026-07-06 18:00:17,984 - INFO - History saved to /home/inhyuk/projects/dataScout/data_us/dramexchange/price_history.json
2026-07-06 18:00:17,984 - INFO - DDR5 CSV already has data through 2026-07-06. Skipping (today=2026-07-06).

============================================================
DRAMeXchange Price Snapshot (2026-07-06 18:00:17)
============================================================

[DRAM SPOT]
  DDR5 16Gb (2Gx8) 4800/5600                    Avg: $47.000     Change: +0.71%
  DDR5 16Gb (2Gx8) eTT                          Avg: $23.300     Change: +0.22%
  DDR4 16Gb (2Gx8) 3200                         Avg: $76.625     Change: +0.33%
  DDR4 16Gb (2Gx8) eTT                          Avg: $11.450     Change: -0.65%
  DDR4 8Gb (1Gx8) 3200                          Avg: $36.740     Change: +0.55%
  DDR4 8Gb (1Gx8) eTT                           Avg: $4.114      Change: -1.37%
  DDR3 4Gb 512Mx8 1600/1866                     Avg: $12.675     Change: +1.60%

[NAND SPOT]
  SLC 2Gb 256MBx8                               Avg: $3.935      Change: +0.38%
  SLC 1Gb 128MBx8                               Avg: $3.600      Change: +0.06%
  MLC 64Gb 8GBx8                                Avg: $29.682     Change: +2.11%
  MLC 32Gb 4GBx8                                Avg: $14.733     Change: +1.61%

[MEMCARD SPOT]
  MicroSD 16GB                                  Avg: $2.875      Change: -0.86%
  MicroSD 32GB                                  Avg: $4.350      Change: -3.87%
  MicroSD 64GB                                  Avg: $6.650      Change: -1.48%
  MicroSD 128GB                                 Avg: $12.600     Change: -5.97%

[MODULE SPOT]
  DDR5 UDIMM 16GB 4800/5600                     Avg: $209.000    Change: +0.24%
  DDR5 RDIMM 32GB 4800/5600                     Avg: $1375.000   Change: +3.00%
  DDR4 UDIMM 16GB 3200                          Avg: $152.000    Change: +1.62%

[GDDR SPOT]
  GDDR5 8Gb                                     Avg: $11.545     Change: 0.00%
  GDDR6 8Gb                                     Avg: $11.565     Change: +0.37%

[NAND WAFER SPOT]
  512Gb TLC                                     Avg: $19.862     Change: -1.03%
  256Gb TLC                                     Avg: $10.180     Change: 0.00%
  128Gb TLC                                     Avg: $6.487      Change: 0.00%
============================================================
2026-07-06 18:00:18,328 - INFO - DDR5 chart saved: /home/inhyuk/projects/dataScout/data_us/dramexchange/ddr5_spot_chart.png
2026-07-06 18:00:19,867 - INFO - DDR5 chart uploaded to Telegram ✅
2026-07-07 11:00:01,602 - INFO - Loading DRAMeXchange homepage with headless Chrome...
2026-07-07 11:00:12,464 - INFO -   dram_spot: 7 products scraped.
2026-07-07 11:00:12,603 - INFO -   nand_spot: 4 products scraped.
2026-07-07 11:00:12,731 - INFO -   memcard_spot: 4 products scraped.
2026-07-07 11:00:12,847 - INFO -   module_spot: 3 products scraped.
2026-07-07 11:00:12,918 - INFO -   gddr_spot: 2 products scraped.
2026-07-07 11:00:13,019 - INFO -   nand_wafer_spot: 3 products scraped.
2026-07-07 11:00:13,076 - INFO - Scraped 23 products across 6 categories.
2026-07-07 11:00:13,077 - INFO - Data unchanged from last snapshot. Skipping save.
2026-07-07 15:00:01,923 - INFO - Loading DRAMeXchange homepage with headless Chrome...
2026-07-07 15:00:10,081 - WARNING - Table '#tb_NationalDramSpotPrice' not found.
2026-07-07 15:00:10,085 - WARNING - Table '#tb_NationalFlashSpotPrice' not found.
2026-07-07 15:00:10,090 - WARNING - Table '#tb_MemCardSpotPrice' not found.
2026-07-07 15:00:10,152 - ERROR - No data scraped. Exiting.
2026-07-07 18:00:01,549 - INFO - Loading DRAMeXchange homepage with headless Chrome...
2026-07-07 18:00:51,864 - INFO -   dram_spot: 7 products scraped.
2026-07-07 18:00:52,003 - INFO -   nand_spot: 4 products scraped.
2026-07-07 18:00:52,150 - INFO -   memcard_spot: 4 products scraped.
2026-07-07 18:00:52,263 - INFO -   module_spot: 3 products scraped.
2026-07-07 18:00:52,353 - INFO -   gddr_spot: 2 products scraped.
2026-07-07 18:00:52,456 - INFO -   nand_wafer_spot: 3 products scraped.
2026-07-07 18:00:52,519 - INFO - Scraped 23 products across 6 categories.
2026-07-07 18:00:52,522 - INFO - History saved to /home/inhyuk/projects/dataScout/data_us/dramexchange/price_history.json
2026-07-07 18:00:52,530 - INFO - Appended DDR5 CSV: 2026-07-07 $47.233

============================================================
DRAMeXchange Price Snapshot (2026-07-07 18:00:52)
============================================================

[DRAM SPOT]
  DDR5 16Gb (2Gx8) 4800/5600                    Avg: $47.233     Change: +0.50%
  DDR5 16Gb (2Gx8) eTT                          Avg: $23.300     Change: 0.00%
  DDR4 16Gb (2Gx8) 3200                         Avg: $77.175     Change: +0.72%
  DDR4 16Gb (2Gx8) eTT                          Avg: $11.450     Change: 0.00%
  DDR4 8Gb (1Gx8) 3200                          Avg: $37.140     Change: +1.09%
  DDR4 8Gb (1Gx8) eTT                           Avg: $4.160      Change: +1.12%
  DDR3 4Gb 512Mx8 1600/1866                     Avg: $12.750     Change: +0.59%

[NAND SPOT]
  SLC 2Gb 256MBx8                               Avg: $3.935      Change: +0.38%
  SLC 1Gb 128MBx8                               Avg: $3.600      Change: +0.06%
  MLC 64Gb 8GBx8                                Avg: $29.682     Change: +2.11%
  MLC 32Gb 4GBx8                                Avg: $14.733     Change: +1.61%

[MEMCARD SPOT]
  MicroSD 16GB                                  Avg: $2.875      Change: -0.86%
  MicroSD 32GB                                  Avg: $4.350      Change: -3.87%
  MicroSD 64GB                                  Avg: $6.650      Change: -1.48%
  MicroSD 128GB                                 Avg: $12.600     Change: -5.97%

[MODULE SPOT]
  DDR5 UDIMM 16GB 4800/5600                     Avg: $209.000    Change: +0.24%
  DDR5 RDIMM 32GB 4800/5600                     Avg: $1375.000   Change: +3.00%
  DDR4 UDIMM 16GB 3200                          Avg: $152.000    Change: +1.62%

[GDDR SPOT]
  GDDR5 8Gb                                     Avg: $11.545     Change: 0.00%
  GDDR6 8Gb                                     Avg: $11.565     Change: +0.37%

[NAND WAFER SPOT]
  512Gb TLC                                     Avg: $19.862     Change: -1.03%
  256Gb TLC                                     Avg: $10.180     Change: 0.00%
  128Gb TLC                                     Avg: $6.487      Change: 0.00%
============================================================
2026-07-07 18:00:52,885 - INFO - DDR5 chart saved: /home/inhyuk/projects/dataScout/data_us/dramexchange/ddr5_spot_chart.png
2026-07-07 18:00:55,253 - INFO - DDR5 chart uploaded to Telegram ✅
2026-07-08 11:00:01,422 - INFO - Loading DRAMeXchange homepage with headless Chrome...
2026-07-08 11:00:13,003 - INFO -   dram_spot: 7 products scraped.
2026-07-08 11:00:13,151 - INFO -   nand_spot: 4 products scraped.
2026-07-08 11:00:13,283 - INFO -   memcard_spot: 4 products scraped.
2026-07-08 11:00:13,412 - INFO -   module_spot: 3 products scraped.
2026-07-08 11:00:13,487 - INFO -   gddr_spot: 2 products scraped.
2026-07-08 11:00:13,581 - INFO -   nand_wafer_spot: 3 products scraped.
2026-07-08 11:00:13,638 - INFO - Scraped 23 products across 6 categories.
2026-07-08 11:00:13,650 - INFO - History saved to /home/inhyuk/projects/dataScout/data_us/dramexchange/price_history.json
2026-07-08 11:00:13,650 - INFO - Appended DDR5 CSV: 2026-07-08 $47.067

============================================================
DRAMeXchange Price Snapshot (2026-07-08 11:00:13)
============================================================

[DRAM SPOT]
  DDR5 16Gb (2Gx8) 4800/5600                    Avg: $47.067     Change: +0.14%
  DDR5 16Gb (2Gx8) eTT                          Avg: $23.300     Change: 0.00%
  DDR4 16Gb (2Gx8) 3200                         Avg: $77.175     Change: +0.72%
  DDR4 16Gb (2Gx8) eTT                          Avg: $11.450     Change: 0.00%
  DDR4 8Gb (1Gx8) 3200                          Avg: $37.140     Change: +1.09%
  DDR4 8Gb (1Gx8) eTT                           Avg: $4.160      Change: +1.12%
  DDR3 4Gb 512Mx8 1600/1866                     Avg: $12.750     Change: +0.59%

[NAND SPOT]
  SLC 2Gb 256MBx8                               Avg: $3.935      Change: +0.38%
  SLC 1Gb 128MBx8                               Avg: $3.600      Change: +0.06%
  MLC 64Gb 8GBx8                                Avg: $29.682     Change: +2.11%
  MLC 32Gb 4GBx8                                Avg: $14.733     Change: +1.61%

[MEMCARD SPOT]
  MicroSD 16GB                                  Avg: $2.875      Change: -0.86%
  MicroSD 32GB                                  Avg: $4.350      Change: -3.87%
  MicroSD 64GB                                  Avg: $6.650      Change: -1.48%
  MicroSD 128GB                                 Avg: $12.600     Change: -5.97%

[MODULE SPOT]
  DDR5 UDIMM 16GB 4800/5600                     Avg: $209.000    Change: +0.24%
  DDR5 RDIMM 32GB 4800/5600                     Avg: $1375.000   Change: +3.00%
  DDR4 UDIMM 16GB 3200                          Avg: $152.000    Change: +1.62%

[GDDR SPOT]
  GDDR5 8Gb                                     Avg: $11.545     Change: 0.00%
  GDDR6 8Gb                                     Avg: $11.565     Change: +0.37%

[NAND WAFER SPOT]
  512Gb TLC                                     Avg: $19.862     Change: -1.03%
  256Gb TLC                                     Avg: $10.180     Change: 0.00%
  128Gb TLC                                     Avg: $6.487      Change: 0.00%
============================================================
2026-07-08 11:00:14,018 - INFO - DDR5 chart saved: /home/inhyuk/projects/dataScout/data_us/dramexchange/ddr5_spot_chart.png
2026-07-08 11:00:16,366 - INFO - DDR5 chart uploaded to Telegram ✅
2026-07-08 15:00:01,752 - INFO - Loading DRAMeXchange homepage with headless Chrome...
2026-07-08 15:00:12,294 - INFO -   dram_spot: 7 products scraped.
2026-07-08 15:00:12,440 - INFO -   nand_spot: 4 products scraped.
2026-07-08 15:00:12,584 - INFO -   memcard_spot: 4 products scraped.
2026-07-08 15:00:12,700 - INFO -   module_spot: 3 products scraped.
2026-07-08 15:00:12,786 - INFO -   gddr_spot: 2 products scraped.
2026-07-08 15:00:12,882 - INFO -   nand_wafer_spot: 3 products scraped.
2026-07-08 15:00:12,939 - INFO - Scraped 23 products across 6 categories.
2026-07-08 15:00:12,942 - INFO - History saved to /home/inhyuk/projects/dataScout/data_us/dramexchange/price_history.json
2026-07-08 15:00:12,942 - INFO - DDR5 CSV already has data through 2026-07-08. Skipping (today=2026-07-08).

============================================================
DRAMeXchange Price Snapshot (2026-07-08 15:00:12)
============================================================

[DRAM SPOT]
  DDR5 16Gb (2Gx8) 4800/5600                    Avg: $47.067     Change: 0.00%
  DDR5 16Gb (2Gx8) eTT                          Avg: $23.300     Change: 0.00%
  DDR4 16Gb (2Gx8) 3200                         Avg: $77.175     Change: 0.00%
  DDR4 16Gb (2Gx8) eTT                          Avg: $11.450     Change: 0.00%
  DDR4 8Gb (1Gx8) 3200                          Avg: $37.340     Change: +0.54%
  DDR4 8Gb (1Gx8) eTT                           Avg: $4.180      Change: +0.48%
  DDR3 4Gb 512Mx8 1600/1866                     Avg: $12.825     Change: +0.59%

[NAND SPOT]
  SLC 2Gb 256MBx8                               Avg: $3.935      Change: +0.38%
  SLC 1Gb 128MBx8                               Avg: $3.600      Change: +0.06%
  MLC 64Gb 8GBx8                                Avg: $29.682     Change: +2.11%
  MLC 32Gb 4GBx8                                Avg: $14.733     Change: +1.61%

[MEMCARD SPOT]
  MicroSD 16GB                                  Avg: $2.875      Change: -0.86%
  MicroSD 32GB                                  Avg: $4.350      Change: -3.87%
  MicroSD 64GB                                  Avg: $6.650      Change: -1.48%
  MicroSD 128GB                                 Avg: $12.600     Change: -5.97%

[MODULE SPOT]
  DDR5 UDIMM 16GB 4800/5600                     Avg: $209.000    Change: +0.24%
  DDR5 RDIMM 32GB 4800/5600                     Avg: $1375.000   Change: +3.00%
  DDR4 UDIMM 16GB 3200                          Avg: $152.000    Change: +1.62%

[GDDR SPOT]
  GDDR5 8Gb                                     Avg: $11.545     Change: 0.00%
  GDDR6 8Gb                                     Avg: $11.565     Change: +0.37%

[NAND WAFER SPOT]
  512Gb TLC                                     Avg: $19.862     Change: -1.03%
  256Gb TLC                                     Avg: $10.180     Change: 0.00%
  128Gb TLC                                     Avg: $6.487      Change: 0.00%
============================================================
2026-07-08 15:00:13,284 - INFO - DDR5 chart saved: /home/inhyuk/projects/dataScout/data_us/dramexchange/ddr5_spot_chart.png
2026-07-08 15:00:14,730 - INFO - DDR5 chart uploaded to Telegram ✅
2026-07-08 18:00:02,101 - INFO - Loading DRAMeXchange homepage with headless Chrome...
2026-07-08 18:00:10,259 - WARNING - Table '#tb_NationalDramSpotPrice' not found.
2026-07-08 18:00:10,263 - WARNING - Table '#tb_NationalFlashSpotPrice' not found.
2026-07-08 18:00:10,267 - WARNING - Table '#tb_MemCardSpotPrice' not found.
2026-07-08 18:00:10,329 - ERROR - No data scraped. Exiting.
