2026-07-06 15:50:01,660 - INFO - Market group: JP (일본 마감 지수·섹터)
2026-07-06 15:50:01,660 - INFO - Total indicators: 12
2026-07-06 15:50:01,660 - INFO - Downloading data for 12 indicators (period=6mo)...
2026-07-06 15:50:03,119 - INFO - Downloaded 122 days of data, 12 tickers
2026-07-06 15:50:03,121 - INFO - Computed returns for 12 indicators
2026-07-06 15:50:03,386 - INFO - Heatmap saved: /home/inhyuk/projects/dataScout/data_us/indicator_charts/heatmap_20260706_jp.png
2026-07-06 15:50:03,589 - INFO - Category chart saved: /home/inhyuk/projects/dataScout/data_us/indicator_charts/chart_20260706_일본_지수.png
2026-07-06 15:50:04,482 - INFO - Category chart saved: /home/inhyuk/projects/dataScout/data_us/indicator_charts/chart_20260706_일본_섹터_(topix-17).png
2026-07-06 15:50:04,482 - INFO - Sending heatmap to Telegram...
2026-07-06 15:50:07,687 - INFO - Heatmap: sent
2026-07-06 15:50:08,687 - INFO - Sending 일본 지수...
2026-07-06 15:50:10,993 - INFO -   일본 지수 sent.
2026-07-06 15:50:11,493 - INFO - Sending 일본 섹터 (TOPIX-17)...
2026-07-06 15:50:15,380 - INFO -   일본 섹터 (TOPIX-17) sent.

======================================================================
일본 마감 지수·섹터 Summary (20260706)
======================================================================
  1306.T     ¥    435.40  1D:  +0.9%  1W:  +3.2%  1M:  +4.0%  3M:+1072.3%  YTD: +17.2%  | 3개월 +1072% 급등세.
  1615.T     ¥    744.00  1D:  +1.6%  1W:  +6.3%  1M:  +7.4%  3M: +29.7%  YTD: +33.5%  | 3개월 +30% 상승 추세. 단기 강세 가속.
  1620.T     ¥ 39,880.00  1D:  +1.9%  1W:  +3.2%  1M:  +4.4%  3M: +17.4%  YTD: +23.7%  | 3개월 +17% 상승 추세.
  1621.T     ¥ 30,840.00  1D:  +2.1%  1W:  +4.2%  1M:  +7.9%  3M:  -5.5%  YTD:  +2.8%  | 3개월 -5% 하락 추세. 단기 강세 가속. 금일 +2.1% 상승.
  1622.T     ¥ 34,450.00  1D:  +2.9%  1W:  +6.0%  1M:  +5.0%  3M:  +1.1%  YTD:  -6.5%  | 3개월 횡보 구간. 1주 +6.0% 급등. 금일 +2.9% 상승.
  1623.T     ¥ 67,200.00  1D:  +0.6%  1W:  -4.7%  1M:  -4.1%  3M: +16.4%  YTD: +44.4%  | 3개월 +16% 상승 추세.
  1624.T     ¥ 94,000.00  1D:  +1.9%  1W:  +5.6%  1M:  +6.9%  3M: +17.2%  YTD: +21.2%  | 3개월 +17% 상승 추세. 단기 강세 가속.
  1625.T     ¥ 69,500.00  1D:  -0.7%  1W:  +0.4%  1M:  +3.1%  3M: +46.0%  YTD: +35.3%  | 3개월 +46% 급등세.
  1626.T     ¥ 44,150.00  1D:  +0.3%  1W:  +3.6%  1M:  -0.5%  3M: +16.7%  YTD:  +1.9%  | 3개월 +17% 상승 추세.
  1628.T     ¥ 21,420.00  1D:  +3.4%  1W:  +3.9%  1M:  +4.4%  3M:  -0.9%  YTD:  +0.3%  | 3개월 횡보 구간. 금일 +3.4% 상승.
  1632.T     ¥ 42,950.00  1D:  +1.4%  1W:  +6.4%  1M:  +8.7%  3M: +14.7%  YTD: +20.8%  | 3개월 +15% 상승 추세. 단기 강세 가속.
  ^N225        69,737.69  1D:  -0.0%  1W:  +0.4%  1M:  +4.7%  3M: +36.6%  YTD: +32.8%  | 3개월 +37% 급등세.
======================================================================
