섹터 96개 (기준 2026-08-05T23:20:01.501369168Z) — 종목 수집 시작
  [20/96] 누적 777행
  [40/96] 누적 2930행
  [60/96] 누적 3623행
  [80/96] 누적 6078행
티커 개별 조회 137건 (캐시 보유 4114건)
  ...100/137

리포트: /home/inhyuk/projects/dataScout/data_us/toss_sector/토스섹터_미국_아침리포트_20260806.html
CSV: /home/inhyuk/projects/dataScout/data_us/toss_sector/toss_sectors_us_20260806.csv
Drive 업로드 완료 → gdrive:BeOn 리서치/시장/토스섹터
텔레그램 발송 완료

--- 텔레그램 본문 미리보기 ---
📈 토스섹터 미국 아침 리포트 08/06
기준 2026-08-05T23:20

▲ 오른 섹터: 전기차부품 +6.1%, 아연 +6.0%, 구리 +4.8%, 광산개발 +4.5%, 금속 +3.9%
▼ 내린 섹터: 로봇 -0.1%, 조선 -0.1%, 화학제품 -0.1%, 화학 -0.1%, 돼지고기 -0.1%

상승 종목(25): MTRN +30.8%, FTK +27.9%, PRGO +23.1%, CRCT +22.9%, WTTR +20.3%, URGN +16.3%, TWST +15.7%, HGTY +15.4%
하락 종목(25): LMAT -25.3%, TYRA -21.0%, PODD -20.1%, BV -19.2%, CC -18.6%, DVA -17.2%, RRX -16.7%, VSH -14.6%

🔎 관심 후보(낙폭+매수의견): LMAT -25.3%, TYRA -21.0%, PODD -20.1%, BV -19.2%, RRX -16.7%, VSH -14.6%, GLXY -13.9%, RBA -13.9%
⭐ 워치리스트: SPCX -13.6%, ALAB -12.0%, TSEM -11.8%, PAY -10.3%, AEHR -10.1%, AMD -7.0%, LSCC -7.0%, CBRS -5.7%, CRDO -5.6%, SNDK -5.4%
섹터 95개 (기준 2026-08-06T23:20:01.073379372Z) — 종목 수집 시작
  [20/95] 누적 465행
  [40/95] 누적 1275행
  [60/95] 누적 2554행
  [80/95] 누적 4643행
티커 개별 조회 315건 (캐시 보유 4251건)
  ...100/315
  ...200/315
  ...300/315

리포트: /home/inhyuk/projects/dataScout/data_us/toss_sector/토스섹터_미국_아침리포트_20260807.html
CSV: /home/inhyuk/projects/dataScout/data_us/toss_sector/toss_sectors_us_20260807.csv
Drive 업로드 완료 → gdrive:BeOn 리서치/시장/토스섹터
텔레그램 발송 완료

--- 텔레그램 본문 미리보기 ---
📈 토스섹터 미국 아침 리포트 08/07
기준 2026-08-06T23:20

▲ 오른 섹터: 조선기자재 +8.0%, 렌터카 +7.2%, 배터리소재 +7.1%, 대마초 +5.0%, 화학원료 +3.7%
▼ 내린 섹터: 자동차부품 -0.2%, 전문점 -0.2%, 탄소저감 -0.2%, 바이오서비스 -0.2%, 음식료 -0.2%

상승 종목(25): IOVA +43.1%, INSM +33.9%, AEVA +28.8%, SITM +26.6%, PAYC +23.6%, VAC +22.6%, CAI +21.6%, CACI +21.4%
하락 종목(25): LZ -30.1%, ATS -26.6%, TRIP -25.5%, APP -19.7%, AGL -19.5%, HUBS -19.1%, DDOG -19.0%, BROS -18.8%

🔎 관심 후보(낙폭+매수의견): LZ -30.1%, APP -19.7%, HUBS -19.1%, DDOG -19.0%, BROS -18.8%, CELH -18.5%, FUN -16.0%, FUBO -15.7%
⭐ 워치리스트: DDOG -19.0%, CLS -13.3%, NBIS -13.3%, SNDK -6.8%, FRPT -6.6%, BHC -6.0%, WIX -5.7%, INOD -5.6%, ALNY -5.5%, SHAK -5.5%
